##############################
Log started on 08/03/2026 02:31:50

08/03/2026 02:31:50: [Help] ************** Channel was created.
08/03/2026 02:31:50: [General] ************** Channel was created.
08/03/2026 02:31:50: [Trade] ************** Channel was created.
08/03/2026 02:31:50: [Looking For Group] ************** Channel was created.
08/03/2026 02:36:50: [General] <119>vaz joined the channel.
##############################
Log started on 08/03/2026 02:58:46

08/03/2026 02:58:46: [Help] ************** Channel was created.
08/03/2026 02:58:46: [General] ************** Channel was created.
08/03/2026 02:58:46: [Trade] ************** Channel was created.
08/03/2026 02:58:46: [Looking For Group] ************** Channel was created.
08/03/2026 02:58:54: [General] <119>vaz joined the channel.
08/03/2026 03:03:08: [General] <119>vaz left the channel.
##############################
Log started on 08/03/2026 06:28:26

08/03/2026 06:28:26: [Help] ************** Channel was created.
08/03/2026 06:28:26: [General] ************** Channel was created.
08/03/2026 06:28:26: [Trade] ************** Channel was created.
08/03/2026 06:28:26: [Looking For Group] ************** Channel was created.
08/03/2026 06:28:30: [General] <119>vaz joined the channel.
##############################
Log started on 08/03/2026 06:36:52

08/03/2026 06:36:52: [Help] ************** Channel was created.
08/03/2026 06:36:52: [General] ************** Channel was created.
08/03/2026 06:36:52: [Trade] ************** Channel was created.
08/03/2026 06:36:52: [Looking For Group] ************** Channel was created.
08/03/2026 06:36:55: [General] <119>vaz joined the channel.
##############################
Log started on 08/03/2026 06:58:14

08/03/2026 06:58:14: [Help] ************** Channel was created.
08/03/2026 06:58:14: [General] ************** Channel was created.
08/03/2026 06:58:14: [Trade] ************** Channel was created.
08/03/2026 06:58:14: [Looking For Group] ************** Channel was created.
08/03/2026 06:58:18: [General] <119>vaz joined the channel.
##############################
Log started on 08/03/2026 15:42:43

08/03/2026 15:42:43: [Help] ************** Channel was created.
08/03/2026 15:42:43: [General] ************** Channel was created.
08/03/2026 15:42:43: [Trade] ************** Channel was created.
08/03/2026 15:42:43: [Looking For Group] ************** Channel was created.
08/03/2026 15:42:50: [General] <119>vaz joined the channel.
08/03/2026 18:52:55: [General] <409>ze joined the channel.
##############################
Log started on 08/03/2026 21:52:52

08/03/2026 21:52:52: [Help] ************** Channel was created.
08/03/2026 21:52:52: [General] ************** Channel was created.
08/03/2026 21:52:52: [Trade] ************** Channel was created.
08/03/2026 21:52:52: [Looking For Group] ************** Channel was created.
08/03/2026 21:53:04: [General] <119>vaz joined the channel.
08/03/2026 21:58:14: [General] <409>ze joined the channel.
09/03/2026 04:46:11: [General] <409>ze left the channel.
09/03/2026 04:46:11: [General] <119>vaz left the channel.
