##############################
Log started on 22/03/2026 06:14:38

22/03/2026 06:14:38: [Help] ************** Channel was created.
22/03/2026 06:14:38: [General] ************** Channel was created.
22/03/2026 06:14:38: [Trade] ************** Channel was created.
22/03/2026 06:14:38: [Looking For Group] ************** Channel was created.
22/03/2026 06:22:19: [General] <119>Vaz joined the channel.
##############################
Log started on 22/03/2026 07:28:20

22/03/2026 07:28:20: [Help] ************** Channel was created.
22/03/2026 07:28:20: [General] ************** Channel was created.
22/03/2026 07:28:20: [Trade] ************** Channel was created.
22/03/2026 07:28:20: [Looking For Group] ************** Channel was created.
##############################
Log started on 22/03/2026 07:30:07

22/03/2026 07:30:07: [Help] ************** Channel was created.
22/03/2026 07:30:07: [General] ************** Channel was created.
22/03/2026 07:30:07: [Trade] ************** Channel was created.
22/03/2026 07:30:07: [Looking For Group] ************** Channel was created.
##############################
Log started on 22/03/2026 07:35:54

22/03/2026 07:35:54: [Help] ************** Channel was created.
22/03/2026 07:35:54: [General] ************** Channel was created.
22/03/2026 07:35:54: [Trade] ************** Channel was created.
22/03/2026 07:35:54: [Looking For Group] ************** Channel was created.
22/03/2026 07:35:59: [General] <119>Vaz joined the channel.
##############################
Log started on 22/03/2026 07:52:36

22/03/2026 07:52:36: [Help] ************** Channel was created.
22/03/2026 07:52:36: [General] ************** Channel was created.
22/03/2026 07:52:36: [Trade] ************** Channel was created.
22/03/2026 07:52:36: [Looking For Group] ************** Channel was created.
22/03/2026 07:52:41: [General] <119>Vaz joined the channel.
22/03/2026 08:05:32: [General] <119>Vaz left the channel.
##############################
Log started on 22/03/2026 08:31:13

22/03/2026 08:31:13: [Help] ************** Channel was created.
22/03/2026 08:31:13: [General] ************** Channel was created.
22/03/2026 08:31:13: [Trade] ************** Channel was created.
22/03/2026 08:31:13: [Looking For Group] ************** Channel was created.
22/03/2026 08:31:17: [General] <119>Vaz joined the channel.
##############################
Log started on 22/03/2026 13:56:43

22/03/2026 13:56:43: [Help] ************** Channel was created.
22/03/2026 13:56:43: [General] ************** Channel was created.
22/03/2026 13:56:43: [Trade] ************** Channel was created.
22/03/2026 13:56:43: [Looking For Group] ************** Channel was created.
22/03/2026 13:56:51: [General] <119>Vaz joined the channel.
##############################
Log started on 22/03/2026 23:22:03

22/03/2026 23:22:03: [Help] ************** Channel was created.
22/03/2026 23:22:03: [General] ************** Channel was created.
22/03/2026 23:22:03: [Trade] ************** Channel was created.
22/03/2026 23:22:03: [Looking For Group] ************** Channel was created.
##############################
Log started on 22/03/2026 23:24:24

22/03/2026 23:24:24: [Help] ************** Channel was created.
22/03/2026 23:24:24: [General] ************** Channel was created.
22/03/2026 23:24:24: [Trade] ************** Channel was created.
22/03/2026 23:24:24: [Looking For Group] ************** Channel was created.
22/03/2026 23:24:30: [General] <119>Vaz joined the channel.
