##############################
Log started on 15/03/2026 04:12:02

15/03/2026 04:12:02: [Help] ************** Channel was created.
15/03/2026 04:12:02: [General] ************** Channel was created.
15/03/2026 04:12:02: [Trade] ************** Channel was created.
15/03/2026 04:12:02: [Looking For Group] ************** Channel was created.
15/03/2026 04:12:15: [General] <119>Sonhador joined the channel.
##############################
Log started on 15/03/2026 04:18:50

15/03/2026 04:18:50: [Help] ************** Channel was created.
15/03/2026 04:18:50: [General] ************** Channel was created.
15/03/2026 04:18:50: [Trade] ************** Channel was created.
15/03/2026 04:18:50: [Looking For Group] ************** Channel was created.
15/03/2026 04:19:03: [General] <119>Sonhador joined the channel.
##############################
Log started on 15/03/2026 04:28:00

15/03/2026 04:28:00: [Help] ************** Channel was created.
15/03/2026 04:28:00: [General] ************** Channel was created.
15/03/2026 04:28:00: [Trade] ************** Channel was created.
15/03/2026 04:28:00: [Looking For Group] ************** Channel was created.
15/03/2026 04:30:41: [General] <119>Sonhador joined the channel.
##############################
Log started on 15/03/2026 04:44:47

15/03/2026 04:44:47: [Help] ************** Channel was created.
15/03/2026 04:44:47: [General] ************** Channel was created.
15/03/2026 04:44:47: [Trade] ************** Channel was created.
15/03/2026 04:44:47: [Looking For Group] ************** Channel was created.
15/03/2026 04:44:53: [General] <119>Sonhador joined the channel.
##############################
Log started on 15/03/2026 05:36:51

15/03/2026 05:36:51: [Help] ************** Channel was created.
15/03/2026 05:36:51: [General] ************** Channel was created.
15/03/2026 05:36:51: [Trade] ************** Channel was created.
15/03/2026 05:36:51: [Looking For Group] ************** Channel was created.
15/03/2026 05:37:06: [General] <119>Sonhador joined the channel.
##############################
Log started on 15/03/2026 05:52:09

15/03/2026 05:52:09: [Help] ************** Channel was created.
15/03/2026 05:52:09: [General] ************** Channel was created.
15/03/2026 05:52:09: [Trade] ************** Channel was created.
15/03/2026 05:52:09: [Looking For Group] ************** Channel was created.
15/03/2026 05:52:14: [General] <119>Sonhador joined the channel.
##############################
Log started on 15/03/2026 06:04:45

15/03/2026 06:04:45: [Help] ************** Channel was created.
15/03/2026 06:04:45: [General] ************** Channel was created.
15/03/2026 06:04:45: [Trade] ************** Channel was created.
15/03/2026 06:04:45: [Looking For Group] ************** Channel was created.
15/03/2026 06:04:56: [General] <119>Sonhador joined the channel.
15/03/2026 09:09:30: [General] <119>Sonhador left the channel.
##############################
Log started on 15/03/2026 13:17:58

15/03/2026 13:17:58: [Help] ************** Channel was created.
15/03/2026 13:17:58: [General] ************** Channel was created.
15/03/2026 13:17:58: [Trade] ************** Channel was created.
15/03/2026 13:17:58: [Looking For Group] ************** Channel was created.
15/03/2026 13:18:01: [General] <119>Sonhador joined the channel.
##############################
Log started on 15/03/2026 13:28:48

15/03/2026 13:28:48: [Help] ************** Channel was created.
15/03/2026 13:28:48: [General] ************** Channel was created.
15/03/2026 13:28:48: [Trade] ************** Channel was created.
15/03/2026 13:28:48: [Looking For Group] ************** Channel was created.
15/03/2026 13:28:54: [General] <119>Sonhador joined the channel.
##############################
Log started on 15/03/2026 13:40:54

15/03/2026 13:40:54: [Help] ************** Channel was created.
15/03/2026 13:40:54: [General] ************** Channel was created.
15/03/2026 13:40:54: [Trade] ************** Channel was created.
15/03/2026 13:40:54: [Looking For Group] ************** Channel was created.
15/03/2026 13:40:57: [General] <119>Sonhador joined the channel.
##############################
Log started on 15/03/2026 13:56:25

15/03/2026 13:56:25: [Help] ************** Channel was created.
15/03/2026 13:56:25: [General] ************** Channel was created.
15/03/2026 13:56:25: [Trade] ************** Channel was created.
15/03/2026 13:56:25: [Looking For Group] ************** Channel was created.
15/03/2026 13:56:27: [General] <119>Sonhador joined the channel.
##############################
Log started on 15/03/2026 13:59:28

15/03/2026 13:59:28: [Help] ************** Channel was created.
15/03/2026 13:59:28: [General] ************** Channel was created.
15/03/2026 13:59:28: [Trade] ************** Channel was created.
15/03/2026 13:59:28: [Looking For Group] ************** Channel was created.
15/03/2026 13:59:31: [General] <119>Sonhador joined the channel.
##############################
Log started on 15/03/2026 14:05:26

15/03/2026 14:05:26: [Help] ************** Channel was created.
15/03/2026 14:05:26: [General] ************** Channel was created.
15/03/2026 14:05:26: [Trade] ************** Channel was created.
15/03/2026 14:05:26: [Looking For Group] ************** Channel was created.
15/03/2026 14:05:31: [General] <119>Sonhador joined the channel.
##############################
Log started on 15/03/2026 15:12:52

15/03/2026 15:12:52: [Help] ************** Channel was created.
15/03/2026 15:12:52: [General] ************** Channel was created.
15/03/2026 15:12:52: [Trade] ************** Channel was created.
15/03/2026 15:12:52: [Looking For Group] ************** Channel was created.
15/03/2026 15:12:56: [General] <119>Sonhador joined the channel.
##############################
Log started on 15/03/2026 16:05:08

15/03/2026 16:05:08: [Help] ************** Channel was created.
15/03/2026 16:05:08: [General] ************** Channel was created.
15/03/2026 16:05:08: [Trade] ************** Channel was created.
15/03/2026 16:05:08: [Looking For Group] ************** Channel was created.
15/03/2026 16:05:39: [General] <119>Sonhador joined the channel.
##############################
Log started on 15/03/2026 16:09:54

15/03/2026 16:09:54: [Help] ************** Channel was created.
15/03/2026 16:09:54: [General] ************** Channel was created.
15/03/2026 16:09:54: [Trade] ************** Channel was created.
15/03/2026 16:09:54: [Looking For Group] ************** Channel was created.
15/03/2026 16:10:32: [General] <119>Sonhador joined the channel.
##############################
Log started on 15/03/2026 16:53:57

15/03/2026 16:53:57: [Help] ************** Channel was created.
15/03/2026 16:53:57: [General] ************** Channel was created.
15/03/2026 16:53:57: [Trade] ************** Channel was created.
15/03/2026 16:53:57: [Looking For Group] ************** Channel was created.
15/03/2026 16:54:00: [General] <119>Sonhador joined the channel.
##############################
Log started on 15/03/2026 17:35:10

15/03/2026 17:35:10: [Help] ************** Channel was created.
15/03/2026 17:35:10: [General] ************** Channel was created.
15/03/2026 17:35:10: [Trade] ************** Channel was created.
15/03/2026 17:35:10: [Looking For Group] ************** Channel was created.
15/03/2026 17:35:24: [General] <119>Sonhador joined the channel.
##############################
Log started on 15/03/2026 18:06:00

15/03/2026 18:06:00: [Help] ************** Channel was created.
15/03/2026 18:06:00: [General] ************** Channel was created.
15/03/2026 18:06:00: [Trade] ************** Channel was created.
15/03/2026 18:06:00: [Looking For Group] ************** Channel was created.
15/03/2026 18:07:01: [General] <119>Sonhador joined the channel.
