##############################
Log started on 18/02/2026 03:10:55

18/02/2026 03:10:55: [Help] ************** Channel was created.
18/02/2026 03:10:55: [General] ************** Channel was created.
18/02/2026 03:10:55: [Trade] ************** Channel was created.
18/02/2026 03:10:55: [Looking For Group] ************** Channel was created.
18/02/2026 03:11:00: [General] <120>vaz joined the channel.
##############################
Log started on 18/02/2026 03:26:57

18/02/2026 03:26:57: [Help] ************** Channel was created.
18/02/2026 03:26:57: [General] ************** Channel was created.
18/02/2026 03:26:57: [Trade] ************** Channel was created.
18/02/2026 03:26:57: [Looking For Group] ************** Channel was created.
18/02/2026 03:27:02: [General] <120>vaz joined the channel.
##############################
Log started on 18/02/2026 03:31:06

18/02/2026 03:31:06: [Help] ************** Channel was created.
18/02/2026 03:31:06: [General] ************** Channel was created.
18/02/2026 03:31:06: [Trade] ************** Channel was created.
18/02/2026 03:31:06: [Looking For Group] ************** Channel was created.
18/02/2026 03:31:16: [General] <120>vaz joined the channel.
##############################
Log started on 18/02/2026 03:41:24

18/02/2026 03:41:24: [Help] ************** Channel was created.
18/02/2026 03:41:24: [General] ************** Channel was created.
18/02/2026 03:41:24: [Trade] ************** Channel was created.
18/02/2026 03:41:24: [Looking For Group] ************** Channel was created.
18/02/2026 03:41:41: [General] <120>vaz joined the channel.
##############################
Log started on 18/02/2026 06:32:28

18/02/2026 06:32:28: [Help] ************** Channel was created.
18/02/2026 06:32:28: [General] ************** Channel was created.
18/02/2026 06:32:28: [Trade] ************** Channel was created.
18/02/2026 06:32:28: [Looking For Group] ************** Channel was created.
18/02/2026 06:32:52: [General] <119>Sonhador joined the channel.
18/02/2026 06:38:14: [General] <119>Sonhador left the channel.
##############################
Log started on 18/02/2026 14:42:08

18/02/2026 14:42:08: [Help] ************** Channel was created.
18/02/2026 14:42:08: [General] ************** Channel was created.
18/02/2026 14:42:08: [Trade] ************** Channel was created.
18/02/2026 14:42:08: [Looking For Group] ************** Channel was created.
18/02/2026 14:42:13: [General] <120>vaz joined the channel.
18/02/2026 14:43:29: [General] <120>vaz left the channel.
##############################
Log started on 18/02/2026 14:45:25

18/02/2026 14:45:25: [Help] ************** Channel was created.
18/02/2026 14:45:25: [General] ************** Channel was created.
18/02/2026 14:45:25: [Trade] ************** Channel was created.
18/02/2026 14:45:25: [Looking For Group] ************** Channel was created.
18/02/2026 14:45:27: [General] <120>vaz joined the channel.
##############################
Log started on 18/02/2026 18:20:56

18/02/2026 18:20:56: [Help] ************** Channel was created.
18/02/2026 18:20:56: [General] ************** Channel was created.
18/02/2026 18:20:56: [Trade] ************** Channel was created.
18/02/2026 18:20:56: [Looking For Group] ************** Channel was created.
18/02/2026 18:21:31: [General] <120>vaz joined the channel.
##############################
Log started on 18/02/2026 18:41:27

18/02/2026 18:41:27: [Help] ************** Channel was created.
18/02/2026 18:41:27: [General] ************** Channel was created.
18/02/2026 18:41:27: [Trade] ************** Channel was created.
18/02/2026 18:41:27: [Looking For Group] ************** Channel was created.
18/02/2026 18:41:36: [General] <120>vaz joined the channel.
18/02/2026 18:43:56: [General] <120>vaz left the channel.
##############################
Log started on 18/02/2026 19:31:07

18/02/2026 19:31:07: [Help] ************** Channel was created.
18/02/2026 19:31:07: [General] ************** Channel was created.
18/02/2026 19:31:07: [Trade] ************** Channel was created.
18/02/2026 19:31:07: [Looking For Group] ************** Channel was created.
18/02/2026 19:31:10: [General] <120>vaz joined the channel.
##############################
Log started on 18/02/2026 23:14:15

18/02/2026 23:14:15: [Help] ************** Channel was created.
18/02/2026 23:14:15: [General] ************** Channel was created.
18/02/2026 23:14:15: [Trade] ************** Channel was created.
18/02/2026 23:14:15: [Looking For Group] ************** Channel was created.
18/02/2026 23:14:31: [General] <120>vaz joined the channel.
##############################
Log started on 18/02/2026 23:30:54

18/02/2026 23:30:54: [Help] ************** Channel was created.
18/02/2026 23:30:54: [General] ************** Channel was created.
18/02/2026 23:30:54: [Trade] ************** Channel was created.
18/02/2026 23:30:54: [Looking For Group] ************** Channel was created.
18/02/2026 23:31:00: [General] <120>vaz joined the channel.
##############################
Log started on 18/02/2026 23:33:09

18/02/2026 23:33:09: [Help] ************** Channel was created.
18/02/2026 23:33:09: [General] ************** Channel was created.
18/02/2026 23:33:09: [Trade] ************** Channel was created.
18/02/2026 23:33:09: [Looking For Group] ************** Channel was created.
18/02/2026 23:33:17: [General] <120>vaz joined the channel.
##############################
Log started on 18/02/2026 23:35:48

18/02/2026 23:35:48: [Help] ************** Channel was created.
18/02/2026 23:35:48: [General] ************** Channel was created.
18/02/2026 23:35:48: [Trade] ************** Channel was created.
18/02/2026 23:35:48: [Looking For Group] ************** Channel was created.
18/02/2026 23:36:29: [General] <120>vaz joined the channel.
##############################
Log started on 18/02/2026 23:38:52

18/02/2026 23:38:52: [Help] ************** Channel was created.
18/02/2026 23:38:52: [General] ************** Channel was created.
18/02/2026 23:38:52: [Trade] ************** Channel was created.
18/02/2026 23:38:52: [Looking For Group] ************** Channel was created.
18/02/2026 23:38:55: [General] <120>vaz joined the channel.
##############################
Log started on 18/02/2026 23:40:56

18/02/2026 23:40:56: [Help] ************** Channel was created.
18/02/2026 23:40:56: [General] ************** Channel was created.
18/02/2026 23:40:56: [Trade] ************** Channel was created.
18/02/2026 23:40:56: [Looking For Group] ************** Channel was created.
18/02/2026 23:41:00: [General] <120>vaz joined the channel.
##############################
Log started on 18/02/2026 23:47:07

18/02/2026 23:47:07: [Help] ************** Channel was created.
18/02/2026 23:47:07: [General] ************** Channel was created.
18/02/2026 23:47:07: [Trade] ************** Channel was created.
18/02/2026 23:47:07: [Looking For Group] ************** Channel was created.
18/02/2026 23:47:18: [General] <120>vaz joined the channel.
##############################
Log started on 18/02/2026 23:50:54

18/02/2026 23:50:54: [Help] ************** Channel was created.
18/02/2026 23:50:54: [General] ************** Channel was created.
18/02/2026 23:50:54: [Trade] ************** Channel was created.
18/02/2026 23:50:54: [Looking For Group] ************** Channel was created.
18/02/2026 23:50:59: [General] <120>vaz joined the channel.
##############################
Log started on 18/02/2026 23:53:19

18/02/2026 23:53:19: [Help] ************** Channel was created.
18/02/2026 23:53:19: [General] ************** Channel was created.
18/02/2026 23:53:19: [Trade] ************** Channel was created.
18/02/2026 23:53:19: [Looking For Group] ************** Channel was created.
18/02/2026 23:53:22: [General] <120>vaz joined the channel.
##############################
Log started on 18/02/2026 23:57:26

18/02/2026 23:57:26: [Help] ************** Channel was created.
18/02/2026 23:57:26: [General] ************** Channel was created.
18/02/2026 23:57:26: [Trade] ************** Channel was created.
18/02/2026 23:57:26: [Looking For Group] ************** Channel was created.
18/02/2026 23:57:30: [General] <120>vaz joined the channel.
