##############################
Log started on 04/03/2026 01:54:21

04/03/2026 01:54:21: [Help] ************** Channel was created.
04/03/2026 01:54:21: [General] ************** Channel was created.
04/03/2026 01:54:21: [Trade] ************** Channel was created.
04/03/2026 01:54:21: [Looking For Group] ************** Channel was created.
04/03/2026 01:54:37: [General] <119>vaz joined the channel.
##############################
Log started on 04/03/2026 12:38:21

04/03/2026 12:38:21: [Help] ************** Channel was created.
04/03/2026 12:38:21: [General] ************** Channel was created.
04/03/2026 12:38:21: [Trade] ************** Channel was created.
04/03/2026 12:38:21: [Looking For Group] ************** Channel was created.
04/03/2026 12:38:57: [General] <119>vaz joined the channel.
##############################
Log started on 04/03/2026 14:01:15

04/03/2026 14:01:15: [Help] ************** Channel was created.
04/03/2026 14:01:15: [General] ************** Channel was created.
04/03/2026 14:01:15: [Trade] ************** Channel was created.
04/03/2026 14:01:15: [Looking For Group] ************** Channel was created.
04/03/2026 14:02:22: [General] <119>vaz joined the channel.
04/03/2026 14:08:33: [General] <119>vaz left the channel.
04/03/2026 14:08:38: [General] <119>vaz joined the channel.
04/03/2026 14:08:41: [General] <119>vaz left the channel.
##############################
Log started on 04/03/2026 14:26:59

04/03/2026 14:26:59: [Help] ************** Channel was created.
04/03/2026 14:26:59: [General] ************** Channel was created.
04/03/2026 14:26:59: [Trade] ************** Channel was created.
04/03/2026 14:26:59: [Looking For Group] ************** Channel was created.
04/03/2026 14:27:06: [General] <119>vaz joined the channel.
##############################
Log started on 04/03/2026 18:08:29

04/03/2026 18:08:29: [Help] ************** Channel was created.
04/03/2026 18:08:29: [General] ************** Channel was created.
04/03/2026 18:08:29: [Trade] ************** Channel was created.
04/03/2026 18:08:29: [Looking For Group] ************** Channel was created.
##############################
Log started on 04/03/2026 18:09:22

04/03/2026 18:09:22: [Help] ************** Channel was created.
04/03/2026 18:09:22: [General] ************** Channel was created.
04/03/2026 18:09:22: [Trade] ************** Channel was created.
04/03/2026 18:09:22: [Looking For Group] ************** Channel was created.
04/03/2026 18:09:25: [General] <119>vaz joined the channel.
##############################
Log started on 04/03/2026 19:16:49

04/03/2026 19:16:49: [Help] ************** Channel was created.
04/03/2026 19:16:49: [General] ************** Channel was created.
04/03/2026 19:16:49: [Trade] ************** Channel was created.
04/03/2026 19:16:49: [Looking For Group] ************** Channel was created.
##############################
Log started on 04/03/2026 19:17:01

04/03/2026 19:17:01: [Help] ************** Channel was created.
04/03/2026 19:17:01: [General] ************** Channel was created.
04/03/2026 19:17:01: [Trade] ************** Channel was created.
04/03/2026 19:17:01: [Looking For Group] ************** Channel was created.
04/03/2026 19:17:07: [General] <119>vaz joined the channel.
##############################
Log started on 04/03/2026 19:22:02

04/03/2026 19:22:02: [Help] ************** Channel was created.
04/03/2026 19:22:02: [General] ************** Channel was created.
04/03/2026 19:22:02: [Trade] ************** Channel was created.
04/03/2026 19:22:02: [Looking For Group] ************** Channel was created.
04/03/2026 19:22:17: [General] <119>vaz joined the channel.
##############################
Log started on 04/03/2026 22:43:32

04/03/2026 22:43:32: [Help] ************** Channel was created.
04/03/2026 22:43:32: [General] ************** Channel was created.
04/03/2026 22:43:32: [Trade] ************** Channel was created.
04/03/2026 22:43:32: [Looking For Group] ************** Channel was created.
04/03/2026 22:43:38: [General] <119>vaz joined the channel.
##############################
Log started on 04/03/2026 22:54:09

04/03/2026 22:54:09: [Help] ************** Channel was created.
04/03/2026 22:54:09: [General] ************** Channel was created.
04/03/2026 22:54:09: [Trade] ************** Channel was created.
04/03/2026 22:54:09: [Looking For Group] ************** Channel was created.
04/03/2026 22:55:45: [General] <119>vaz joined the channel.
##############################
Log started on 04/03/2026 22:59:05

04/03/2026 22:59:05: [Help] ************** Channel was created.
04/03/2026 22:59:05: [General] ************** Channel was created.
04/03/2026 22:59:05: [Trade] ************** Channel was created.
04/03/2026 22:59:05: [Looking For Group] ************** Channel was created.
04/03/2026 22:59:23: [General] <119>vaz joined the channel.
##############################
Log started on 04/03/2026 23:12:57

04/03/2026 23:12:57: [Help] ************** Channel was created.
04/03/2026 23:12:58: [General] ************** Channel was created.
04/03/2026 23:12:58: [Trade] ************** Channel was created.
04/03/2026 23:12:58: [Looking For Group] ************** Channel was created.
04/03/2026 23:13:02: [General] <119>vaz joined the channel.
##############################
Log started on 04/03/2026 23:16:46

04/03/2026 23:16:46: [Help] ************** Channel was created.
04/03/2026 23:16:46: [General] ************** Channel was created.
04/03/2026 23:16:46: [Trade] ************** Channel was created.
04/03/2026 23:16:46: [Looking For Group] ************** Channel was created.
04/03/2026 23:17:25: [General] <119>vaz joined the channel.
