##############################
Log started on 25/03/2026 13:34:24

25/03/2026 13:34:24: [Help] ************** Channel was created.
25/03/2026 13:34:24: [General] ************** Channel was created.
25/03/2026 13:34:24: [Trade] ************** Channel was created.
25/03/2026 13:34:24: [Looking For Group] ************** Channel was created.
25/03/2026 13:34:35: [General] <119>Vaz joined the channel.
25/03/2026 13:35:53: [General] <119>Vaz left the channel.
##############################
Log started on 25/03/2026 15:02:42

25/03/2026 15:02:42: [Help] ************** Channel was created.
25/03/2026 15:02:42: [General] ************** Channel was created.
25/03/2026 15:02:42: [Trade] ************** Channel was created.
25/03/2026 15:02:42: [Looking For Group] ************** Channel was created.
25/03/2026 15:02:45: [General] <119>Vaz joined the channel.
##############################
Log started on 25/03/2026 15:32:35

25/03/2026 15:32:35: [Help] ************** Channel was created.
25/03/2026 15:32:35: [General] ************** Channel was created.
25/03/2026 15:32:35: [Trade] ************** Channel was created.
25/03/2026 15:32:35: [Looking For Group] ************** Channel was created.
##############################
Log started on 25/03/2026 15:43:10

25/03/2026 15:43:10: [Help] ************** Channel was created.
25/03/2026 15:43:10: [General] ************** Channel was created.
25/03/2026 15:43:10: [Trade] ************** Channel was created.
25/03/2026 15:43:10: [Looking For Group] ************** Channel was created.
25/03/2026 15:43:12: [General] <119>Vaz joined the channel.
##############################
Log started on 25/03/2026 15:46:51

25/03/2026 15:46:51: [Help] ************** Channel was created.
25/03/2026 15:46:51: [General] ************** Channel was created.
25/03/2026 15:46:51: [Trade] ************** Channel was created.
25/03/2026 15:46:51: [Looking For Group] ************** Channel was created.
25/03/2026 15:47:55: [General] <119>Vaz joined the channel.
##############################
Log started on 25/03/2026 15:50:47

25/03/2026 15:50:47: [Help] ************** Channel was created.
25/03/2026 15:50:47: [General] ************** Channel was created.
25/03/2026 15:50:47: [Trade] ************** Channel was created.
25/03/2026 15:50:47: [Looking For Group] ************** Channel was created.
25/03/2026 15:50:52: [General] <119>Vaz joined the channel.
##############################
Log started on 25/03/2026 15:52:52

25/03/2026 15:52:52: [Help] ************** Channel was created.
25/03/2026 15:52:52: [General] ************** Channel was created.
25/03/2026 15:52:52: [Trade] ************** Channel was created.
25/03/2026 15:52:52: [Looking For Group] ************** Channel was created.
25/03/2026 15:52:54: [General] <119>Vaz joined the channel.
##############################
Log started on 25/03/2026 15:55:03

25/03/2026 15:55:03: [Help] ************** Channel was created.
25/03/2026 15:55:03: [General] ************** Channel was created.
25/03/2026 15:55:03: [Trade] ************** Channel was created.
25/03/2026 15:55:03: [Looking For Group] ************** Channel was created.
25/03/2026 15:55:05: [General] <119>Vaz joined the channel.
