##############################
Log started on 28/01/2026 00:29:31

28/01/2026 00:29:31: [Help] ************** Channel was created.
28/01/2026 00:29:31: [General] ************** Channel was created.
28/01/2026 00:29:31: [Trade] ************** Channel was created.
28/01/2026 00:29:31: [Looking For Group] ************** Channel was created.
28/01/2026 00:29:36: [General] <119>Vaz joined the channel.
28/01/2026 00:29:58: [General] <120>teste joined the channel.
##############################
Log started on 28/01/2026 01:14:46

28/01/2026 01:14:46: [Help] ************** Channel was created.
28/01/2026 01:14:46: [General] ************** Channel was created.
28/01/2026 01:14:46: [Trade] ************** Channel was created.
28/01/2026 01:14:46: [Looking For Group] ************** Channel was created.
28/01/2026 01:14:54: [General] <119>Vaz joined the channel.
28/01/2026 01:15:22: [General] <120>Teste joined the channel.
##############################
Log started on 28/01/2026 01:53:14

28/01/2026 01:53:14: [Help] ************** Channel was created.
28/01/2026 01:53:14: [General] ************** Channel was created.
28/01/2026 01:53:14: [Trade] ************** Channel was created.
28/01/2026 01:53:14: [Looking For Group] ************** Channel was created.
28/01/2026 01:53:25: [General] <120>Sonhador joined the channel.
##############################
Log started on 28/01/2026 02:13:40

28/01/2026 02:13:40: [Help] ************** Channel was created.
28/01/2026 02:13:40: [General] ************** Channel was created.
28/01/2026 02:13:40: [Trade] ************** Channel was created.
28/01/2026 02:13:40: [Looking For Group] ************** Channel was created.
28/01/2026 02:13:55: [General] <409>ze joined the channel.
##############################
Log started on 28/01/2026 02:28:16

28/01/2026 02:28:16: [Help] ************** Channel was created.
28/01/2026 02:28:16: [General] ************** Channel was created.
28/01/2026 02:28:16: [Trade] ************** Channel was created.
28/01/2026 02:28:16: [Looking For Group] ************** Channel was created.
28/01/2026 02:28:24: [General] <119>Vaz joined the channel.
28/01/2026 02:28:28: [General] <119>Vaz left the channel.
28/01/2026 02:28:34: [General] <120>Sonhador joined the channel.
##############################
Log started on 28/01/2026 04:25:03

28/01/2026 04:25:03: [Help] ************** Channel was created.
28/01/2026 04:25:03: [General] ************** Channel was created.
28/01/2026 04:25:03: [Trade] ************** Channel was created.
28/01/2026 04:25:03: [Looking For Group] ************** Channel was created.
28/01/2026 04:25:20: [General] <119>teste joined the channel.
28/01/2026 04:25:42: [General] <120>vaz joined the channel.
##############################
Log started on 28/01/2026 05:27:03

28/01/2026 05:27:03: [Help] ************** Channel was created.
28/01/2026 05:27:03: [General] ************** Channel was created.
28/01/2026 05:27:03: [Trade] ************** Channel was created.
28/01/2026 05:27:03: [Looking For Group] ************** Channel was created.
28/01/2026 05:27:05: [General] <120>vaz joined the channel.
28/01/2026 05:27:21: [General] <120>vaz left the channel.
28/01/2026 05:27:24: [General] <119>Sonhador joined the channel.
28/01/2026 05:27:59: [General] <119>Sonhador left the channel.
##############################
Log started on 28/01/2026 05:38:34

28/01/2026 05:38:34: [Help] ************** Channel was created.
28/01/2026 05:38:34: [General] ************** Channel was created.
28/01/2026 05:38:34: [Trade] ************** Channel was created.
28/01/2026 05:38:34: [Looking For Group] ************** Channel was created.
28/01/2026 05:38:42: [General] <120>vaz joined the channel.
28/01/2026 05:39:00: [General] <119>Sonhador joined the channel.
##############################
Log started on 28/01/2026 06:01:17

28/01/2026 06:01:17: [Help] ************** Channel was created.
28/01/2026 06:01:17: [General] ************** Channel was created.
28/01/2026 06:01:17: [Trade] ************** Channel was created.
28/01/2026 06:01:17: [Looking For Group] ************** Channel was created.
28/01/2026 06:01:27: [General] <119>Sonhador joined the channel.
##############################
Log started on 28/01/2026 06:05:46

28/01/2026 06:05:46: [Help] ************** Channel was created.
28/01/2026 06:05:46: [General] ************** Channel was created.
28/01/2026 06:05:46: [Trade] ************** Channel was created.
28/01/2026 06:05:46: [Looking For Group] ************** Channel was created.
28/01/2026 06:05:51: [General] <119>Sonhador joined the channel.
##############################
Log started on 28/01/2026 06:22:57

28/01/2026 06:22:57: [Help] ************** Channel was created.
28/01/2026 06:22:57: [General] ************** Channel was created.
28/01/2026 06:22:57: [Trade] ************** Channel was created.
28/01/2026 06:22:57: [Looking For Group] ************** Channel was created.
28/01/2026 06:23:08: [General] <119>Sonhador joined the channel.
##############################
Log started on 28/01/2026 07:47:18

28/01/2026 07:47:18: [Help] ************** Channel was created.
28/01/2026 07:47:18: [General] ************** Channel was created.
28/01/2026 07:47:18: [Trade] ************** Channel was created.
28/01/2026 07:47:18: [Looking For Group] ************** Channel was created.
28/01/2026 07:47:42: [General] <120>vaz joined the channel.
28/01/2026 07:51:10: [General] <120>vaz left the channel.
28/01/2026 07:51:15: [General] <119>Sonhador joined the channel.
##############################
Log started on 28/01/2026 08:04:36

28/01/2026 08:04:36: [Help] ************** Channel was created.
28/01/2026 08:04:36: [General] ************** Channel was created.
28/01/2026 08:04:36: [Trade] ************** Channel was created.
28/01/2026 08:04:36: [Looking For Group] ************** Channel was created.
28/01/2026 08:05:35: [General] <119>Sonhador joined the channel.
##############################
Log started on 28/01/2026 15:13:59

28/01/2026 15:13:59: [Help] ************** Channel was created.
28/01/2026 15:13:59: [General] ************** Channel was created.
28/01/2026 15:13:59: [Trade] ************** Channel was created.
28/01/2026 15:13:59: [Looking For Group] ************** Channel was created.
28/01/2026 15:21:20: [General] <119>Sonhador joined the channel.
##############################
Log started on 28/01/2026 15:30:03

28/01/2026 15:30:03: [Help] ************** Channel was created.
28/01/2026 15:30:03: [General] ************** Channel was created.
28/01/2026 15:30:03: [Trade] ************** Channel was created.
28/01/2026 15:30:03: [Looking For Group] ************** Channel was created.
28/01/2026 15:30:12: [General] <119>Sonhador joined the channel.
##############################
Log started on 28/01/2026 16:29:23

28/01/2026 16:29:23: [Help] ************** Channel was created.
28/01/2026 16:29:23: [General] ************** Channel was created.
28/01/2026 16:29:23: [Trade] ************** Channel was created.
28/01/2026 16:29:23: [Looking For Group] ************** Channel was created.
28/01/2026 16:29:30: [General] <119>Sonhador joined the channel.
28/01/2026 16:35:49: [General] <119>Sonhador left the channel.
##############################
Log started on 28/01/2026 16:48:57

28/01/2026 16:48:57: [Help] ************** Channel was created.
28/01/2026 16:48:57: [General] ************** Channel was created.
28/01/2026 16:48:57: [Trade] ************** Channel was created.
28/01/2026 16:48:57: [Looking For Group] ************** Channel was created.
##############################
Log started on 28/01/2026 18:16:16

28/01/2026 18:16:16: [Help] ************** Channel was created.
28/01/2026 18:16:16: [General] ************** Channel was created.
28/01/2026 18:16:16: [Trade] ************** Channel was created.
28/01/2026 18:16:16: [Looking For Group] ************** Channel was created.
28/01/2026 18:16:23: [General] <119>Sonhador joined the channel.
##############################
Log started on 28/01/2026 19:08:15

28/01/2026 19:08:15: [Help] ************** Channel was created.
28/01/2026 19:08:15: [General] ************** Channel was created.
28/01/2026 19:08:15: [Trade] ************** Channel was created.
28/01/2026 19:08:15: [Looking For Group] ************** Channel was created.
28/01/2026 19:08:19: [General] <119>Sonhador joined the channel.
28/01/2026 19:09:05: [General] <119>Sonhador left the channel.
##############################
Log started on 28/01/2026 19:20:46

28/01/2026 19:20:46: [Help] ************** Channel was created.
28/01/2026 19:20:46: [General] ************** Channel was created.
28/01/2026 19:20:46: [Trade] ************** Channel was created.
28/01/2026 19:20:46: [Looking For Group] ************** Channel was created.
28/01/2026 19:20:49: [General] <119>Sonhador joined the channel.
##############################
Log started on 28/01/2026 19:52:16

28/01/2026 19:52:16: [Help] ************** Channel was created.
28/01/2026 19:52:16: [General] ************** Channel was created.
28/01/2026 19:52:16: [Trade] ************** Channel was created.
28/01/2026 19:52:16: [Looking For Group] ************** Channel was created.
28/01/2026 19:53:15: [General] <119>Sonhador joined the channel.
##############################
Log started on 28/01/2026 20:14:24

28/01/2026 20:14:24: [Help] ************** Channel was created.
28/01/2026 20:14:24: [General] ************** Channel was created.
28/01/2026 20:14:24: [Trade] ************** Channel was created.
28/01/2026 20:14:24: [Looking For Group] ************** Channel was created.
28/01/2026 20:14:36: [General] <119>Sonhador joined the channel.
##############################
Log started on 28/01/2026 20:18:32

28/01/2026 20:18:32: [Help] ************** Channel was created.
28/01/2026 20:18:32: [General] ************** Channel was created.
28/01/2026 20:18:32: [Trade] ************** Channel was created.
28/01/2026 20:18:32: [Looking For Group] ************** Channel was created.
28/01/2026 20:18:45: [General] <119>Sonhador joined the channel.
##############################
Log started on 28/01/2026 20:47:15

28/01/2026 20:47:15: [Help] ************** Channel was created.
28/01/2026 20:47:15: [General] ************** Channel was created.
28/01/2026 20:47:15: [Trade] ************** Channel was created.
28/01/2026 20:47:15: [Looking For Group] ************** Channel was created.
28/01/2026 20:48:48: [General] <119>Sonhador joined the channel.
##############################
Log started on 28/01/2026 21:41:32

28/01/2026 21:41:32: [Help] ************** Channel was created.
28/01/2026 21:41:32: [General] ************** Channel was created.
28/01/2026 21:41:32: [Trade] ************** Channel was created.
28/01/2026 21:41:32: [Looking For Group] ************** Channel was created.
28/01/2026 21:41:47: [General] <120>vaz joined the channel.
28/01/2026 21:42:17: [General] <120>vaz left the channel.
28/01/2026 21:42:23: [General] <119>Sonhador joined the channel.
##############################
Log started on 28/01/2026 22:03:39

28/01/2026 22:03:39: [Help] ************** Channel was created.
28/01/2026 22:03:39: [General] ************** Channel was created.
28/01/2026 22:03:39: [Trade] ************** Channel was created.
28/01/2026 22:03:39: [Looking For Group] ************** Channel was created.
