##############################
Log started on 14/01/2026 04:04:49

14/01/2026 04:04:49: [Help] ************** Channel was created.
14/01/2026 04:04:49: [General] ************** Channel was created.
14/01/2026 04:04:49: [Trade] ************** Channel was created.
14/01/2026 04:04:49: [Looking For Group] ************** Channel was created.
14/01/2026 04:04:52: [General] <116>vaz joined the channel.
14/01/2026 04:06:15: [General] <405>ze joined the channel.
14/01/2026 04:09:18: [General] <116>vaz left the channel.
##############################
Log started on 14/01/2026 04:22:58

14/01/2026 04:22:58: [Help] ************** Channel was created.
14/01/2026 04:22:58: [General] ************** Channel was created.
14/01/2026 04:22:58: [Trade] ************** Channel was created.
14/01/2026 04:22:58: [Looking For Group] ************** Channel was created.
14/01/2026 04:23:02: [General] <116>vaz joined the channel.
14/01/2026 04:23:12: [General] <405>ze joined the channel.
14/01/2026 04:31:31: [General] <116>vaz left the channel.
14/01/2026 04:31:35: [General] <405>ze left the channel.
##############################
Log started on 14/01/2026 19:06:04

14/01/2026 19:06:04: [Help] ************** Channel was created.
14/01/2026 19:06:04: [General] ************** Channel was created.
14/01/2026 19:06:04: [Trade] ************** Channel was created.
14/01/2026 19:06:04: [Looking For Group] ************** Channel was created.
14/01/2026 19:06:08: [General] <116>vaz joined the channel.
14/01/2026 19:06:19: [General] <405>ze joined the channel.
##############################
Log started on 14/01/2026 19:32:47

14/01/2026 19:32:47: [Help] ************** Channel was created.
14/01/2026 19:32:47: [General] ************** Channel was created.
14/01/2026 19:32:47: [Trade] ************** Channel was created.
14/01/2026 19:32:47: [Looking For Group] ************** Channel was created.
14/01/2026 19:33:39: [General] <116>vaz joined the channel.
14/01/2026 19:33:55: [General] <405>ze joined the channel.
14/01/2026 19:46:13: [General] <116>vaz left the channel.
14/01/2026 19:46:15: [General] <405>ze left the channel.
##############################
Log started on 14/01/2026 20:26:38

14/01/2026 20:26:38: [Help] ************** Channel was created.
14/01/2026 20:26:38: [General] ************** Channel was created.
14/01/2026 20:26:38: [Trade] ************** Channel was created.
14/01/2026 20:26:38: [Looking For Group] ************** Channel was created.
14/01/2026 20:27:03: [General] <116>vaz joined the channel.
14/01/2026 20:27:26: [General] <405>tester joined the channel.
14/01/2026 20:28:54: [General] <116>vaz left the channel.
14/01/2026 20:29:02: [General] <405>tester left the channel.
