##############################
Log started on 11/03/2026 00:11:36

11/03/2026 00:11:36: [Help] ************** Channel was created.
11/03/2026 00:11:36: [General] ************** Channel was created.
11/03/2026 00:11:36: [Trade] ************** Channel was created.
11/03/2026 00:11:36: [Looking For Group] ************** Channel was created.
11/03/2026 00:12:03: [General] <409>Zé joined the channel.
11/03/2026 00:12:19: [General] <119>vaz joined the channel.
##############################
Log started on 11/03/2026 01:02:28

11/03/2026 01:02:28: [Help] ************** Channel was created.
11/03/2026 01:02:28: [General] ************** Channel was created.
11/03/2026 01:02:28: [Trade] ************** Channel was created.
11/03/2026 01:02:28: [Looking For Group] ************** Channel was created.
11/03/2026 01:26:34: [General] <409>Zé joined the channel.
11/03/2026 01:26:39: [General] <119>vaz joined the channel.
##############################
Log started on 11/03/2026 01:40:10

11/03/2026 01:40:10: [Help] ************** Channel was created.
11/03/2026 01:40:10: [General] ************** Channel was created.
11/03/2026 01:40:10: [Trade] ************** Channel was created.
11/03/2026 01:40:10: [Looking For Group] ************** Channel was created.
11/03/2026 01:40:55: [General] <119>vaz joined the channel.
11/03/2026 01:41:01: [General] <409>Zé joined the channel.
##############################
Log started on 11/03/2026 03:02:45

11/03/2026 03:02:45: [Help] ************** Channel was created.
11/03/2026 03:02:45: [General] ************** Channel was created.
11/03/2026 03:02:45: [Trade] ************** Channel was created.
11/03/2026 03:02:45: [Looking For Group] ************** Channel was created.
11/03/2026 03:02:51: [General] <409>Zé joined the channel.
##############################
Log started on 11/03/2026 03:04:17

11/03/2026 03:04:17: [Help] ************** Channel was created.
11/03/2026 03:04:17: [General] ************** Channel was created.
11/03/2026 03:04:17: [Trade] ************** Channel was created.
11/03/2026 03:04:17: [Looking For Group] ************** Channel was created.
11/03/2026 03:04:21: [General] <119>vaz joined the channel.
11/03/2026 03:04:27: [General] <409>Zé joined the channel.
##############################
Log started on 11/03/2026 03:07:42

11/03/2026 03:07:42: [Help] ************** Channel was created.
11/03/2026 03:07:42: [General] ************** Channel was created.
11/03/2026 03:07:42: [Trade] ************** Channel was created.
11/03/2026 03:07:42: [Looking For Group] ************** Channel was created.
11/03/2026 03:07:47: [General] <409>Zé joined the channel.
11/03/2026 03:08:00: [General] <119>vaz joined the channel.
##############################
Log started on 11/03/2026 04:00:13

11/03/2026 04:00:13: [Help] ************** Channel was created.
11/03/2026 04:00:13: [General] ************** Channel was created.
11/03/2026 04:00:13: [Trade] ************** Channel was created.
11/03/2026 04:00:13: [Looking For Group] ************** Channel was created.
11/03/2026 04:00:17: [General] <119>vaz joined the channel.
11/03/2026 04:00:31: [General] <409>Zé joined the channel.
11/03/2026 04:23:59: [General] <119>vaz left the channel.
##############################
Log started on 11/03/2026 05:03:16

11/03/2026 05:03:16: [Help] ************** Channel was created.
11/03/2026 05:03:16: [General] ************** Channel was created.
11/03/2026 05:03:16: [Trade] ************** Channel was created.
11/03/2026 05:03:16: [Looking For Group] ************** Channel was created.
11/03/2026 05:03:24: [General] <409>Zé joined the channel.
11/03/2026 05:03:52: [General] <119>vaz joined the channel.
11/03/2026 05:04:26: [General] <412>Joao joined the channel.
