##############################
Log started on 18/03/2026 07:22:22

18/03/2026 07:22:22: [Help] ************** Channel was created.
18/03/2026 07:22:22: [General] ************** Channel was created.
18/03/2026 07:22:22: [Trade] ************** Channel was created.
18/03/2026 07:22:22: [Looking For Group] ************** Channel was created.
18/03/2026 07:23:45: [General] <119>Vaz joined the channel.
18/03/2026 07:34:20: [General] <409>Ze joined the channel.
##############################
Log started on 18/03/2026 09:12:55

18/03/2026 09:12:55: [Help] ************** Channel was created.
18/03/2026 09:12:55: [General] ************** Channel was created.
18/03/2026 09:12:55: [Trade] ************** Channel was created.
18/03/2026 09:12:55: [Looking For Group] ************** Channel was created.
##############################
Log started on 18/03/2026 09:15:47

18/03/2026 09:15:47: [Help] ************** Channel was created.
18/03/2026 09:15:47: [General] ************** Channel was created.
18/03/2026 09:15:47: [Trade] ************** Channel was created.
18/03/2026 09:15:47: [Looking For Group] ************** Channel was created.
##############################
Log started on 18/03/2026 16:29:32

18/03/2026 16:29:32: [Help] ************** Channel was created.
18/03/2026 16:29:32: [General] ************** Channel was created.
18/03/2026 16:29:32: [Trade] ************** Channel was created.
18/03/2026 16:29:32: [Looking For Group] ************** Channel was created.
18/03/2026 16:31:22: [General] <119>Vaz joined the channel.
18/03/2026 16:31:37: [General] <409>Ze joined the channel.
18/03/2026 17:01:35: [General] <119>Vaz left the channel.
18/03/2026 17:01:37: [General] <409>Ze left the channel.
##############################
Log started on 18/03/2026 17:27:31

18/03/2026 17:27:31: [Help] ************** Channel was created.
18/03/2026 17:27:31: [General] ************** Channel was created.
18/03/2026 17:27:31: [Trade] ************** Channel was created.
18/03/2026 17:27:31: [Looking For Group] ************** Channel was created.
18/03/2026 17:27:38: [General] <119>Vaz joined the channel.
##############################
Log started on 18/03/2026 17:34:25

18/03/2026 17:34:25: [Help] ************** Channel was created.
18/03/2026 17:34:25: [General] ************** Channel was created.
18/03/2026 17:34:25: [Trade] ************** Channel was created.
18/03/2026 17:34:25: [Looking For Group] ************** Channel was created.
18/03/2026 17:34:34: [General] <119>Vaz joined the channel.
##############################
Log started on 18/03/2026 17:56:56

18/03/2026 17:56:56: [Help] ************** Channel was created.
18/03/2026 17:56:56: [General] ************** Channel was created.
18/03/2026 17:56:56: [Trade] ************** Channel was created.
18/03/2026 17:56:56: [Looking For Group] ************** Channel was created.
18/03/2026 17:56:59: [General] <119>Vaz joined the channel.
##############################
Log started on 18/03/2026 18:08:35

18/03/2026 18:08:35: [Help] ************** Channel was created.
18/03/2026 18:08:35: [General] ************** Channel was created.
18/03/2026 18:08:35: [Trade] ************** Channel was created.
18/03/2026 18:08:35: [Looking For Group] ************** Channel was created.
18/03/2026 18:08:38: [General] <119>Vaz joined the channel.
##############################
Log started on 18/03/2026 18:12:38

18/03/2026 18:12:38: [Help] ************** Channel was created.
18/03/2026 18:12:38: [General] ************** Channel was created.
18/03/2026 18:12:38: [Trade] ************** Channel was created.
18/03/2026 18:12:38: [Looking For Group] ************** Channel was created.
18/03/2026 18:12:47: [General] <119>Vaz joined the channel.
##############################
Log started on 18/03/2026 18:20:03

18/03/2026 18:20:03: [Help] ************** Channel was created.
18/03/2026 18:20:03: [General] ************** Channel was created.
18/03/2026 18:20:03: [Trade] ************** Channel was created.
18/03/2026 18:20:03: [Looking For Group] ************** Channel was created.
##############################
Log started on 18/03/2026 18:43:38

18/03/2026 18:43:38: [Help] ************** Channel was created.
18/03/2026 18:43:38: [General] ************** Channel was created.
18/03/2026 18:43:38: [Trade] ************** Channel was created.
18/03/2026 18:43:38: [Looking For Group] ************** Channel was created.
18/03/2026 18:44:08: [General] <119>Vaz joined the channel.
##############################
Log started on 18/03/2026 18:46:35

18/03/2026 18:46:35: [Help] ************** Channel was created.
18/03/2026 18:46:35: [General] ************** Channel was created.
18/03/2026 18:46:35: [Trade] ************** Channel was created.
18/03/2026 18:46:35: [Looking For Group] ************** Channel was created.
18/03/2026 18:46:40: [General] <119>Vaz joined the channel.
##############################
Log started on 18/03/2026 19:18:18

18/03/2026 19:18:18: [Help] ************** Channel was created.
18/03/2026 19:18:18: [General] ************** Channel was created.
18/03/2026 19:18:18: [Trade] ************** Channel was created.
18/03/2026 19:18:18: [Looking For Group] ************** Channel was created.
18/03/2026 19:18:22: [General] <119>Vaz joined the channel.
##############################
Log started on 18/03/2026 19:24:23

18/03/2026 19:24:23: [Help] ************** Channel was created.
18/03/2026 19:24:23: [General] ************** Channel was created.
18/03/2026 19:24:23: [Trade] ************** Channel was created.
18/03/2026 19:24:23: [Looking For Group] ************** Channel was created.
18/03/2026 19:24:27: [General] <119>Vaz joined the channel.
##############################
Log started on 18/03/2026 19:49:07

18/03/2026 19:49:07: [Help] ************** Channel was created.
18/03/2026 19:49:07: [General] ************** Channel was created.
18/03/2026 19:49:07: [Trade] ************** Channel was created.
18/03/2026 19:49:07: [Looking For Group] ************** Channel was created.
18/03/2026 19:49:09: [General] <119>Vaz joined the channel.
18/03/2026 19:55:14: [General] <415>tester joined the channel.
##############################
Log started on 18/03/2026 21:20:59

18/03/2026 21:20:59: [Help] ************** Channel was created.
18/03/2026 21:20:59: [General] ************** Channel was created.
18/03/2026 21:20:59: [Trade] ************** Channel was created.
18/03/2026 21:20:59: [Looking For Group] ************** Channel was created.
18/03/2026 21:21:01: [General] <119>Vaz joined the channel.
##############################
Log started on 18/03/2026 21:44:08

18/03/2026 21:44:08: [Help] ************** Channel was created.
18/03/2026 21:44:08: [General] ************** Channel was created.
18/03/2026 21:44:08: [Trade] ************** Channel was created.
18/03/2026 21:44:08: [Looking For Group] ************** Channel was created.
18/03/2026 21:44:10: [General] <119>Vaz joined the channel.
##############################
Log started on 18/03/2026 21:55:42

18/03/2026 21:55:42: [Help] ************** Channel was created.
18/03/2026 21:55:42: [General] ************** Channel was created.
18/03/2026 21:55:42: [Trade] ************** Channel was created.
18/03/2026 21:55:42: [Looking For Group] ************** Channel was created.
18/03/2026 21:55:48: [General] <119>Vaz joined the channel.
##############################
Log started on 18/03/2026 22:42:48

18/03/2026 22:42:48: [Help] ************** Channel was created.
18/03/2026 22:42:48: [General] ************** Channel was created.
18/03/2026 22:42:48: [Trade] ************** Channel was created.
18/03/2026 22:42:48: [Looking For Group] ************** Channel was created.
18/03/2026 22:43:02: [General] <119>Vaz joined the channel.
##############################
Log started on 18/03/2026 23:05:04

18/03/2026 23:05:04: [Help] ************** Channel was created.
18/03/2026 23:05:04: [General] ************** Channel was created.
18/03/2026 23:05:04: [Trade] ************** Channel was created.
18/03/2026 23:05:04: [Looking For Group] ************** Channel was created.
18/03/2026 23:07:27: [General] <119>Vaz joined the channel.
##############################
Log started on 18/03/2026 23:20:10

18/03/2026 23:20:10: [Help] ************** Channel was created.
18/03/2026 23:20:10: [General] ************** Channel was created.
18/03/2026 23:20:10: [Trade] ************** Channel was created.
18/03/2026 23:20:10: [Looking For Group] ************** Channel was created.
18/03/2026 23:20:21: [General] <119>Vaz joined the channel.
##############################
Log started on 18/03/2026 23:28:45

18/03/2026 23:28:45: [Help] ************** Channel was created.
18/03/2026 23:28:45: [General] ************** Channel was created.
18/03/2026 23:28:45: [Trade] ************** Channel was created.
18/03/2026 23:28:45: [Looking For Group] ************** Channel was created.
18/03/2026 23:39:17: [General] <119>Vaz joined the channel.
18/03/2026 23:41:31: [General] <409>Ze joined the channel.
