##############################
Log started on 11/02/2026 16:54:22

11/02/2026 16:54:22: [Help] ************** Channel was created.
11/02/2026 16:54:22: [General] ************** Channel was created.
11/02/2026 16:54:22: [Trade] ************** Channel was created.
11/02/2026 16:54:22: [Looking For Group] ************** Channel was created.
11/02/2026 16:54:25: [General] <119>Sonhador joined the channel.
11/02/2026 16:54:53: [General] <409>ze joined the channel.
11/02/2026 16:55:03: [General] <409>ze left the channel.
##############################
Log started on 11/02/2026 16:58:02

11/02/2026 16:58:02: [Help] ************** Channel was created.
11/02/2026 16:58:02: [General] ************** Channel was created.
11/02/2026 16:58:02: [Trade] ************** Channel was created.
11/02/2026 16:58:02: [Looking For Group] ************** Channel was created.
##############################
Log started on 11/02/2026 17:08:28

11/02/2026 17:08:28: [Help] ************** Channel was created.
11/02/2026 17:08:28: [General] ************** Channel was created.
11/02/2026 17:08:28: [Trade] ************** Channel was created.
11/02/2026 17:08:28: [Looking For Group] ************** Channel was created.
11/02/2026 17:08:32: [General] <119>Sonhador joined the channel.
##############################
Log started on 11/02/2026 17:33:39

11/02/2026 17:33:39: [Help] ************** Channel was created.
11/02/2026 17:33:39: [General] ************** Channel was created.
11/02/2026 17:33:39: [Trade] ************** Channel was created.
11/02/2026 17:33:39: [Looking For Group] ************** Channel was created.
11/02/2026 17:33:47: [General] <119>Sonhador joined the channel.
##############################
Log started on 11/02/2026 20:51:08

11/02/2026 20:51:08: [Help] ************** Channel was created.
11/02/2026 20:51:08: [General] ************** Channel was created.
11/02/2026 20:51:08: [Trade] ************** Channel was created.
11/02/2026 20:51:08: [Looking For Group] ************** Channel was created.
11/02/2026 20:51:21: [General] <119>Sonhador joined the channel.
