##############################
Log started on 15/01/2026 00:50:46

15/01/2026 00:50:46: [Help] ************** Channel was created.
15/01/2026 00:50:46: [General] ************** Channel was created.
15/01/2026 00:50:46: [Trade] ************** Channel was created.
15/01/2026 00:50:46: [Looking For Group] ************** Channel was created.
15/01/2026 00:50:57: [General] <116>vaz joined the channel.
15/01/2026 00:51:15: [General] <405>test joined the channel.
15/01/2026 00:52:13: [General] <116>vaz left the channel.
##############################
Log started on 15/01/2026 00:58:28

15/01/2026 00:58:28: [Help] ************** Channel was created.
15/01/2026 00:58:28: [General] ************** Channel was created.
15/01/2026 00:58:28: [Trade] ************** Channel was created.
15/01/2026 00:58:28: [Looking For Group] ************** Channel was created.
15/01/2026 00:59:26: [General] <116>VAZ joined the channel.
15/01/2026 00:59:47: [General] <405>tester joined the channel.
##############################
Log started on 15/01/2026 01:14:36

15/01/2026 01:14:36: [Help] ************** Channel was created.
15/01/2026 01:14:36: [General] ************** Channel was created.
15/01/2026 01:14:36: [Trade] ************** Channel was created.
15/01/2026 01:14:36: [Looking For Group] ************** Channel was created.
15/01/2026 01:14:53: [General] <116>test joined the channel.
15/01/2026 01:15:07: [General] <405>vaz joined the channel.
15/01/2026 01:16:59: [General] <116>test left the channel.
15/01/2026 01:17:01: [General] <405>vaz left the channel.
##############################
Log started on 15/01/2026 02:36:04

15/01/2026 02:36:04: [Help] ************** Channel was created.
15/01/2026 02:36:04: [General] ************** Channel was created.
15/01/2026 02:36:04: [Trade] ************** Channel was created.
15/01/2026 02:36:04: [Looking For Group] ************** Channel was created.
15/01/2026 02:36:18: [General] <116>Vaz joined the channel.
15/01/2026 02:36:38: [General] <405>test joined the channel.
##############################
Log started on 15/01/2026 02:38:53

15/01/2026 02:38:53: [Help] ************** Channel was created.
15/01/2026 02:38:53: [General] ************** Channel was created.
15/01/2026 02:38:53: [Trade] ************** Channel was created.
15/01/2026 02:38:53: [Looking For Group] ************** Channel was created.
##############################
Log started on 15/01/2026 02:42:19

15/01/2026 02:42:19: [Help] ************** Channel was created.
15/01/2026 02:42:19: [General] ************** Channel was created.
15/01/2026 02:42:19: [Trade] ************** Channel was created.
15/01/2026 02:42:19: [Looking For Group] ************** Channel was created.
##############################
Log started on 15/01/2026 03:13:55

15/01/2026 03:13:55: [Help] ************** Channel was created.
15/01/2026 03:13:55: [General] ************** Channel was created.
15/01/2026 03:13:55: [Trade] ************** Channel was created.
15/01/2026 03:13:55: [Looking For Group] ************** Channel was created.
15/01/2026 03:14:02: [General] <116>Vaz joined the channel.
15/01/2026 03:14:06: [General] <405>test joined the channel.
##############################
Log started on 15/01/2026 04:10:47

15/01/2026 04:10:47: [Help] ************** Channel was created.
15/01/2026 04:10:47: [General] ************** Channel was created.
15/01/2026 04:10:47: [Trade] ************** Channel was created.
15/01/2026 04:10:47: [Looking For Group] ************** Channel was created.
15/01/2026 04:10:52: [General] <116>Vaz joined the channel.
15/01/2026 04:10:58: [General] <405>test joined the channel.
##############################
Log started on 15/01/2026 04:28:13

15/01/2026 04:28:13: [Help] ************** Channel was created.
15/01/2026 04:28:13: [General] ************** Channel was created.
15/01/2026 04:28:13: [Trade] ************** Channel was created.
15/01/2026 04:28:13: [Looking For Group] ************** Channel was created.
15/01/2026 04:28:15: [General] <116>Vaz joined the channel.
15/01/2026 04:28:22: [General] <405>test joined the channel.
##############################
Log started on 15/01/2026 04:44:51

15/01/2026 04:44:51: [Help] ************** Channel was created.
15/01/2026 04:44:51: [General] ************** Channel was created.
15/01/2026 04:44:51: [Trade] ************** Channel was created.
15/01/2026 04:44:51: [Looking For Group] ************** Channel was created.
15/01/2026 04:45:17: [General] <116>Vaz joined the channel.
15/01/2026 04:45:27: [General] <405>test joined the channel.
##############################
Log started on 15/01/2026 05:33:47

15/01/2026 05:33:47: [Help] ************** Channel was created.
15/01/2026 05:33:47: [General] ************** Channel was created.
15/01/2026 05:33:47: [Trade] ************** Channel was created.
15/01/2026 05:33:47: [Looking For Group] ************** Channel was created.
15/01/2026 05:35:23: [General] <116>Vaz joined the channel.
15/01/2026 05:35:30: [General] <405>test joined the channel.
15/01/2026 05:47:48: [General] <116>Vaz left the channel.
##############################
Log started on 15/01/2026 05:50:08

15/01/2026 05:50:08: [Help] ************** Channel was created.
15/01/2026 05:50:08: [General] ************** Channel was created.
15/01/2026 05:50:08: [Trade] ************** Channel was created.
15/01/2026 05:50:08: [Looking For Group] ************** Channel was created.
15/01/2026 05:50:14: [General] <116>Vaz joined the channel.
15/01/2026 05:50:19: [General] <405>test joined the channel.
##############################
Log started on 15/01/2026 13:58:38

15/01/2026 13:58:38: [Help] ************** Channel was created.
15/01/2026 13:58:38: [General] ************** Channel was created.
15/01/2026 13:58:38: [Trade] ************** Channel was created.
15/01/2026 13:58:38: [Looking For Group] ************** Channel was created.
15/01/2026 13:58:44: [General] <116>Vaz joined the channel.
15/01/2026 13:58:55: [General] <405>test joined the channel.
##############################
Log started on 15/01/2026 14:42:32

15/01/2026 14:42:32: [Help] ************** Channel was created.
15/01/2026 14:42:32: [General] ************** Channel was created.
15/01/2026 14:42:32: [Trade] ************** Channel was created.
15/01/2026 14:42:32: [Looking For Group] ************** Channel was created.
15/01/2026 14:43:20: [General] <116>Vaz joined the channel.
15/01/2026 14:43:32: [General] <405>test joined the channel.
##############################
Log started on 15/01/2026 15:03:29

15/01/2026 15:03:29: [Help] ************** Channel was created.
15/01/2026 15:03:29: [General] ************** Channel was created.
15/01/2026 15:03:29: [Trade] ************** Channel was created.
15/01/2026 15:03:29: [Looking For Group] ************** Channel was created.
15/01/2026 15:06:25: [General] <405>test joined the channel.
15/01/2026 15:15:35: [General] <405>test left the channel.
##############################
Log started on 15/01/2026 15:33:56

15/01/2026 15:33:56: [Help] ************** Channel was created.
15/01/2026 15:33:56: [General] ************** Channel was created.
15/01/2026 15:33:56: [Trade] ************** Channel was created.
15/01/2026 15:33:56: [Looking For Group] ************** Channel was created.
15/01/2026 15:33:59: [General] <116>Vaz joined the channel.
15/01/2026 15:34:04: [General] <405>test joined the channel.
15/01/2026 15:34:15: [General] <405>test left the channel.
15/01/2026 15:34:19: [General] <405>test joined the channel.
##############################
Log started on 15/01/2026 15:40:44

15/01/2026 15:40:44: [Help] ************** Channel was created.
15/01/2026 15:40:44: [General] ************** Channel was created.
15/01/2026 15:40:44: [Trade] ************** Channel was created.
15/01/2026 15:40:44: [Looking For Group] ************** Channel was created.
15/01/2026 15:41:03: [General] <116>Vaz joined the channel.
##############################
Log started on 15/01/2026 16:48:47

15/01/2026 16:48:47: [Help] ************** Channel was created.
15/01/2026 16:48:47: [General] ************** Channel was created.
15/01/2026 16:48:47: [Trade] ************** Channel was created.
15/01/2026 16:48:47: [Looking For Group] ************** Channel was created.
15/01/2026 16:52:17: [General] <116>Vaz joined the channel.
##############################
Log started on 15/01/2026 19:49:49

15/01/2026 19:49:49: [Help] ************** Channel was created.
15/01/2026 19:49:49: [General] ************** Channel was created.
15/01/2026 19:49:49: [Trade] ************** Channel was created.
15/01/2026 19:49:49: [Looking For Group] ************** Channel was created.
15/01/2026 19:50:06: [General] <116>vaz joined the channel.
15/01/2026 19:52:32: [General] <405>teste joined the channel.
##############################
Log started on 15/01/2026 20:09:56

15/01/2026 20:09:56: [Help] ************** Channel was created.
15/01/2026 20:09:56: [General] ************** Channel was created.
15/01/2026 20:09:56: [Trade] ************** Channel was created.
15/01/2026 20:09:56: [Looking For Group] ************** Channel was created.
15/01/2026 20:15:50: [General] <116>tester joined the channel.
15/01/2026 20:16:07: [General] <405>vaz joined the channel.
15/01/2026 20:17:03: [General] <405>vaz left the channel.
##############################
Log started on 15/01/2026 20:17:39

15/01/2026 20:17:39: [Help] ************** Channel was created.
15/01/2026 20:17:39: [General] ************** Channel was created.
15/01/2026 20:17:39: [Trade] ************** Channel was created.
15/01/2026 20:17:39: [Looking For Group] ************** Channel was created.
15/01/2026 20:17:48: [General] <405>vaz joined the channel.
15/01/2026 20:17:54: [General] <116>tester joined the channel.
##############################
Log started on 15/01/2026 20:23:40

15/01/2026 20:23:40: [Help] ************** Channel was created.
15/01/2026 20:23:40: [General] ************** Channel was created.
15/01/2026 20:23:40: [Trade] ************** Channel was created.
15/01/2026 20:23:40: [Looking For Group] ************** Channel was created.
15/01/2026 20:23:46: [General] <405>vaz joined the channel.
15/01/2026 20:23:55: [General] <116>tester joined the channel.
##############################
Log started on 15/01/2026 22:54:34

15/01/2026 22:54:34: [Help] ************** Channel was created.
15/01/2026 22:54:34: [General] ************** Channel was created.
15/01/2026 22:54:34: [Trade] ************** Channel was created.
15/01/2026 22:54:34: [Looking For Group] ************** Channel was created.
15/01/2026 22:54:57: [General] <116>tester joined the channel.
##############################
Log started on 15/01/2026 23:42:18

15/01/2026 23:42:18: [Help] ************** Channel was created.
15/01/2026 23:42:18: [General] ************** Channel was created.
15/01/2026 23:42:18: [Trade] ************** Channel was created.
15/01/2026 23:42:18: [Looking For Group] ************** Channel was created.
15/01/2026 23:42:21: [General] <405>vaz joined the channel.
15/01/2026 23:42:31: [General] <116>tester joined the channel.
