##############################
Log started on 12/03/2026 17:22:22

12/03/2026 17:22:22: [Help] ************** Channel was created.
12/03/2026 17:22:22: [General] ************** Channel was created.
12/03/2026 17:22:22: [Trade] ************** Channel was created.
12/03/2026 17:22:22: [Looking For Group] ************** Channel was created.
12/03/2026 17:22:33: [General] <119>vaz joined the channel.
12/03/2026 17:22:37: [General] <409>Zé joined the channel.
##############################
Log started on 12/03/2026 19:53:24

12/03/2026 19:53:24: [Help] ************** Channel was created.
12/03/2026 19:53:24: [General] ************** Channel was created.
12/03/2026 19:53:24: [Trade] ************** Channel was created.
12/03/2026 19:53:24: [Looking For Group] ************** Channel was created.
##############################
Log started on 12/03/2026 19:57:36

12/03/2026 19:57:36: [Help] ************** Channel was created.
12/03/2026 19:57:36: [General] ************** Channel was created.
12/03/2026 19:57:36: [Trade] ************** Channel was created.
12/03/2026 19:57:36: [Looking For Group] ************** Channel was created.
12/03/2026 20:01:42: [General] <409>Ze joined the channel.
12/03/2026 20:02:11: [General] <119>vaz joined the channel.
##############################
Log started on 12/03/2026 20:44:51

12/03/2026 20:44:51: [Help] ************** Channel was created.
12/03/2026 20:44:51: [General] ************** Channel was created.
12/03/2026 20:44:51: [Trade] ************** Channel was created.
12/03/2026 20:44:51: [Looking For Group] ************** Channel was created.
12/03/2026 20:45:06: [General] <119>vaz joined the channel.
12/03/2026 20:45:13: [General] <409>Ze joined the channel.
13/03/2026 01:44:58: [General] <119>vaz left the channel.
13/03/2026 01:44:58: [General] <409>Ze left the channel.
13/03/2026 02:22:56: [General] <409>Ze joined the channel.
13/03/2026 02:23:04: [General] <119>vaz joined the channel.
