##############################
Log started on 19/02/2026 00:16:37

19/02/2026 00:16:37: [Help] ************** Channel was created.
19/02/2026 00:16:37: [General] ************** Channel was created.
19/02/2026 00:16:37: [Trade] ************** Channel was created.
19/02/2026 00:16:37: [Looking For Group] ************** Channel was created.
19/02/2026 00:19:40: [General] <120>vaz joined the channel.
##############################
Log started on 19/02/2026 00:34:05

19/02/2026 00:34:05: [Help] ************** Channel was created.
19/02/2026 00:34:05: [General] ************** Channel was created.
19/02/2026 00:34:05: [Trade] ************** Channel was created.
19/02/2026 00:34:05: [Looking For Group] ************** Channel was created.
19/02/2026 00:34:07: [General] <120>vaz joined the channel.
##############################
Log started on 19/02/2026 01:25:08

19/02/2026 01:25:08: [Help] ************** Channel was created.
19/02/2026 01:25:08: [General] ************** Channel was created.
19/02/2026 01:25:08: [Trade] ************** Channel was created.
19/02/2026 01:25:08: [Looking For Group] ************** Channel was created.
19/02/2026 01:25:21: [General] <120>vaz joined the channel.
##############################
Log started on 19/02/2026 01:38:03

19/02/2026 01:38:03: [Help] ************** Channel was created.
19/02/2026 01:38:03: [General] ************** Channel was created.
19/02/2026 01:38:03: [Trade] ************** Channel was created.
19/02/2026 01:38:03: [Looking For Group] ************** Channel was created.
19/02/2026 01:38:41: [General] <120>vaz joined the channel.
##############################
Log started on 19/02/2026 01:44:47

19/02/2026 01:44:47: [Help] ************** Channel was created.
19/02/2026 01:44:47: [General] ************** Channel was created.
19/02/2026 01:44:47: [Trade] ************** Channel was created.
19/02/2026 01:44:47: [Looking For Group] ************** Channel was created.
19/02/2026 01:53:42: [General] <120>vaz joined the channel.
