##############################
Log started on 12/02/2026 00:43:39

12/02/2026 00:43:39: [Help] ************** Channel was created.
12/02/2026 00:43:39: [General] ************** Channel was created.
12/02/2026 00:43:39: [Trade] ************** Channel was created.
12/02/2026 00:43:39: [Looking For Group] ************** Channel was created.
12/02/2026 00:43:47: [General] <119>Sonhador joined the channel.
##############################
Log started on 12/02/2026 01:25:23

12/02/2026 01:25:23: [Help] ************** Channel was created.
12/02/2026 01:25:23: [General] ************** Channel was created.
12/02/2026 01:25:23: [Trade] ************** Channel was created.
12/02/2026 01:25:23: [Looking For Group] ************** Channel was created.
12/02/2026 01:25:28: [General] <119>Sonhador joined the channel.
12/02/2026 01:29:21: [General] <120>vaz joined the channel.
12/02/2026 01:33:37: [General] <120>vaz left the channel.
##############################
Log started on 12/02/2026 01:44:20

12/02/2026 01:44:20: [Help] ************** Channel was created.
12/02/2026 01:44:20: [General] ************** Channel was created.
12/02/2026 01:44:20: [Trade] ************** Channel was created.
12/02/2026 01:44:20: [Looking For Group] ************** Channel was created.
12/02/2026 01:44:25: [General] <119>Tester joined the channel.
##############################
Log started on 12/02/2026 01:50:04

12/02/2026 01:50:04: [Help] ************** Channel was created.
12/02/2026 01:50:04: [General] ************** Channel was created.
12/02/2026 01:50:04: [Trade] ************** Channel was created.
12/02/2026 01:50:04: [Looking For Group] ************** Channel was created.
##############################
Log started on 12/02/2026 02:09:23

12/02/2026 02:09:23: [Help] ************** Channel was created.
12/02/2026 02:09:23: [General] ************** Channel was created.
12/02/2026 02:09:23: [Trade] ************** Channel was created.
12/02/2026 02:09:23: [Looking For Group] ************** Channel was created.
12/02/2026 02:09:29: [General] <119>Tester joined the channel.
##############################
Log started on 12/02/2026 02:15:33

12/02/2026 02:15:33: [Help] ************** Channel was created.
12/02/2026 02:15:33: [General] ************** Channel was created.
12/02/2026 02:15:33: [Trade] ************** Channel was created.
12/02/2026 02:15:33: [Looking For Group] ************** Channel was created.
12/02/2026 02:15:35: [General] <119>Tester joined the channel.
12/02/2026 02:15:54: [General] <120>vaz joined the channel.
##############################
Log started on 12/02/2026 02:21:04

12/02/2026 02:21:04: [Help] ************** Channel was created.
12/02/2026 02:21:04: [General] ************** Channel was created.
12/02/2026 02:21:04: [Trade] ************** Channel was created.
12/02/2026 02:21:04: [Looking For Group] ************** Channel was created.
12/02/2026 02:21:08: [General] <119>Tester joined the channel.
##############################
Log started on 12/02/2026 02:27:55

12/02/2026 02:27:55: [Help] ************** Channel was created.
12/02/2026 02:27:55: [General] ************** Channel was created.
12/02/2026 02:27:55: [Trade] ************** Channel was created.
12/02/2026 02:27:55: [Looking For Group] ************** Channel was created.
12/02/2026 02:27:58: [General] <119>Sonhador joined the channel.
##############################
Log started on 12/02/2026 03:05:53

12/02/2026 03:06:06: [General] <119>Sonhador joined the channel.
12/02/2026 03:08:22: [General] <120>vaz joined the channel.
##############################
Log started on 12/02/2026 03:21:19

12/02/2026 03:21:22: [General] <119>Sonhador joined the channel.
12/02/2026 03:23:35: [General] <119>tester left the channel.
##############################
Log started on 12/02/2026 03:45:52

12/02/2026 03:47:24: [General] <119>Sonhador joined the channel.
12/02/2026 03:48:54: [General] <120>vaz joined the channel.
##############################
Log started on 12/02/2026 04:12:09

12/02/2026 04:12:12: [General] <119>Sonhador joined the channel.
12/02/2026 04:14:40: [General] <120>vaz joined the channel.
##############################
Log started on 12/02/2026 04:26:53

12/02/2026 04:27:57: [General] <119>Sonhador joined the channel.
12/02/2026 04:34:41: [General] <120>vaz joined the channel.
##############################
Log started on 12/02/2026 07:21:34

12/02/2026 07:21:46: [General] <119>Sonhador joined the channel.
##############################
Log started on 12/02/2026 07:31:08

12/02/2026 07:31:13: [General] <119>Sonhador joined the channel.
##############################
Log started on 12/02/2026 07:35:07

12/02/2026 07:35:23: [General] <119>Sonhador joined the channel.
##############################
Log started on 12/02/2026 07:55:37

12/02/2026 07:55:45: [General] <119>Sonhador joined the channel.
##############################
Log started on 12/02/2026 08:01:09

12/02/2026 08:01:13: [General] <120>vaz joined the channel.
12/02/2026 08:01:16: [General] <120>vaz left the channel.
12/02/2026 08:01:21: [General] <119>Sonhador joined the channel.
##############################
Log started on 12/02/2026 08:10:05

12/02/2026 08:10:10: [General] <119>Sonhador joined the channel.
##############################
Log started on 12/02/2026 08:45:36

12/02/2026 08:45:41: [General] <119>Sonhador joined the channel.
12/02/2026 08:45:47: [General] <119>Sonhador left the channel.
12/02/2026 08:46:06: [General] <119>Sonhador joined the channel.
##############################
Log started on 12/02/2026 09:05:46

12/02/2026 09:05:50: [General] <120>vaz joined the channel.
##############################
Log started on 12/02/2026 19:56:27

12/02/2026 19:56:27: [Help] ************** Channel was created.
12/02/2026 19:56:27: [General] ************** Channel was created.
12/02/2026 19:56:27: [Trade] ************** Channel was created.
12/02/2026 19:56:27: [Looking For Group] ************** Channel was created.
12/02/2026 19:56:55: [General] <120>vaz joined the channel.
12/02/2026 19:56:59: [General] <119>Sonhador joined the channel.
##############################
Log started on 12/02/2026 20:17:09

12/02/2026 20:17:09: [Help] ************** Channel was created.
12/02/2026 20:17:09: [General] ************** Channel was created.
12/02/2026 20:17:09: [Trade] ************** Channel was created.
12/02/2026 20:17:09: [Looking For Group] ************** Channel was created.
12/02/2026 20:18:10: [General] <120>vaz joined the channel.
12/02/2026 20:18:14: [General] <119>Sonhador joined the channel.
##############################
Log started on 12/02/2026 20:20:35

12/02/2026 20:20:35: [Help] ************** Channel was created.
12/02/2026 20:20:35: [General] ************** Channel was created.
12/02/2026 20:20:35: [Trade] ************** Channel was created.
12/02/2026 20:20:35: [Looking For Group] ************** Channel was created.
12/02/2026 20:20:40: [General] <120>vaz joined the channel.
12/02/2026 20:20:48: [General] <119>Sonhador joined the channel.
##############################
Log started on 12/02/2026 20:26:47

12/02/2026 20:26:47: [Help] ************** Channel was created.
12/02/2026 20:26:47: [General] ************** Channel was created.
12/02/2026 20:26:47: [Trade] ************** Channel was created.
12/02/2026 20:26:47: [Looking For Group] ************** Channel was created.
12/02/2026 20:26:49: [General] <119>Sonhador joined the channel.
12/02/2026 20:26:54: [General] <120>vaz joined the channel.
12/02/2026 20:29:34: [General] <120>vaz left the channel.
