##############################
Log started on 26/03/2026 17:56:11

26/03/2026 17:56:11: [Help] ************** Channel was created.
26/03/2026 17:56:11: [General] ************** Channel was created.
26/03/2026 17:56:11: [Trade] ************** Channel was created.
26/03/2026 17:56:11: [Looking For Group] ************** Channel was created.
26/03/2026 17:56:29: [General] <119>Vaz joined the channel.
26/03/2026 20:24:28: [General] <119>Vaz left the channel.
##############################
Log started on 26/03/2026 20:25:03

26/03/2026 20:25:03: [Help] ************** Channel was created.
26/03/2026 20:25:03: [General] ************** Channel was created.
26/03/2026 20:25:03: [Trade] ************** Channel was created.
26/03/2026 20:25:03: [Looking For Group] ************** Channel was created.
26/03/2026 20:25:20: [General] <119>Vaz joined the channel.
26/03/2026 20:27:00: [General] <119>Vaz left the channel.
26/03/2026 20:27:39: [General] <119>Vaz joined the channel.
26/03/2026 20:28:41: [General] <119>Vaz left the channel.
26/03/2026 20:28:51: [General] <119>Vaz joined the channel.
26/03/2026 20:40:53: [General] <119>Vaz left the channel.
26/03/2026 20:41:51: [General] <119>Vaz joined the channel.
26/03/2026 21:05:24: [General] <119>Vaz left the channel.
26/03/2026 21:05:48: [General] <119>Vaz joined the channel.
26/03/2026 21:06:05: [General] <119>Vaz left the channel.
