##############################
Log started on 29/01/2026 03:28:37

29/01/2026 03:28:37: [Help] ************** Channel was created.
29/01/2026 03:28:37: [General] ************** Channel was created.
29/01/2026 03:28:37: [Trade] ************** Channel was created.
29/01/2026 03:28:37: [Looking For Group] ************** Channel was created.
29/01/2026 03:28:43: [General] <119>Sonhador joined the channel.
29/01/2026 03:28:52: [General] <120>vaz joined the channel.
29/01/2026 03:30:02: [General] <119>Sonhador left the channel.
29/01/2026 03:30:12: [General] <409>ze joined the channel.
29/01/2026 03:32:43: [General] <409>ze left the channel.
29/01/2026 03:32:48: [General] <119>Sonhador joined the channel.
##############################
Log started on 29/01/2026 03:46:06

29/01/2026 03:46:06: [Help] ************** Channel was created.
29/01/2026 03:46:06: [General] ************** Channel was created.
29/01/2026 03:46:06: [Trade] ************** Channel was created.
29/01/2026 03:46:06: [Looking For Group] ************** Channel was created.
29/01/2026 03:46:22: [General] <119>Sonhador joined the channel.
29/01/2026 03:46:29: [General] <120>vaz joined the channel.
29/01/2026 03:53:31: [General] <119>Tester left the channel.
29/01/2026 03:53:33: [General] <120>vaz left the channel.
##############################
Log started on 29/01/2026 03:57:48

29/01/2026 03:57:48: [Help] ************** Channel was created.
29/01/2026 03:57:48: [General] ************** Channel was created.
29/01/2026 03:57:48: [Trade] ************** Channel was created.
29/01/2026 03:57:48: [Looking For Group] ************** Channel was created.
##############################
Log started on 29/01/2026 03:59:09

29/01/2026 03:59:09: [Help] ************** Channel was created.
29/01/2026 03:59:09: [General] ************** Channel was created.
29/01/2026 03:59:09: [Trade] ************** Channel was created.
29/01/2026 03:59:09: [Looking For Group] ************** Channel was created.
29/01/2026 03:59:12: [General] <120>vaz joined the channel.
29/01/2026 03:59:20: [General] <119>Sonhador joined the channel.
##############################
Log started on 29/01/2026 04:38:31

29/01/2026 04:38:31: [Help] ************** Channel was created.
29/01/2026 04:38:31: [General] ************** Channel was created.
29/01/2026 04:38:31: [Trade] ************** Channel was created.
29/01/2026 04:38:31: [Looking For Group] ************** Channel was created.
##############################
Log started on 29/01/2026 04:39:58

29/01/2026 04:39:58: [Help] ************** Channel was created.
29/01/2026 04:39:58: [General] ************** Channel was created.
29/01/2026 04:39:58: [Trade] ************** Channel was created.
29/01/2026 04:39:58: [Looking For Group] ************** Channel was created.
29/01/2026 04:40:03: [General] <120>vaz joined the channel.
##############################
Log started on 29/01/2026 05:03:58

29/01/2026 05:03:58: [Help] ************** Channel was created.
29/01/2026 05:03:58: [General] ************** Channel was created.
29/01/2026 05:03:58: [Trade] ************** Channel was created.
29/01/2026 05:03:58: [Looking For Group] ************** Channel was created.
29/01/2026 05:13:37: [General] <120>vaz joined the channel.
29/01/2026 05:16:26: [General] <119>Sonhador joined the channel.
##############################
Log started on 29/01/2026 12:15:16

29/01/2026 12:15:16: [Help] ************** Channel was created.
29/01/2026 12:15:16: [General] ************** Channel was created.
29/01/2026 12:15:16: [Trade] ************** Channel was created.
29/01/2026 12:15:16: [Looking For Group] ************** Channel was created.
29/01/2026 12:16:13: [General] <120>vaz joined the channel.
##############################
Log started on 29/01/2026 12:22:00

29/01/2026 12:22:00: [Help] ************** Channel was created.
29/01/2026 12:22:00: [General] ************** Channel was created.
29/01/2026 12:22:00: [Trade] ************** Channel was created.
29/01/2026 12:22:00: [Looking For Group] ************** Channel was created.
29/01/2026 12:22:10: [General] <120>vaz joined the channel.
##############################
Log started on 29/01/2026 12:25:04

29/01/2026 12:25:04: [Help] ************** Channel was created.
29/01/2026 12:25:04: [General] ************** Channel was created.
29/01/2026 12:25:04: [Trade] ************** Channel was created.
29/01/2026 12:25:04: [Looking For Group] ************** Channel was created.
29/01/2026 12:25:11: [General] <120>vaz joined the channel.
##############################
Log started on 29/01/2026 12:30:02

29/01/2026 12:30:02: [Help] ************** Channel was created.
29/01/2026 12:30:02: [General] ************** Channel was created.
29/01/2026 12:30:02: [Trade] ************** Channel was created.
29/01/2026 12:30:02: [Looking For Group] ************** Channel was created.
29/01/2026 12:30:10: [General] <120>vaz joined the channel.
##############################
Log started on 29/01/2026 12:34:30

29/01/2026 12:34:30: [Help] ************** Channel was created.
29/01/2026 12:34:30: [General] ************** Channel was created.
29/01/2026 12:34:30: [Trade] ************** Channel was created.
29/01/2026 12:34:30: [Looking For Group] ************** Channel was created.
29/01/2026 12:34:37: [General] <120>vaz joined the channel.
##############################
Log started on 29/01/2026 13:44:21

29/01/2026 13:44:21: [Help] ************** Channel was created.
29/01/2026 13:44:21: [General] ************** Channel was created.
29/01/2026 13:44:21: [Trade] ************** Channel was created.
29/01/2026 13:44:21: [Looking For Group] ************** Channel was created.
29/01/2026 13:44:25: [General] <119>Sonhador joined the channel.
##############################
Log started on 29/01/2026 14:04:50

29/01/2026 14:04:50: [Help] ************** Channel was created.
29/01/2026 14:04:50: [General] ************** Channel was created.
29/01/2026 14:04:50: [Trade] ************** Channel was created.
29/01/2026 14:04:50: [Looking For Group] ************** Channel was created.
29/01/2026 14:04:55: [General] <119>Sonhador joined the channel.
##############################
Log started on 29/01/2026 17:02:27

29/01/2026 17:02:27: [Help] ************** Channel was created.
29/01/2026 17:02:27: [General] ************** Channel was created.
29/01/2026 17:02:27: [Trade] ************** Channel was created.
29/01/2026 17:02:27: [Looking For Group] ************** Channel was created.
29/01/2026 17:02:36: [General] <120>vaz joined the channel.
29/01/2026 17:02:59: [General] <119>Sonhador joined the channel.
