##############################
Log started on 19/03/2026 01:32:13

19/03/2026 01:32:13: [Help] ************** Channel was created.
19/03/2026 01:32:13: [General] ************** Channel was created.
19/03/2026 01:32:13: [Trade] ************** Channel was created.
19/03/2026 01:32:13: [Looking For Group] ************** Channel was created.
19/03/2026 01:32:17: [General] <119>Vaz joined the channel.
19/03/2026 01:52:47: [General] <409>Ze joined the channel.
##############################
Log started on 19/03/2026 02:29:50

19/03/2026 02:29:50: [Help] ************** Channel was created.
19/03/2026 02:29:50: [General] ************** Channel was created.
19/03/2026 02:29:50: [Trade] ************** Channel was created.
19/03/2026 02:29:50: [Looking For Group] ************** Channel was created.
19/03/2026 02:29:53: [General] <119>Vaz joined the channel.
19/03/2026 02:41:51: [General] <409>Ze joined the channel.
##############################
Log started on 19/03/2026 02:53:55

19/03/2026 02:53:55: [Help] ************** Channel was created.
19/03/2026 02:53:55: [General] ************** Channel was created.
19/03/2026 02:53:55: [Trade] ************** Channel was created.
19/03/2026 02:53:55: [Looking For Group] ************** Channel was created.
##############################
Log started on 19/03/2026 03:24:15

19/03/2026 03:24:15: [Help] ************** Channel was created.
19/03/2026 03:24:15: [General] ************** Channel was created.
19/03/2026 03:24:15: [Trade] ************** Channel was created.
19/03/2026 03:24:15: [Looking For Group] ************** Channel was created.
19/03/2026 03:24:20: [General] <119>Vaz joined the channel.
19/03/2026 03:24:55: [General] <409>Ze joined the channel.
##############################
Log started on 19/03/2026 03:55:49

19/03/2026 03:55:49: [Help] ************** Channel was created.
19/03/2026 03:55:49: [General] ************** Channel was created.
19/03/2026 03:55:49: [Trade] ************** Channel was created.
19/03/2026 03:55:49: [Looking For Group] ************** Channel was created.
19/03/2026 03:55:56: [General] <119>Vaz joined the channel.
##############################
Log started on 19/03/2026 04:12:05

19/03/2026 04:12:05: [Help] ************** Channel was created.
19/03/2026 04:12:05: [General] ************** Channel was created.
19/03/2026 04:12:05: [Trade] ************** Channel was created.
19/03/2026 04:12:05: [Looking For Group] ************** Channel was created.
19/03/2026 04:12:11: [General] <119>Vaz joined the channel.
19/03/2026 04:29:48: [General] <409>Ze joined the channel.
##############################
Log started on 19/03/2026 05:54:49

19/03/2026 05:54:49: [Help] ************** Channel was created.
19/03/2026 05:54:49: [General] ************** Channel was created.
19/03/2026 05:54:49: [Trade] ************** Channel was created.
19/03/2026 05:54:49: [Looking For Group] ************** Channel was created.
19/03/2026 05:54:52: [General] <119>Vaz joined the channel.
19/03/2026 05:59:53: [General] <409>Ze joined the channel.
##############################
Log started on 19/03/2026 06:03:25

19/03/2026 06:03:25: [Help] ************** Channel was created.
19/03/2026 06:03:25: [General] ************** Channel was created.
19/03/2026 06:03:25: [Trade] ************** Channel was created.
19/03/2026 06:03:25: [Looking For Group] ************** Channel was created.
##############################
Log started on 19/03/2026 06:05:16

19/03/2026 06:05:16: [Help] ************** Channel was created.
19/03/2026 06:05:16: [General] ************** Channel was created.
19/03/2026 06:05:16: [Trade] ************** Channel was created.
19/03/2026 06:05:16: [Looking For Group] ************** Channel was created.
19/03/2026 06:05:20: [General] <119>Vaz joined the channel.
19/03/2026 06:06:42: [General] <409>Ze joined the channel.
##############################
Log started on 19/03/2026 06:18:15

19/03/2026 06:18:15: [Help] ************** Channel was created.
19/03/2026 06:18:15: [General] ************** Channel was created.
19/03/2026 06:18:15: [Trade] ************** Channel was created.
19/03/2026 06:18:15: [Looking For Group] ************** Channel was created.
19/03/2026 06:18:19: [General] <409>Ze joined the channel.
19/03/2026 06:18:41: [General] <119>Vaz joined the channel.
19/03/2026 10:05:30: [General] <119>Vaz left the channel.
19/03/2026 10:05:30: [General] <409>Ze left the channel.
##############################
Log started on 19/03/2026 17:04:17

19/03/2026 17:04:17: [Help] ************** Channel was created.
19/03/2026 17:04:17: [General] ************** Channel was created.
19/03/2026 17:04:17: [Trade] ************** Channel was created.
19/03/2026 17:04:17: [Looking For Group] ************** Channel was created.
19/03/2026 17:04:55: [General] <119>Vaz joined the channel.
##############################
Log started on 19/03/2026 20:19:32

19/03/2026 20:19:32: [Help] ************** Channel was created.
19/03/2026 20:19:32: [General] ************** Channel was created.
19/03/2026 20:19:32: [Trade] ************** Channel was created.
19/03/2026 20:19:32: [Looking For Group] ************** Channel was created.
19/03/2026 20:19:36: [General] <412>Joao joined the channel.
19/03/2026 20:19:39: [General] <412>Joao left the channel.
19/03/2026 20:19:43: [General] <413>testervaz joined the channel.
19/03/2026 20:23:01: [General] <119>Vaz joined the channel.
19/03/2026 20:37:33: [General] <412>Joao joined the channel.
##############################
Log started on 19/03/2026 20:54:26

19/03/2026 20:54:26: [Help] ************** Channel was created.
19/03/2026 20:54:26: [General] ************** Channel was created.
19/03/2026 20:54:26: [Trade] ************** Channel was created.
19/03/2026 20:54:26: [Looking For Group] ************** Channel was created.
19/03/2026 20:54:41: [General] <119>Vaz joined the channel.
19/03/2026 20:54:50: [General] <412>Angela joined the channel.
19/03/2026 20:54:55: [General] <413>Joao joined the channel.
##############################
Log started on 19/03/2026 23:33:57

19/03/2026 23:33:57: [Help] ************** Channel was created.
19/03/2026 23:33:57: [General] ************** Channel was created.
19/03/2026 23:33:57: [Trade] ************** Channel was created.
19/03/2026 23:33:57: [Looking For Group] ************** Channel was created.
19/03/2026 23:34:04: [General] <412>Angela joined the channel.
19/03/2026 23:34:09: [General] <413>Joao joined the channel.
19/03/2026 23:37:20: [General] <119>Vaz joined the channel.
##############################
Log started on 19/03/2026 23:48:33

19/03/2026 23:48:33: [Help] ************** Channel was created.
19/03/2026 23:48:33: [General] ************** Channel was created.
19/03/2026 23:48:33: [Trade] ************** Channel was created.
19/03/2026 23:48:33: [Looking For Group] ************** Channel was created.
19/03/2026 23:50:41: [General] <413>Joao joined the channel.
19/03/2026 23:50:47: [General] <415>tester joined the channel.
19/03/2026 23:52:25: [General] <119>Vaz joined the channel.
