##############################
Log started on 22/01/2026 04:02:52

22/01/2026 04:02:52: [Help] ************** Channel was created.
22/01/2026 04:02:52: [General] ************** Channel was created.
22/01/2026 04:02:52: [Trade] ************** Channel was created.
22/01/2026 04:02:52: [Looking For Group] ************** Channel was created.
##############################
Log started on 22/01/2026 05:00:04

22/01/2026 05:00:04: [Help] ************** Channel was created.
22/01/2026 05:00:04: [General] ************** Channel was created.
22/01/2026 05:00:04: [Trade] ************** Channel was created.
22/01/2026 05:00:04: [Looking For Group] ************** Channel was created.
##############################
Log started on 22/01/2026 06:05:01

22/01/2026 06:05:01: [Help] ************** Channel was created.
22/01/2026 06:05:01: [General] ************** Channel was created.
22/01/2026 06:05:01: [Trade] ************** Channel was created.
22/01/2026 06:05:01: [Looking For Group] ************** Channel was created.
22/01/2026 06:05:05: [General] <405>vaz joined the channel.
22/01/2026 06:05:18: [General] <405>vaz left the channel.
##############################
Log started on 22/01/2026 06:06:41

22/01/2026 06:06:41: [Help] ************** Channel was created.
22/01/2026 06:06:41: [General] ************** Channel was created.
22/01/2026 06:06:41: [Trade] ************** Channel was created.
22/01/2026 06:06:41: [Looking For Group] ************** Channel was created.
22/01/2026 06:07:10: [General] <405>vaz joined the channel.
22/01/2026 06:07:37: [General] <405>vaz left the channel.
##############################
Log started on 22/01/2026 06:18:51

22/01/2026 06:18:51: [Help] ************** Channel was created.
22/01/2026 06:18:51: [General] ************** Channel was created.
22/01/2026 06:18:51: [Trade] ************** Channel was created.
22/01/2026 06:18:51: [Looking For Group] ************** Channel was created.
22/01/2026 06:18:55: [General] <405>vaz joined the channel.
##############################
Log started on 22/01/2026 06:23:01

22/01/2026 06:23:01: [Help] ************** Channel was created.
22/01/2026 06:23:01: [General] ************** Channel was created.
22/01/2026 06:23:01: [Trade] ************** Channel was created.
22/01/2026 06:23:01: [Looking For Group] ************** Channel was created.
22/01/2026 06:23:05: [General] <405>vaz joined the channel.
##############################
Log started on 22/01/2026 06:24:49

22/01/2026 06:24:49: [Help] ************** Channel was created.
22/01/2026 06:24:49: [General] ************** Channel was created.
22/01/2026 06:24:49: [Trade] ************** Channel was created.
22/01/2026 06:24:49: [Looking For Group] ************** Channel was created.
22/01/2026 06:24:53: [General] <405>vaz joined the channel.
##############################
Log started on 22/01/2026 06:31:55

22/01/2026 06:31:55: [Help] ************** Channel was created.
22/01/2026 06:31:55: [General] ************** Channel was created.
22/01/2026 06:31:55: [Trade] ************** Channel was created.
22/01/2026 06:31:55: [Looking For Group] ************** Channel was created.
22/01/2026 06:32:08: [General] <405>vaz joined the channel.
##############################
Log started on 22/01/2026 06:41:34

22/01/2026 06:41:34: [Help] ************** Channel was created.
22/01/2026 06:41:34: [General] ************** Channel was created.
22/01/2026 06:41:34: [Trade] ************** Channel was created.
22/01/2026 06:41:34: [Looking For Group] ************** Channel was created.
22/01/2026 06:41:38: [General] <405>vaz joined the channel.
22/01/2026 06:43:45: [General] <405>vaz left the channel.
##############################
Log started on 22/01/2026 06:44:43

22/01/2026 06:44:43: [Help] ************** Channel was created.
22/01/2026 06:44:43: [General] ************** Channel was created.
22/01/2026 06:44:43: [Trade] ************** Channel was created.
22/01/2026 06:44:43: [Looking For Group] ************** Channel was created.
22/01/2026 06:44:56: [General] <405>vaz joined the channel.
22/01/2026 06:45:11: [General] <405>vaz left the channel.
##############################
Log started on 22/01/2026 06:46:18

22/01/2026 06:46:18: [Help] ************** Channel was created.
22/01/2026 06:46:18: [General] ************** Channel was created.
22/01/2026 06:46:18: [Trade] ************** Channel was created.
22/01/2026 06:46:18: [Looking For Group] ************** Channel was created.
22/01/2026 06:46:21: [General] <405>vaz joined the channel.
##############################
Log started on 22/01/2026 06:49:55

22/01/2026 06:49:55: [Help] ************** Channel was created.
22/01/2026 06:49:55: [General] ************** Channel was created.
22/01/2026 06:49:55: [Trade] ************** Channel was created.
22/01/2026 06:49:55: [Looking For Group] ************** Channel was created.
##############################
Log started on 22/01/2026 06:54:05

22/01/2026 06:54:05: [Help] ************** Channel was created.
22/01/2026 06:54:05: [General] ************** Channel was created.
22/01/2026 06:54:05: [Trade] ************** Channel was created.
22/01/2026 06:54:05: [Looking For Group] ************** Channel was created.
22/01/2026 06:54:07: [General] <405>vaz joined the channel.
22/01/2026 06:54:39: [General] <405>vaz left the channel.
##############################
Log started on 22/01/2026 06:55:17

22/01/2026 06:55:17: [Help] ************** Channel was created.
22/01/2026 06:55:17: [General] ************** Channel was created.
22/01/2026 06:55:17: [Trade] ************** Channel was created.
22/01/2026 06:55:17: [Looking For Group] ************** Channel was created.
22/01/2026 06:55:27: [General] <405>vaz joined the channel.
22/01/2026 06:56:05: [General] <405>vaz left the channel.
##############################
Log started on 22/01/2026 07:04:39

22/01/2026 07:04:39: [Help] ************** Channel was created.
22/01/2026 07:04:39: [General] ************** Channel was created.
22/01/2026 07:04:39: [Trade] ************** Channel was created.
22/01/2026 07:04:39: [Looking For Group] ************** Channel was created.
22/01/2026 07:04:44: [General] <405>vaz joined the channel.
##############################
Log started on 22/01/2026 07:28:25

22/01/2026 07:28:25: [Help] ************** Channel was created.
22/01/2026 07:28:25: [General] ************** Channel was created.
22/01/2026 07:28:25: [Trade] ************** Channel was created.
22/01/2026 07:28:25: [Looking For Group] ************** Channel was created.
22/01/2026 07:28:28: [General] <405>vaz joined the channel.
##############################
Log started on 22/01/2026 07:42:31

22/01/2026 07:42:31: [Help] ************** Channel was created.
22/01/2026 07:42:31: [General] ************** Channel was created.
22/01/2026 07:42:31: [Trade] ************** Channel was created.
22/01/2026 07:42:31: [Looking For Group] ************** Channel was created.
22/01/2026 07:42:34: [General] <405>vaz joined the channel.
##############################
Log started on 22/01/2026 15:30:10

22/01/2026 15:30:10: [Help] ************** Channel was created.
22/01/2026 15:30:10: [General] ************** Channel was created.
22/01/2026 15:30:10: [Trade] ************** Channel was created.
22/01/2026 15:30:10: [Looking For Group] ************** Channel was created.
22/01/2026 15:30:13: [General] <405>vaz joined the channel.
22/01/2026 15:50:30: [General] <405>vaz left the channel.
##############################
Log started on 22/01/2026 16:10:39

22/01/2026 16:10:39: [Help] ************** Channel was created.
22/01/2026 16:10:39: [General] ************** Channel was created.
22/01/2026 16:10:39: [Trade] ************** Channel was created.
22/01/2026 16:10:39: [Looking For Group] ************** Channel was created.
22/01/2026 16:10:43: [General] <405>vaz joined the channel.
##############################
Log started on 22/01/2026 16:41:05

22/01/2026 16:41:05: [Help] ************** Channel was created.
22/01/2026 16:41:05: [General] ************** Channel was created.
22/01/2026 16:41:05: [Trade] ************** Channel was created.
22/01/2026 16:41:05: [Looking For Group] ************** Channel was created.
22/01/2026 16:41:14: [General] <405>vaz joined the channel.
##############################
Log started on 22/01/2026 16:51:35

22/01/2026 16:51:35: [Help] ************** Channel was created.
22/01/2026 16:51:35: [General] ************** Channel was created.
22/01/2026 16:51:35: [Trade] ************** Channel was created.
22/01/2026 16:51:35: [Looking For Group] ************** Channel was created.
22/01/2026 16:51:38: [General] <405>vaz joined the channel.
##############################
Log started on 22/01/2026 16:53:08

22/01/2026 16:53:08: [Help] ************** Channel was created.
22/01/2026 16:53:08: [General] ************** Channel was created.
22/01/2026 16:53:08: [Trade] ************** Channel was created.
22/01/2026 16:53:08: [Looking For Group] ************** Channel was created.
22/01/2026 16:53:10: [General] <405>vaz joined the channel.
##############################
Log started on 22/01/2026 17:31:15

22/01/2026 17:31:15: [Help] ************** Channel was created.
22/01/2026 17:31:15: [General] ************** Channel was created.
22/01/2026 17:31:15: [Trade] ************** Channel was created.
22/01/2026 17:31:15: [Looking For Group] ************** Channel was created.
22/01/2026 17:31:20: [General] <405>vaz joined the channel.
##############################
Log started on 22/01/2026 17:38:44

22/01/2026 17:38:44: [Help] ************** Channel was created.
22/01/2026 17:38:44: [General] ************** Channel was created.
22/01/2026 17:38:44: [Trade] ************** Channel was created.
22/01/2026 17:38:44: [Looking For Group] ************** Channel was created.
22/01/2026 17:38:46: [General] <405>vaz joined the channel.
##############################
Log started on 22/01/2026 18:48:08

22/01/2026 18:48:08: [Help] ************** Channel was created.
22/01/2026 18:48:08: [General] ************** Channel was created.
22/01/2026 18:48:08: [Trade] ************** Channel was created.
22/01/2026 18:48:08: [Looking For Group] ************** Channel was created.
22/01/2026 18:48:13: [General] <405>vaz joined the channel.
##############################
Log started on 22/01/2026 19:40:54

22/01/2026 19:40:54: [Help] ************** Channel was created.
22/01/2026 19:40:54: [General] ************** Channel was created.
22/01/2026 19:40:54: [Trade] ************** Channel was created.
22/01/2026 19:40:54: [Looking For Group] ************** Channel was created.
22/01/2026 19:40:59: [General] <405>vaz joined the channel.
##############################
Log started on 22/01/2026 20:49:06

22/01/2026 20:49:06: [Help] ************** Channel was created.
22/01/2026 20:49:06: [General] ************** Channel was created.
22/01/2026 20:49:06: [Trade] ************** Channel was created.
22/01/2026 20:49:06: [Looking For Group] ************** Channel was created.
22/01/2026 20:49:09: [General] <405>vaz joined the channel.
