##############################
Log started on 05/03/2026 00:34:49

05/03/2026 00:34:49: [Help] ************** Channel was created.
05/03/2026 00:34:49: [General] ************** Channel was created.
05/03/2026 00:34:49: [Trade] ************** Channel was created.
05/03/2026 00:34:49: [Looking For Group] ************** Channel was created.
05/03/2026 00:34:53: [General] <119>vaz joined the channel.
##############################
Log started on 05/03/2026 02:16:21

05/03/2026 02:16:21: [Help] ************** Channel was created.
05/03/2026 02:16:21: [General] ************** Channel was created.
05/03/2026 02:16:21: [Trade] ************** Channel was created.
05/03/2026 02:16:21: [Looking For Group] ************** Channel was created.
05/03/2026 02:16:26: [General] <119>vaz joined the channel.
##############################
Log started on 05/03/2026 02:33:34

05/03/2026 02:33:34: [Help] ************** Channel was created.
05/03/2026 02:33:34: [General] ************** Channel was created.
05/03/2026 02:33:34: [Trade] ************** Channel was created.
05/03/2026 02:33:34: [Looking For Group] ************** Channel was created.
05/03/2026 02:33:38: [General] <119>vaz joined the channel.
##############################
Log started on 05/03/2026 02:42:22

05/03/2026 02:42:22: [Help] ************** Channel was created.
05/03/2026 02:42:22: [General] ************** Channel was created.
05/03/2026 02:42:22: [Trade] ************** Channel was created.
05/03/2026 02:42:22: [Looking For Group] ************** Channel was created.
05/03/2026 02:42:35: [General] <119>vaz joined the channel.
##############################
Log started on 05/03/2026 02:52:50

05/03/2026 02:52:50: [Help] ************** Channel was created.
05/03/2026 02:52:50: [General] ************** Channel was created.
05/03/2026 02:52:50: [Trade] ************** Channel was created.
05/03/2026 02:52:50: [Looking For Group] ************** Channel was created.
05/03/2026 02:52:56: [General] <119>vaz joined the channel.
##############################
Log started on 05/03/2026 03:17:15

05/03/2026 03:17:15: [Help] ************** Channel was created.
05/03/2026 03:17:16: [General] ************** Channel was created.
05/03/2026 03:17:16: [Trade] ************** Channel was created.
05/03/2026 03:17:16: [Looking For Group] ************** Channel was created.
05/03/2026 03:17:47: [General] <119>vaz joined the channel.
##############################
Log started on 05/03/2026 03:23:02

05/03/2026 03:23:02: [Help] ************** Channel was created.
05/03/2026 03:23:02: [General] ************** Channel was created.
05/03/2026 03:23:02: [Trade] ************** Channel was created.
05/03/2026 03:23:02: [Looking For Group] ************** Channel was created.
05/03/2026 03:23:09: [General] <119>vaz joined the channel.
##############################
Log started on 05/03/2026 05:29:31

05/03/2026 05:29:31: [Help] ************** Channel was created.
05/03/2026 05:29:31: [General] ************** Channel was created.
05/03/2026 05:29:31: [Trade] ************** Channel was created.
05/03/2026 05:29:31: [Looking For Group] ************** Channel was created.
05/03/2026 05:30:14: [General] <119>vaz joined the channel.
##############################
Log started on 05/03/2026 05:55:50

05/03/2026 05:55:50: [Help] ************** Channel was created.
05/03/2026 05:55:50: [General] ************** Channel was created.
05/03/2026 05:55:50: [Trade] ************** Channel was created.
05/03/2026 05:55:50: [Looking For Group] ************** Channel was created.
05/03/2026 05:55:53: [General] <119>vaz joined the channel.
05/03/2026 06:00:50: [General] <119>vaz left the channel.
##############################
Log started on 05/03/2026 06:03:01

05/03/2026 06:03:01: [Help] ************** Channel was created.
05/03/2026 06:03:01: [General] ************** Channel was created.
05/03/2026 06:03:01: [Trade] ************** Channel was created.
05/03/2026 06:03:01: [Looking For Group] ************** Channel was created.
05/03/2026 06:03:10: [General] <119>vaz joined the channel.
##############################
Log started on 05/03/2026 06:06:09

05/03/2026 06:06:09: [Help] ************** Channel was created.
05/03/2026 06:06:09: [General] ************** Channel was created.
05/03/2026 06:06:09: [Trade] ************** Channel was created.
05/03/2026 06:06:09: [Looking For Group] ************** Channel was created.
05/03/2026 06:06:13: [General] <119>vaz joined the channel.
##############################
Log started on 05/03/2026 06:59:17

05/03/2026 06:59:17: [Help] ************** Channel was created.
05/03/2026 06:59:17: [General] ************** Channel was created.
05/03/2026 06:59:17: [Trade] ************** Channel was created.
05/03/2026 06:59:17: [Looking For Group] ************** Channel was created.
05/03/2026 06:59:20: [General] <119>vaz joined the channel.
05/03/2026 10:07:42: [General] <119>vaz left the channel.
##############################
Log started on 05/03/2026 13:08:09

05/03/2026 13:08:09: [Help] ************** Channel was created.
05/03/2026 13:08:09: [General] ************** Channel was created.
05/03/2026 13:08:09: [Trade] ************** Channel was created.
05/03/2026 13:08:09: [Looking For Group] ************** Channel was created.
05/03/2026 13:08:12: [General] <119>vaz joined the channel.
05/03/2026 13:17:51: [General] <119>vaz left the channel.
##############################
Log started on 05/03/2026 19:01:36

05/03/2026 19:01:36: [Help] ************** Channel was created.
05/03/2026 19:01:36: [General] ************** Channel was created.
05/03/2026 19:01:36: [Trade] ************** Channel was created.
05/03/2026 19:01:36: [Looking For Group] ************** Channel was created.
05/03/2026 19:01:38: [General] <119>vaz joined the channel.
