##############################
Log started on 16/03/2026 06:16:45

16/03/2026 06:16:45: [Help] ************** Channel was created.
16/03/2026 06:16:45: [General] ************** Channel was created.
16/03/2026 06:16:45: [Trade] ************** Channel was created.
16/03/2026 06:16:45: [Looking For Group] ************** Channel was created.
16/03/2026 06:16:56: [General] <119>Sonhador joined the channel.
16/03/2026 10:17:38: [General] <119>Vaz left the channel.
##############################
Log started on 16/03/2026 13:17:40

16/03/2026 13:17:40: [Help] ************** Channel was created.
16/03/2026 13:17:40: [General] ************** Channel was created.
16/03/2026 13:17:40: [Trade] ************** Channel was created.
16/03/2026 13:17:40: [Looking For Group] ************** Channel was created.
16/03/2026 13:17:43: [General] <119>Vaz joined the channel.
16/03/2026 13:22:40: [General] <409>Ze joined the channel.
##############################
Log started on 16/03/2026 14:14:56

16/03/2026 14:14:56: [Help] ************** Channel was created.
16/03/2026 14:14:56: [General] ************** Channel was created.
16/03/2026 14:14:56: [Trade] ************** Channel was created.
16/03/2026 14:14:56: [Looking For Group] ************** Channel was created.
16/03/2026 14:15:00: [General] <119>Vaz joined the channel.
16/03/2026 14:15:57: [General] <409>Ze joined the channel.
##############################
Log started on 16/03/2026 14:27:57

16/03/2026 14:27:57: [Help] ************** Channel was created.
16/03/2026 14:27:57: [General] ************** Channel was created.
16/03/2026 14:27:57: [Trade] ************** Channel was created.
16/03/2026 14:27:57: [Looking For Group] ************** Channel was created.
16/03/2026 14:28:01: [General] <409>Ze joined the channel.
16/03/2026 14:28:11: [General] <119>Vaz joined the channel.
##############################
Log started on 16/03/2026 14:31:43

16/03/2026 14:31:43: [Help] ************** Channel was created.
16/03/2026 14:31:43: [General] ************** Channel was created.
16/03/2026 14:31:43: [Trade] ************** Channel was created.
16/03/2026 14:31:43: [Looking For Group] ************** Channel was created.
16/03/2026 14:31:46: [General] <119>Vaz joined the channel.
16/03/2026 14:31:53: [General] <409>Ze joined the channel.
##############################
Log started on 16/03/2026 14:35:53

16/03/2026 14:35:53: [Help] ************** Channel was created.
16/03/2026 14:35:53: [General] ************** Channel was created.
16/03/2026 14:35:53: [Trade] ************** Channel was created.
16/03/2026 14:35:53: [Looking For Group] ************** Channel was created.
16/03/2026 14:35:56: [General] <119>Vaz joined the channel.
##############################
Log started on 16/03/2026 15:03:50

16/03/2026 15:03:50: [Help] ************** Channel was created.
16/03/2026 15:03:50: [General] ************** Channel was created.
16/03/2026 15:03:50: [Trade] ************** Channel was created.
16/03/2026 15:03:50: [Looking For Group] ************** Channel was created.
16/03/2026 15:03:57: [General] <119>Vaz joined the channel.
16/03/2026 15:04:07: [General] <409>Ze joined the channel.
##############################
Log started on 16/03/2026 15:54:30

16/03/2026 15:54:30: [Help] ************** Channel was created.
16/03/2026 15:54:30: [General] ************** Channel was created.
16/03/2026 15:54:30: [Trade] ************** Channel was created.
16/03/2026 15:54:30: [Looking For Group] ************** Channel was created.
16/03/2026 15:54:35: [General] <413>testervaz joined the channel.
16/03/2026 15:55:33: [General] <413>testervaz left the channel.
##############################
Log started on 16/03/2026 16:32:41

16/03/2026 16:32:41: [Help] ************** Channel was created.
16/03/2026 16:32:41: [General] ************** Channel was created.
16/03/2026 16:32:41: [Trade] ************** Channel was created.
16/03/2026 16:32:41: [Looking For Group] ************** Channel was created.
16/03/2026 16:32:59: [General] <412>Joao joined the channel.
16/03/2026 16:33:20: [General] <412>Joao left the channel.
16/03/2026 16:33:23: [General] <119>Vaz joined the channel.
16/03/2026 16:33:37: [General] <119>Vaz left the channel.
16/03/2026 16:33:59: [General] <415>fassad joined the channel.
##############################
Log started on 16/03/2026 16:36:14

16/03/2026 16:36:14: [Help] ************** Channel was created.
16/03/2026 16:36:14: [General] ************** Channel was created.
16/03/2026 16:36:14: [Trade] ************** Channel was created.
16/03/2026 16:36:14: [Looking For Group] ************** Channel was created.
16/03/2026 16:36:35: [General] <415>tester joined the channel.
16/03/2026 16:37:01: [General] <119>Vaz joined the channel.
16/03/2026 16:40:31: [General] <415>tester left the channel.
16/03/2026 16:40:36: [General] <415>tester joined the channel.
16/03/2026 16:45:17: [General] <415>tester left the channel.
16/03/2026 16:45:24: [General] <415>tester joined the channel.
16/03/2026 16:46:45: [General] <415>tester left the channel.
16/03/2026 16:46:49: [General] <415>tester joined the channel.
##############################
Log started on 16/03/2026 17:06:31

16/03/2026 17:06:31: [Help] ************** Channel was created.
16/03/2026 17:06:31: [General] ************** Channel was created.
16/03/2026 17:06:31: [Trade] ************** Channel was created.
16/03/2026 17:06:31: [Looking For Group] ************** Channel was created.
16/03/2026 17:06:34: [General] <415>tester joined the channel.
##############################
Log started on 16/03/2026 17:21:48

16/03/2026 17:21:48: [Help] ************** Channel was created.
16/03/2026 17:21:48: [General] ************** Channel was created.
16/03/2026 17:21:48: [Trade] ************** Channel was created.
16/03/2026 17:21:48: [Looking For Group] ************** Channel was created.
16/03/2026 17:22:10: [General] <119>Vaz joined the channel.
16/03/2026 17:23:33: [General] <415>amlia joined the channel.
16/03/2026 17:23:41: [General] <415>amlia left the channel.
##############################
Log started on 16/03/2026 17:30:28

16/03/2026 17:30:28: [Help] ************** Channel was created.
16/03/2026 17:30:28: [General] ************** Channel was created.
16/03/2026 17:30:28: [Trade] ************** Channel was created.
16/03/2026 17:30:28: [Looking For Group] ************** Channel was created.
16/03/2026 17:30:31: [General] <119>Vaz joined the channel.
16/03/2026 17:32:20: [General] <119>Vaz left the channel.
16/03/2026 17:32:23: [General] <119>Vaz joined the channel.
16/03/2026 17:33:03: [General] <119>Vaz left the channel.
16/03/2026 17:33:11: [General] <119>Vaz joined the channel.
16/03/2026 17:34:47: [General] <119>Vaz left the channel.
16/03/2026 17:34:50: [General] <119>Vaz joined the channel.
16/03/2026 17:34:54: [General] <119>Vaz left the channel.
16/03/2026 17:35:03: [General] <119>Vaz joined the channel.
16/03/2026 17:35:06: [General] <119>Vaz left the channel.
16/03/2026 17:35:29: [General] <119>Vaz joined the channel.
16/03/2026 17:35:57: [General] <119>Vaz left the channel.
16/03/2026 17:36:05: [General] <119>Vaz joined the channel.
16/03/2026 17:36:39: [General] <119>Vaz left the channel.
16/03/2026 17:37:00: [General] <119>Vaz joined the channel.
16/03/2026 17:43:05: [General] <119>Vaz left the channel.
16/03/2026 17:43:15: [General] <119>Vaz joined the channel.
16/03/2026 17:46:51: [General] <119>Vaz left the channel.
16/03/2026 17:46:59: [General] <119>Vaz joined the channel.
16/03/2026 17:47:14: [General] <119>Vaz left the channel.
