##############################
Log started on 02/02/2026 02:07:11

02/02/2026 02:07:11: [Help] ************** Channel was created.
02/02/2026 02:07:11: [General] ************** Channel was created.
02/02/2026 02:07:11: [Trade] ************** Channel was created.
02/02/2026 02:07:11: [Looking For Group] ************** Channel was created.
02/02/2026 02:07:16: [General] <120>vaz joined the channel.
02/02/2026 02:11:55: [General] <120>Ray left the channel.
##############################
Log started on 02/02/2026 20:09:39

02/02/2026 20:09:39: [Help] ************** Channel was created.
02/02/2026 20:09:39: [General] ************** Channel was created.
02/02/2026 20:09:39: [Trade] ************** Channel was created.
02/02/2026 20:09:39: [Looking For Group] ************** Channel was created.
02/02/2026 20:09:44: [General] <119>Sonhador joined the channel.
##############################
Log started on 02/02/2026 22:17:49

02/02/2026 22:17:49: [Help] ************** Channel was created.
02/02/2026 22:17:49: [General] ************** Channel was created.
02/02/2026 22:17:49: [Trade] ************** Channel was created.
02/02/2026 22:17:49: [Looking For Group] ************** Channel was created.
02/02/2026 22:17:53: [General] <119>Sonhador joined the channel.
02/02/2026 22:23:11: [General] <119>Sonhador left the channel.
##############################
Log started on 02/02/2026 22:38:20

02/02/2026 22:38:20: [Help] ************** Channel was created.
02/02/2026 22:38:20: [General] ************** Channel was created.
02/02/2026 22:38:20: [Trade] ************** Channel was created.
02/02/2026 22:38:20: [Looking For Group] ************** Channel was created.
02/02/2026 22:38:22: [General] <119>Sonhador joined the channel.
##############################
Log started on 02/02/2026 23:10:55

02/02/2026 23:10:55: [Help] ************** Channel was created.
02/02/2026 23:10:55: [General] ************** Channel was created.
02/02/2026 23:10:55: [Trade] ************** Channel was created.
02/02/2026 23:10:55: [Looking For Group] ************** Channel was created.
02/02/2026 23:11:07: [General] <119>Sonhador joined the channel.
02/02/2026 23:12:59: [General] <120>vaz joined the channel.
##############################
Log started on 02/02/2026 23:32:43

02/02/2026 23:32:43: [Help] ************** Channel was created.
02/02/2026 23:32:43: [General] ************** Channel was created.
02/02/2026 23:32:43: [Trade] ************** Channel was created.
02/02/2026 23:32:43: [Looking For Group] ************** Channel was created.
02/02/2026 23:32:50: [General] <119>Sonhador joined the channel.
