##############################
Log started on 02/03/2026 04:33:25

02/03/2026 04:33:25: [Help] ************** Channel was created.
02/03/2026 04:33:25: [General] ************** Channel was created.
02/03/2026 04:33:25: [Trade] ************** Channel was created.
02/03/2026 04:33:25: [Looking For Group] ************** Channel was created.
02/03/2026 04:33:30: [General] <119>vaz joined the channel.
##############################
Log started on 02/03/2026 04:46:58

02/03/2026 04:46:58: [Help] ************** Channel was created.
02/03/2026 04:46:58: [General] ************** Channel was created.
02/03/2026 04:46:58: [Trade] ************** Channel was created.
02/03/2026 04:46:58: [Looking For Group] ************** Channel was created.
02/03/2026 04:47:03: [General] <119>vaz joined the channel.
##############################
Log started on 02/03/2026 05:00:04

02/03/2026 05:00:04: [Help] ************** Channel was created.
02/03/2026 05:00:04: [General] ************** Channel was created.
02/03/2026 05:00:04: [Trade] ************** Channel was created.
02/03/2026 05:00:04: [Looking For Group] ************** Channel was created.
02/03/2026 05:00:07: [General] <119>vaz joined the channel.
02/03/2026 05:02:41: [General] <119>vaz left the channel.
##############################
Log started on 02/03/2026 05:04:10

02/03/2026 05:04:10: [Help] ************** Channel was created.
02/03/2026 05:04:10: [General] ************** Channel was created.
02/03/2026 05:04:10: [Trade] ************** Channel was created.
02/03/2026 05:04:10: [Looking For Group] ************** Channel was created.
02/03/2026 05:04:23: [General] <119>vaz joined the channel.
##############################
Log started on 02/03/2026 05:49:55

02/03/2026 05:49:55: [Help] ************** Channel was created.
02/03/2026 05:49:55: [General] ************** Channel was created.
02/03/2026 05:49:55: [Trade] ************** Channel was created.
02/03/2026 05:49:55: [Looking For Group] ************** Channel was created.
02/03/2026 05:50:04: [General] <119>vaz joined the channel.
##############################
Log started on 02/03/2026 06:19:11

02/03/2026 06:19:11: [Help] ************** Channel was created.
02/03/2026 06:19:11: [General] ************** Channel was created.
02/03/2026 06:19:11: [Trade] ************** Channel was created.
02/03/2026 06:19:11: [Looking For Group] ************** Channel was created.
02/03/2026 06:19:17: [General] <119>vaz joined the channel.
##############################
Log started on 02/03/2026 06:24:09

02/03/2026 06:24:09: [Help] ************** Channel was created.
02/03/2026 06:24:09: [General] ************** Channel was created.
02/03/2026 06:24:09: [Trade] ************** Channel was created.
02/03/2026 06:24:09: [Looking For Group] ************** Channel was created.
02/03/2026 06:24:12: [General] <119>vaz joined the channel.
##############################
Log started on 02/03/2026 06:31:29

02/03/2026 06:31:29: [Help] ************** Channel was created.
02/03/2026 06:31:29: [General] ************** Channel was created.
02/03/2026 06:31:29: [Trade] ************** Channel was created.
02/03/2026 06:31:29: [Looking For Group] ************** Channel was created.
02/03/2026 06:31:33: [General] <119>vaz joined the channel.
##############################
Log started on 02/03/2026 06:37:08

02/03/2026 06:37:08: [Help] ************** Channel was created.
02/03/2026 06:37:08: [General] ************** Channel was created.
02/03/2026 06:37:08: [Trade] ************** Channel was created.
02/03/2026 06:37:08: [Looking For Group] ************** Channel was created.
02/03/2026 06:37:20: [General] <119>vaz joined the channel.
##############################
Log started on 02/03/2026 06:51:24

02/03/2026 06:51:24: [Help] ************** Channel was created.
02/03/2026 06:51:24: [General] ************** Channel was created.
02/03/2026 06:51:24: [Trade] ************** Channel was created.
02/03/2026 06:51:24: [Looking For Group] ************** Channel was created.
02/03/2026 06:51:28: [General] <119>vaz joined the channel.
##############################
Log started on 02/03/2026 07:05:05

02/03/2026 07:05:05: [Help] ************** Channel was created.
02/03/2026 07:05:05: [General] ************** Channel was created.
02/03/2026 07:05:05: [Trade] ************** Channel was created.
02/03/2026 07:05:05: [Looking For Group] ************** Channel was created.
02/03/2026 07:05:22: [General] <119>vaz joined the channel.
##############################
Log started on 02/03/2026 07:32:29

02/03/2026 07:32:29: [Help] ************** Channel was created.
02/03/2026 07:32:29: [General] ************** Channel was created.
02/03/2026 07:32:29: [Trade] ************** Channel was created.
02/03/2026 07:32:29: [Looking For Group] ************** Channel was created.
02/03/2026 07:32:33: [General] <119>vaz joined the channel.
##############################
Log started on 02/03/2026 07:51:34

02/03/2026 07:51:34: [Help] ************** Channel was created.
02/03/2026 07:51:34: [General] ************** Channel was created.
02/03/2026 07:51:34: [Trade] ************** Channel was created.
02/03/2026 07:51:34: [Looking For Group] ************** Channel was created.
02/03/2026 07:51:37: [General] <119>vaz joined the channel.
##############################
Log started on 02/03/2026 08:00:16

02/03/2026 08:00:16: [Help] ************** Channel was created.
02/03/2026 08:00:16: [General] ************** Channel was created.
02/03/2026 08:00:16: [Trade] ************** Channel was created.
02/03/2026 08:00:16: [Looking For Group] ************** Channel was created.
02/03/2026 08:00:22: [General] <119>vaz joined the channel.
##############################
Log started on 02/03/2026 08:15:48

02/03/2026 08:15:48: [Help] ************** Channel was created.
02/03/2026 08:15:48: [General] ************** Channel was created.
02/03/2026 08:15:48: [Trade] ************** Channel was created.
02/03/2026 08:15:48: [Looking For Group] ************** Channel was created.
02/03/2026 08:15:52: [General] <119>vaz joined the channel.
##############################
Log started on 02/03/2026 08:21:07

02/03/2026 08:21:07: [Help] ************** Channel was created.
02/03/2026 08:21:07: [General] ************** Channel was created.
02/03/2026 08:21:07: [Trade] ************** Channel was created.
02/03/2026 08:21:07: [Looking For Group] ************** Channel was created.
02/03/2026 08:21:11: [General] <119>vaz joined the channel.
##############################
Log started on 02/03/2026 08:30:37

02/03/2026 08:30:37: [Help] ************** Channel was created.
02/03/2026 08:30:37: [General] ************** Channel was created.
02/03/2026 08:30:37: [Trade] ************** Channel was created.
02/03/2026 08:30:37: [Looking For Group] ************** Channel was created.
02/03/2026 08:30:55: [General] <119>vaz joined the channel.
##############################
Log started on 02/03/2026 08:39:57

02/03/2026 08:39:57: [Help] ************** Channel was created.
02/03/2026 08:39:57: [General] ************** Channel was created.
02/03/2026 08:39:57: [Trade] ************** Channel was created.
02/03/2026 08:39:57: [Looking For Group] ************** Channel was created.
02/03/2026 08:40:02: [General] <119>vaz joined the channel.
##############################
Log started on 02/03/2026 16:22:26

02/03/2026 16:22:26: [Help] ************** Channel was created.
02/03/2026 16:22:26: [General] ************** Channel was created.
02/03/2026 16:22:26: [Trade] ************** Channel was created.
02/03/2026 16:22:26: [Looking For Group] ************** Channel was created.
02/03/2026 16:22:40: [General] <119>vaz joined the channel.
##############################
Log started on 02/03/2026 16:40:13

02/03/2026 16:40:13: [Help] ************** Channel was created.
02/03/2026 16:40:13: [General] ************** Channel was created.
02/03/2026 16:40:13: [Trade] ************** Channel was created.
02/03/2026 16:40:13: [Looking For Group] ************** Channel was created.
02/03/2026 16:40:27: [General] <119>vaz joined the channel.
02/03/2026 16:42:30: [General] <119>vaz left the channel.
##############################
Log started on 02/03/2026 16:48:22

02/03/2026 16:48:22: [Help] ************** Channel was created.
02/03/2026 16:48:22: [General] ************** Channel was created.
02/03/2026 16:48:22: [Trade] ************** Channel was created.
02/03/2026 16:48:22: [Looking For Group] ************** Channel was created.
02/03/2026 16:50:35: [General] <119>vaz joined the channel.
##############################
Log started on 02/03/2026 17:08:16

02/03/2026 17:08:16: [Help] ************** Channel was created.
02/03/2026 17:08:16: [General] ************** Channel was created.
02/03/2026 17:08:16: [Trade] ************** Channel was created.
02/03/2026 17:08:16: [Looking For Group] ************** Channel was created.
02/03/2026 17:08:22: [General] <119>vaz joined the channel.
02/03/2026 17:09:11: [General] <409>Ze joined the channel.
##############################
Log started on 02/03/2026 17:25:51

02/03/2026 17:25:51: [Help] ************** Channel was created.
02/03/2026 17:25:51: [General] ************** Channel was created.
02/03/2026 17:25:51: [Trade] ************** Channel was created.
02/03/2026 17:25:51: [Looking For Group] ************** Channel was created.
02/03/2026 17:25:57: [General] <119>vaz joined the channel.
02/03/2026 17:32:34: [General] <409>Ze joined the channel.
##############################
Log started on 02/03/2026 17:50:20

02/03/2026 17:50:20: [Help] ************** Channel was created.
02/03/2026 17:50:20: [General] ************** Channel was created.
02/03/2026 17:50:20: [Trade] ************** Channel was created.
02/03/2026 17:50:20: [Looking For Group] ************** Channel was created.
02/03/2026 17:50:30: [General] <119>vaz joined the channel.
02/03/2026 17:51:06: [General] <409>Ze joined the channel.
##############################
Log started on 02/03/2026 19:15:07

02/03/2026 19:15:07: [Help] ************** Channel was created.
02/03/2026 19:15:07: [General] ************** Channel was created.
02/03/2026 19:15:07: [Trade] ************** Channel was created.
02/03/2026 19:15:07: [Looking For Group] ************** Channel was created.
02/03/2026 19:15:11: [General] <119>vaz joined the channel.
02/03/2026 19:15:17: [General] <409>Ze joined the channel.
##############################
Log started on 02/03/2026 19:32:17

02/03/2026 19:32:17: [Help] ************** Channel was created.
02/03/2026 19:32:17: [General] ************** Channel was created.
02/03/2026 19:32:17: [Trade] ************** Channel was created.
02/03/2026 19:32:17: [Looking For Group] ************** Channel was created.
02/03/2026 19:32:21: [General] <119>vaz joined the channel.
##############################
Log started on 02/03/2026 19:44:29

02/03/2026 19:44:29: [Help] ************** Channel was created.
02/03/2026 19:44:29: [General] ************** Channel was created.
02/03/2026 19:44:29: [Trade] ************** Channel was created.
02/03/2026 19:44:29: [Looking For Group] ************** Channel was created.
02/03/2026 19:44:31: [General] <119>vaz joined the channel.
02/03/2026 19:46:46: [General] <409>Ze joined the channel.
##############################
Log started on 02/03/2026 20:03:45

02/03/2026 20:03:45: [Help] ************** Channel was created.
02/03/2026 20:03:45: [General] ************** Channel was created.
02/03/2026 20:03:45: [Trade] ************** Channel was created.
02/03/2026 20:03:45: [Looking For Group] ************** Channel was created.
02/03/2026 20:03:51: [General] <119>vaz joined the channel.
##############################
Log started on 02/03/2026 20:05:09

02/03/2026 20:05:09: [Help] ************** Channel was created.
02/03/2026 20:05:09: [General] ************** Channel was created.
02/03/2026 20:05:09: [Trade] ************** Channel was created.
02/03/2026 20:05:09: [Looking For Group] ************** Channel was created.
02/03/2026 20:06:01: [General] <119>vaz joined the channel.
02/03/2026 20:06:33: [General] <409>Ze joined the channel.
03/03/2026 00:23:28: [General] <119>vaz left the channel.
03/03/2026 00:23:28: [General] <409>Ze left the channel.
