##############################
Log started on 23/03/2026 04:49:22

23/03/2026 04:49:22: [Help] ************** Channel was created.
23/03/2026 04:49:22: [General] ************** Channel was created.
23/03/2026 04:49:22: [Trade] ************** Channel was created.
23/03/2026 04:49:22: [Looking For Group] ************** Channel was created.
23/03/2026 04:49:25: [General] <119>Vaz joined the channel.
##############################
Log started on 23/03/2026 04:58:06

23/03/2026 04:58:06: [Help] ************** Channel was created.
23/03/2026 04:58:06: [General] ************** Channel was created.
23/03/2026 04:58:06: [Trade] ************** Channel was created.
23/03/2026 04:58:06: [Looking For Group] ************** Channel was created.
23/03/2026 04:58:09: [General] <119>Vaz joined the channel.
##############################
Log started on 23/03/2026 12:43:18

23/03/2026 12:43:18: [Help] ************** Channel was created.
23/03/2026 12:43:18: [General] ************** Channel was created.
23/03/2026 12:43:18: [Trade] ************** Channel was created.
23/03/2026 12:43:18: [Looking For Group] ************** Channel was created.
23/03/2026 12:43:31: [General] <119>Vaz joined the channel.
##############################
Log started on 23/03/2026 13:26:31

23/03/2026 13:26:31: [Help] ************** Channel was created.
23/03/2026 13:26:31: [General] ************** Channel was created.
23/03/2026 13:26:31: [Trade] ************** Channel was created.
23/03/2026 13:26:31: [Looking For Group] ************** Channel was created.
23/03/2026 13:26:35: [General] <119>Vaz joined the channel.
23/03/2026 13:31:52: [General] <409>Ze joined the channel.
##############################
Log started on 23/03/2026 14:42:51

23/03/2026 14:42:51: [Help] ************** Channel was created.
23/03/2026 14:42:51: [General] ************** Channel was created.
23/03/2026 14:42:51: [Trade] ************** Channel was created.
23/03/2026 14:42:51: [Looking For Group] ************** Channel was created.
##############################
Log started on 23/03/2026 17:38:35

23/03/2026 17:38:35: [Help] ************** Channel was created.
23/03/2026 17:38:35: [General] ************** Channel was created.
23/03/2026 17:38:35: [Trade] ************** Channel was created.
23/03/2026 17:38:35: [Looking For Group] ************** Channel was created.
23/03/2026 17:38:39: [General] <119>Vaz joined the channel.
##############################
Log started on 23/03/2026 20:11:01

23/03/2026 20:11:01: [Help] ************** Channel was created.
23/03/2026 20:11:01: [General] ************** Channel was created.
23/03/2026 20:11:01: [Trade] ************** Channel was created.
23/03/2026 20:11:01: [Looking For Group] ************** Channel was created.
23/03/2026 20:11:22: [General] <119>Vaz joined the channel.
##############################
Log started on 23/03/2026 20:21:37

23/03/2026 20:21:37: [Help] ************** Channel was created.
23/03/2026 20:21:37: [General] ************** Channel was created.
23/03/2026 20:21:37: [Trade] ************** Channel was created.
23/03/2026 20:21:37: [Looking For Group] ************** Channel was created.
##############################
Log started on 23/03/2026 20:22:13

23/03/2026 20:22:13: [Help] ************** Channel was created.
23/03/2026 20:22:13: [General] ************** Channel was created.
23/03/2026 20:22:13: [Trade] ************** Channel was created.
23/03/2026 20:22:13: [Looking For Group] ************** Channel was created.
23/03/2026 20:22:41: [General] <119>Vaz joined the channel.
##############################
Log started on 23/03/2026 20:24:47

23/03/2026 20:24:47: [Help] ************** Channel was created.
23/03/2026 20:24:47: [General] ************** Channel was created.
23/03/2026 20:24:47: [Trade] ************** Channel was created.
23/03/2026 20:24:47: [Looking For Group] ************** Channel was created.
23/03/2026 20:24:50: [General] <119>Vaz joined the channel.
##############################
Log started on 23/03/2026 20:36:48

23/03/2026 20:36:48: [Help] ************** Channel was created.
23/03/2026 20:36:48: [General] ************** Channel was created.
23/03/2026 20:36:48: [Trade] ************** Channel was created.
23/03/2026 20:36:48: [Looking For Group] ************** Channel was created.
23/03/2026 20:36:52: [General] <119>Vaz joined the channel.
##############################
Log started on 23/03/2026 21:15:03

23/03/2026 21:15:03: [Help] ************** Channel was created.
23/03/2026 21:15:03: [General] ************** Channel was created.
23/03/2026 21:15:03: [Trade] ************** Channel was created.
23/03/2026 21:15:03: [Looking For Group] ************** Channel was created.
23/03/2026 21:15:10: [General] <119>Vaz joined the channel.
24/03/2026 00:20:40: [General] <413>Joao joined the channel.
24/03/2026 00:28:05: [General] <119>Vaz left the channel.
