##############################
Log started on 26/01/2026 06:22:43

26/01/2026 06:22:43: [Help] ************** Channel was created.
26/01/2026 06:22:43: [General] ************** Channel was created.
26/01/2026 06:22:43: [Trade] ************** Channel was created.
26/01/2026 06:22:43: [Looking For Group] ************** Channel was created.
26/01/2026 06:22:53: [General] <116>Vaz joined the channel.
26/01/2026 06:23:16: [General] <405>teste joined the channel.
26/01/2026 06:23:26: [General] <406>uau joined the channel.
26/01/2026 06:37:38: [General] <406>uau left the channel.
26/01/2026 06:52:15: [General] <405>teste left the channel.
26/01/2026 06:52:18: [General] <116>Vaz left the channel.
##############################
Log started on 26/01/2026 07:13:46

26/01/2026 07:13:46: [Help] ************** Channel was created.
26/01/2026 07:13:46: [General] ************** Channel was created.
26/01/2026 07:13:46: [Trade] ************** Channel was created.
26/01/2026 07:13:46: [Looking For Group] ************** Channel was created.
26/01/2026 07:13:51: [General] <116>Vaz joined the channel.
26/01/2026 07:13:59: [General] <405>teste joined the channel.
26/01/2026 13:07:54: [General] <405>teste left the channel.
26/01/2026 13:07:54: [General] <116>Vaz left the channel.
26/01/2026 13:16:39: [General] <116>Vaz joined the channel.
26/01/2026 14:57:58: [General] <116>Vaz left the channel.
##############################
Log started on 26/01/2026 15:13:53

26/01/2026 15:13:53: [Help] ************** Channel was created.
26/01/2026 15:13:53: [General] ************** Channel was created.
26/01/2026 15:13:53: [Trade] ************** Channel was created.
26/01/2026 15:13:53: [Looking For Group] ************** Channel was created.
26/01/2026 15:23:35: [General] <116>Vaz joined the channel.
26/01/2026 15:26:00: [General] <405>teste joined the channel.
##############################
Log started on 26/01/2026 16:39:07

26/01/2026 16:39:07: [Help] ************** Channel was created.
26/01/2026 16:39:07: [General] ************** Channel was created.
26/01/2026 16:39:07: [Trade] ************** Channel was created.
26/01/2026 16:39:07: [Looking For Group] ************** Channel was created.
26/01/2026 16:39:19: [General] <116>Vaz joined the channel.
##############################
Log started on 26/01/2026 17:01:41

26/01/2026 17:01:41: [Help] ************** Channel was created.
26/01/2026 17:01:41: [General] ************** Channel was created.
26/01/2026 17:01:41: [Trade] ************** Channel was created.
26/01/2026 17:01:41: [Looking For Group] ************** Channel was created.
26/01/2026 17:01:44: [General] <116>Vaz joined the channel.
##############################
Log started on 26/01/2026 17:10:58

26/01/2026 17:10:58: [Help] ************** Channel was created.
26/01/2026 17:10:58: [General] ************** Channel was created.
26/01/2026 17:10:58: [Trade] ************** Channel was created.
26/01/2026 17:10:58: [Looking For Group] ************** Channel was created.
26/01/2026 17:11:02: [General] <116>Vaz joined the channel.
##############################
Log started on 26/01/2026 17:16:05

26/01/2026 17:16:05: [Help] ************** Channel was created.
26/01/2026 17:16:05: [General] ************** Channel was created.
26/01/2026 17:16:05: [Trade] ************** Channel was created.
26/01/2026 17:16:05: [Looking For Group] ************** Channel was created.
26/01/2026 17:16:10: [General] <116>Vaz joined the channel.
##############################
Log started on 26/01/2026 17:30:11

26/01/2026 17:30:11: [Help] ************** Channel was created.
26/01/2026 17:30:11: [General] ************** Channel was created.
26/01/2026 17:30:11: [Trade] ************** Channel was created.
26/01/2026 17:30:11: [Looking For Group] ************** Channel was created.
26/01/2026 17:30:15: [General] <116>Vaz joined the channel.
##############################
Log started on 26/01/2026 17:34:26

26/01/2026 17:34:26: [Help] ************** Channel was created.
26/01/2026 17:34:26: [General] ************** Channel was created.
26/01/2026 17:34:26: [Trade] ************** Channel was created.
26/01/2026 17:34:26: [Looking For Group] ************** Channel was created.
26/01/2026 17:34:29: [General] <116>Vaz joined the channel.
##############################
Log started on 26/01/2026 17:44:20

26/01/2026 17:44:20: [Help] ************** Channel was created.
26/01/2026 17:44:20: [General] ************** Channel was created.
26/01/2026 17:44:20: [Trade] ************** Channel was created.
26/01/2026 17:44:20: [Looking For Group] ************** Channel was created.
26/01/2026 17:44:23: [General] <116>Vaz joined the channel.
