##############################
Log started on 09/03/2026 06:19:06

09/03/2026 06:19:06: [Help] ************** Channel was created.
09/03/2026 06:19:06: [General] ************** Channel was created.
09/03/2026 06:19:06: [Trade] ************** Channel was created.
09/03/2026 06:19:06: [Looking For Group] ************** Channel was created.
09/03/2026 06:19:16: [General] <119>vaz joined the channel.
##############################
Log started on 09/03/2026 06:42:17

09/03/2026 06:42:17: [Help] ************** Channel was created.
09/03/2026 06:42:17: [General] ************** Channel was created.
09/03/2026 06:42:17: [Trade] ************** Channel was created.
09/03/2026 06:42:17: [Looking For Group] ************** Channel was created.
##############################
Log started on 09/03/2026 06:58:26

09/03/2026 06:58:26: [Help] ************** Channel was created.
09/03/2026 06:58:26: [General] ************** Channel was created.
09/03/2026 06:58:26: [Trade] ************** Channel was created.
09/03/2026 06:58:26: [Looking For Group] ************** Channel was created.
09/03/2026 06:58:34: [General] <119>vaz joined the channel.
##############################
Log started on 09/03/2026 08:05:07

09/03/2026 08:05:07: [Help] ************** Channel was created.
09/03/2026 08:05:07: [General] ************** Channel was created.
09/03/2026 08:05:07: [Trade] ************** Channel was created.
09/03/2026 08:05:07: [Looking For Group] ************** Channel was created.
##############################
Log started on 09/03/2026 08:05:20

09/03/2026 08:05:20: [Help] ************** Channel was created.
09/03/2026 08:05:20: [General] ************** Channel was created.
09/03/2026 08:05:20: [Trade] ************** Channel was created.
09/03/2026 08:05:20: [Looking For Group] ************** Channel was created.
##############################
Log started on 09/03/2026 08:21:55

09/03/2026 08:21:55: [Help] ************** Channel was created.
09/03/2026 08:21:55: [General] ************** Channel was created.
09/03/2026 08:21:55: [Trade] ************** Channel was created.
09/03/2026 08:21:55: [Looking For Group] ************** Channel was created.
##############################
Log started on 09/03/2026 08:27:26

09/03/2026 08:27:26: [Help] ************** Channel was created.
09/03/2026 08:27:26: [General] ************** Channel was created.
09/03/2026 08:27:26: [Trade] ************** Channel was created.
09/03/2026 08:27:26: [Looking For Group] ************** Channel was created.
##############################
Log started on 09/03/2026 14:58:51

09/03/2026 14:58:51: [Help] ************** Channel was created.
09/03/2026 14:58:51: [General] ************** Channel was created.
09/03/2026 14:58:51: [Trade] ************** Channel was created.
09/03/2026 14:58:51: [Looking For Group] ************** Channel was created.
##############################
Log started on 09/03/2026 15:09:24

09/03/2026 15:09:24: [Help] ************** Channel was created.
09/03/2026 15:09:24: [General] ************** Channel was created.
09/03/2026 15:09:24: [Trade] ************** Channel was created.
09/03/2026 15:09:24: [Looking For Group] ************** Channel was created.
##############################
Log started on 09/03/2026 15:27:18

09/03/2026 15:27:18: [Help] ************** Channel was created.
09/03/2026 15:27:18: [General] ************** Channel was created.
09/03/2026 15:27:18: [Trade] ************** Channel was created.
09/03/2026 15:27:18: [Looking For Group] ************** Channel was created.
09/03/2026 15:27:23: [General] <119>vaz joined the channel.
##############################
Log started on 09/03/2026 15:28:03

09/03/2026 15:28:03: [Help] ************** Channel was created.
09/03/2026 15:28:03: [General] ************** Channel was created.
09/03/2026 15:28:03: [Trade] ************** Channel was created.
09/03/2026 15:28:03: [Looking For Group] ************** Channel was created.
09/03/2026 15:28:05: [General] <119>vaz joined the channel.
09/03/2026 15:45:10: [General] <409>ze joined the channel.
##############################
Log started on 09/03/2026 15:54:44

09/03/2026 15:54:44: [Help] ************** Channel was created.
09/03/2026 15:54:44: [General] ************** Channel was created.
09/03/2026 15:54:44: [Trade] ************** Channel was created.
09/03/2026 15:54:44: [Looking For Group] ************** Channel was created.
09/03/2026 15:56:02: [General] <119>vaz joined the channel.
09/03/2026 16:04:34: [General] <119>vaz left the channel.
##############################
Log started on 09/03/2026 16:28:20

09/03/2026 16:28:20: [Help] ************** Channel was created.
09/03/2026 16:28:20: [General] ************** Channel was created.
09/03/2026 16:28:20: [Trade] ************** Channel was created.
09/03/2026 16:28:20: [Looking For Group] ************** Channel was created.
09/03/2026 16:28:24: [General] <119>vaz joined the channel.
##############################
Log started on 09/03/2026 16:28:52

09/03/2026 16:28:52: [Help] ************** Channel was created.
09/03/2026 16:28:52: [General] ************** Channel was created.
09/03/2026 16:28:52: [Trade] ************** Channel was created.
09/03/2026 16:28:52: [Looking For Group] ************** Channel was created.
09/03/2026 16:28:59: [General] <119>vaz joined the channel.
09/03/2026 16:31:10: [General] <119>vaz left the channel.
09/03/2026 16:31:17: [General] <119>vaz joined the channel.
##############################
Log started on 09/03/2026 16:36:28

09/03/2026 16:36:28: [Help] ************** Channel was created.
09/03/2026 16:36:28: [General] ************** Channel was created.
09/03/2026 16:36:28: [Trade] ************** Channel was created.
09/03/2026 16:36:28: [Looking For Group] ************** Channel was created.
09/03/2026 16:36:31: [General] <119>vaz joined the channel.
##############################
Log started on 09/03/2026 16:38:59

09/03/2026 16:38:59: [Help] ************** Channel was created.
09/03/2026 16:38:59: [General] ************** Channel was created.
09/03/2026 16:38:59: [Trade] ************** Channel was created.
09/03/2026 16:38:59: [Looking For Group] ************** Channel was created.
09/03/2026 16:39:04: [General] <119>vaz joined the channel.
##############################
Log started on 09/03/2026 16:45:47

09/03/2026 16:45:47: [Help] ************** Channel was created.
09/03/2026 16:45:47: [General] ************** Channel was created.
09/03/2026 16:45:47: [Trade] ************** Channel was created.
09/03/2026 16:45:47: [Looking For Group] ************** Channel was created.
09/03/2026 16:45:51: [General] <119>vaz joined the channel.
09/03/2026 16:47:55: [General] <409>ze joined the channel.
##############################
Log started on 09/03/2026 16:52:38

09/03/2026 16:52:38: [Help] ************** Channel was created.
09/03/2026 16:52:38: [General] ************** Channel was created.
09/03/2026 16:52:38: [Trade] ************** Channel was created.
09/03/2026 16:52:38: [Looking For Group] ************** Channel was created.
##############################
Log started on 09/03/2026 17:04:44

09/03/2026 17:04:44: [Help] ************** Channel was created.
09/03/2026 17:04:44: [General] ************** Channel was created.
09/03/2026 17:04:44: [Trade] ************** Channel was created.
09/03/2026 17:04:44: [Looking For Group] ************** Channel was created.
09/03/2026 17:04:49: [General] <119>vaz joined the channel.
09/03/2026 17:07:42: [General] <119>vaz left the channel.
##############################
Log started on 09/03/2026 17:20:14

09/03/2026 17:20:14: [Help] ************** Channel was created.
09/03/2026 17:20:14: [General] ************** Channel was created.
09/03/2026 17:20:14: [Trade] ************** Channel was created.
09/03/2026 17:20:14: [Looking For Group] ************** Channel was created.
09/03/2026 17:20:17: [General] <119>vaz joined the channel.
09/03/2026 17:21:45: [General] <409>ze joined the channel.
##############################
Log started on 09/03/2026 17:24:14

09/03/2026 17:24:14: [Help] ************** Channel was created.
09/03/2026 17:24:14: [General] ************** Channel was created.
09/03/2026 17:24:14: [Trade] ************** Channel was created.
09/03/2026 17:24:14: [Looking For Group] ************** Channel was created.
09/03/2026 17:24:17: [General] <409>ze joined the channel.
09/03/2026 17:26:29: [General] <119>vaz joined the channel.
##############################
Log started on 09/03/2026 17:30:34

09/03/2026 17:30:34: [Help] ************** Channel was created.
09/03/2026 17:30:34: [General] ************** Channel was created.
09/03/2026 17:30:34: [Trade] ************** Channel was created.
09/03/2026 17:30:34: [Looking For Group] ************** Channel was created.
09/03/2026 17:30:41: [General] <409>Zé joined the channel.
09/03/2026 17:30:58: [General] <119>vaz joined the channel.
##############################
Log started on 09/03/2026 17:46:35

09/03/2026 17:46:35: [Help] ************** Channel was created.
09/03/2026 17:46:35: [General] ************** Channel was created.
09/03/2026 17:46:35: [Trade] ************** Channel was created.
09/03/2026 17:46:35: [Looking For Group] ************** Channel was created.
09/03/2026 17:46:38: [General] <409>Zé joined the channel.
09/03/2026 17:46:43: [General] <119>vaz joined the channel.
##############################
Log started on 09/03/2026 19:30:33

09/03/2026 19:30:33: [Help] ************** Channel was created.
09/03/2026 19:30:33: [General] ************** Channel was created.
09/03/2026 19:30:33: [Trade] ************** Channel was created.
09/03/2026 19:30:33: [Looking For Group] ************** Channel was created.
09/03/2026 19:30:37: [General] <119>vaz joined the channel.
09/03/2026 19:31:00: [General] <409>Zé joined the channel.
##############################
Log started on 09/03/2026 19:42:38

09/03/2026 19:42:38: [Help] ************** Channel was created.
09/03/2026 19:42:38: [General] ************** Channel was created.
09/03/2026 19:42:38: [Trade] ************** Channel was created.
09/03/2026 19:42:38: [Looking For Group] ************** Channel was created.
09/03/2026 19:42:41: [General] <409>Zé joined the channel.
09/03/2026 19:42:45: [General] <119>vaz joined the channel.
##############################
Log started on 09/03/2026 19:44:36

09/03/2026 19:44:36: [Help] ************** Channel was created.
09/03/2026 19:44:36: [General] ************** Channel was created.
09/03/2026 19:44:36: [Trade] ************** Channel was created.
09/03/2026 19:44:36: [Looking For Group] ************** Channel was created.
09/03/2026 19:44:43: [General] <119>vaz joined the channel.
09/03/2026 19:47:10: [General] <409>Zé joined the channel.
##############################
Log started on 09/03/2026 19:55:01

09/03/2026 19:55:01: [Help] ************** Channel was created.
09/03/2026 19:55:01: [General] ************** Channel was created.
09/03/2026 19:55:01: [Trade] ************** Channel was created.
09/03/2026 19:55:01: [Looking For Group] ************** Channel was created.
09/03/2026 19:56:00: [General] <409>Zé joined the channel.
09/03/2026 19:56:16: [General] <119>vaz joined the channel.
##############################
Log started on 09/03/2026 19:57:20

09/03/2026 19:57:20: [Help] ************** Channel was created.
09/03/2026 19:57:20: [General] ************** Channel was created.
09/03/2026 19:57:20: [Trade] ************** Channel was created.
09/03/2026 19:57:20: [Looking For Group] ************** Channel was created.
09/03/2026 19:59:09: [General] <119>vaz joined the channel.
09/03/2026 19:59:17: [General] <409>Zé joined the channel.
##############################
Log started on 09/03/2026 20:29:32

09/03/2026 20:29:32: [Help] ************** Channel was created.
09/03/2026 20:29:32: [General] ************** Channel was created.
09/03/2026 20:29:32: [Trade] ************** Channel was created.
09/03/2026 20:29:32: [Looking For Group] ************** Channel was created.
09/03/2026 20:29:54: [General] <119>vaz joined the channel.
09/03/2026 20:30:02: [General] <409>Zé joined the channel.
##############################
Log started on 09/03/2026 20:42:45

09/03/2026 20:42:45: [Help] ************** Channel was created.
09/03/2026 20:42:45: [General] ************** Channel was created.
09/03/2026 20:42:45: [Trade] ************** Channel was created.
09/03/2026 20:42:45: [Looking For Group] ************** Channel was created.
09/03/2026 20:42:47: [General] <409>Zé joined the channel.
##############################
Log started on 09/03/2026 23:09:45

09/03/2026 23:09:45: [Help] ************** Channel was created.
09/03/2026 23:09:45: [General] ************** Channel was created.
09/03/2026 23:09:45: [Trade] ************** Channel was created.
09/03/2026 23:09:45: [Looking For Group] ************** Channel was created.
09/03/2026 23:09:49: [General] <409>Zé joined the channel.
09/03/2026 23:32:03: [General] <119>vaz joined the channel.
##############################
Log started on 09/03/2026 23:34:58

09/03/2026 23:34:58: [Help] ************** Channel was created.
09/03/2026 23:34:58: [General] ************** Channel was created.
09/03/2026 23:34:58: [Trade] ************** Channel was created.
09/03/2026 23:34:58: [Looking For Group] ************** Channel was created.
09/03/2026 23:35:01: [General] <409>Zé joined the channel.
##############################
Log started on 09/03/2026 23:56:22

09/03/2026 23:56:22: [Help] ************** Channel was created.
09/03/2026 23:56:22: [General] ************** Channel was created.
09/03/2026 23:56:22: [Trade] ************** Channel was created.
09/03/2026 23:56:22: [Looking For Group] ************** Channel was created.
