##############################
Log started on 13/02/2026 12:47:17

13/02/2026 12:47:17: [Help] ************** Channel was created.
13/02/2026 12:47:17: [General] ************** Channel was created.
13/02/2026 12:47:17: [Trade] ************** Channel was created.
13/02/2026 12:47:17: [Looking For Group] ************** Channel was created.
13/02/2026 12:47:31: [General] <119>Sonhador joined the channel.
13/02/2026 12:49:51: [General] <120>vaz joined the channel.
13/02/2026 12:50:52: [General] <120>vaz left the channel.
##############################
Log started on 13/02/2026 14:48:04

13/02/2026 14:48:04: [Help] ************** Channel was created.
13/02/2026 14:48:04: [General] ************** Channel was created.
13/02/2026 14:48:04: [Trade] ************** Channel was created.
13/02/2026 14:48:04: [Looking For Group] ************** Channel was created.
13/02/2026 14:51:46: [General] <120>vaz joined the channel.
13/02/2026 14:55:10: [General] <119>Sonhador joined the channel.
##############################
Log started on 13/02/2026 15:02:02

13/02/2026 15:02:02: [Help] ************** Channel was created.
13/02/2026 15:02:02: [General] ************** Channel was created.
13/02/2026 15:02:02: [Trade] ************** Channel was created.
13/02/2026 15:02:02: [Looking For Group] ************** Channel was created.
13/02/2026 15:02:07: [General] <120>vaz joined the channel.
##############################
Log started on 13/02/2026 15:04:21

13/02/2026 15:04:21: [Help] ************** Channel was created.
13/02/2026 15:04:21: [General] ************** Channel was created.
13/02/2026 15:04:21: [Trade] ************** Channel was created.
13/02/2026 15:04:21: [Looking For Group] ************** Channel was created.
13/02/2026 15:04:35: [General] <120>vaz joined the channel.
##############################
Log started on 13/02/2026 15:23:55

13/02/2026 15:23:55: [Help] ************** Channel was created.
13/02/2026 15:23:55: [General] ************** Channel was created.
13/02/2026 15:23:55: [Trade] ************** Channel was created.
13/02/2026 15:23:55: [Looking For Group] ************** Channel was created.
13/02/2026 15:23:59: [General] <120>vaz joined the channel.
##############################
Log started on 13/02/2026 18:31:57

13/02/2026 18:31:57: [Help] ************** Channel was created.
13/02/2026 18:31:57: [General] ************** Channel was created.
13/02/2026 18:31:57: [Trade] ************** Channel was created.
13/02/2026 18:31:57: [Looking For Group] ************** Channel was created.
13/02/2026 18:32:03: [General] <120>vaz joined the channel.
##############################
Log started on 13/02/2026 18:34:40

13/02/2026 18:34:40: [Help] ************** Channel was created.
13/02/2026 18:34:40: [General] ************** Channel was created.
13/02/2026 18:34:40: [Trade] ************** Channel was created.
13/02/2026 18:34:40: [Looking For Group] ************** Channel was created.
13/02/2026 18:34:43: [General] <120>vaz joined the channel.
##############################
Log started on 13/02/2026 18:41:50

13/02/2026 18:41:50: [Help] ************** Channel was created.
13/02/2026 18:41:50: [General] ************** Channel was created.
13/02/2026 18:41:50: [Trade] ************** Channel was created.
13/02/2026 18:41:50: [Looking For Group] ************** Channel was created.
13/02/2026 18:41:54: [General] <120>vaz joined the channel.
##############################
Log started on 13/02/2026 18:45:52

13/02/2026 18:45:52: [Help] ************** Channel was created.
13/02/2026 18:45:52: [General] ************** Channel was created.
13/02/2026 18:45:52: [Trade] ************** Channel was created.
13/02/2026 18:45:52: [Looking For Group] ************** Channel was created.
13/02/2026 18:45:56: [General] <120>vaz joined the channel.
13/02/2026 18:49:48: [General] <120>vaz left the channel.
##############################
Log started on 13/02/2026 19:00:09

13/02/2026 19:00:09: [Help] ************** Channel was created.
13/02/2026 19:00:09: [General] ************** Channel was created.
13/02/2026 19:00:09: [Trade] ************** Channel was created.
13/02/2026 19:00:09: [Looking For Group] ************** Channel was created.
13/02/2026 19:00:21: [General] <120>vaz joined the channel.
##############################
Log started on 13/02/2026 19:14:50

13/02/2026 19:14:50: [Help] ************** Channel was created.
13/02/2026 19:14:50: [General] ************** Channel was created.
13/02/2026 19:14:50: [Trade] ************** Channel was created.
13/02/2026 19:14:50: [Looking For Group] ************** Channel was created.
13/02/2026 19:15:01: [General] <120>vaz joined the channel.
##############################
Log started on 13/02/2026 19:27:56

13/02/2026 19:27:56: [Help] ************** Channel was created.
13/02/2026 19:27:56: [General] ************** Channel was created.
13/02/2026 19:27:56: [Trade] ************** Channel was created.
13/02/2026 19:27:56: [Looking For Group] ************** Channel was created.
13/02/2026 19:28:06: [General] <120>vaz joined the channel.
##############################
Log started on 13/02/2026 19:33:43

13/02/2026 19:33:43: [Help] ************** Channel was created.
13/02/2026 19:33:43: [General] ************** Channel was created.
13/02/2026 19:33:43: [Trade] ************** Channel was created.
13/02/2026 19:33:43: [Looking For Group] ************** Channel was created.
13/02/2026 19:33:53: [General] <120>vaz joined the channel.
##############################
Log started on 13/02/2026 19:49:13

13/02/2026 19:49:13: [Help] ************** Channel was created.
13/02/2026 19:49:13: [General] ************** Channel was created.
13/02/2026 19:49:13: [Trade] ************** Channel was created.
13/02/2026 19:49:13: [Looking For Group] ************** Channel was created.
13/02/2026 19:49:37: [General] <120>vaz joined the channel.
##############################
Log started on 13/02/2026 20:17:02

13/02/2026 20:17:02: [Help] ************** Channel was created.
13/02/2026 20:17:02: [General] ************** Channel was created.
13/02/2026 20:17:02: [Trade] ************** Channel was created.
13/02/2026 20:17:02: [Looking For Group] ************** Channel was created.
13/02/2026 20:17:10: [General] <120>vaz joined the channel.
##############################
Log started on 13/02/2026 20:30:02

13/02/2026 20:30:02: [Help] ************** Channel was created.
13/02/2026 20:30:02: [General] ************** Channel was created.
13/02/2026 20:30:02: [Trade] ************** Channel was created.
13/02/2026 20:30:02: [Looking For Group] ************** Channel was created.
13/02/2026 20:30:23: [General] <120>vaz joined the channel.
