##############################
Log started on 20/03/2026 00:08:33

20/03/2026 00:08:33: [Help] ************** Channel was created.
20/03/2026 00:08:33: [General] ************** Channel was created.
20/03/2026 00:08:33: [Trade] ************** Channel was created.
20/03/2026 00:08:33: [Looking For Group] ************** Channel was created.
20/03/2026 00:09:07: [General] <413>Joao joined the channel.
20/03/2026 00:09:16: [General] <415>Sonhador joined the channel.
20/03/2026 00:14:51: [General] <119>Vaz joined the channel.
##############################
Log started on 20/03/2026 03:34:46

20/03/2026 03:34:46: [Help] ************** Channel was created.
20/03/2026 03:34:46: [General] ************** Channel was created.
20/03/2026 03:34:46: [Trade] ************** Channel was created.
20/03/2026 03:34:46: [Looking For Group] ************** Channel was created.
20/03/2026 03:34:53: [General] <119>Vaz joined the channel.
##############################
Log started on 20/03/2026 15:33:46

20/03/2026 15:33:46: [Help] ************** Channel was created.
20/03/2026 15:33:46: [General] ************** Channel was created.
20/03/2026 15:33:46: [Trade] ************** Channel was created.
20/03/2026 15:33:46: [Looking For Group] ************** Channel was created.
20/03/2026 15:33:49: [General] <119>Vaz joined the channel.
20/03/2026 15:41:59: [General] <409>Ze joined the channel.
##############################
Log started on 20/03/2026 15:58:03

20/03/2026 15:58:03: [Help] ************** Channel was created.
20/03/2026 15:58:03: [General] ************** Channel was created.
20/03/2026 15:58:03: [Trade] ************** Channel was created.
20/03/2026 15:58:03: [Looking For Group] ************** Channel was created.
20/03/2026 16:04:46: [General] <119>Vaz joined the channel.
##############################
Log started on 20/03/2026 16:13:33

20/03/2026 16:13:33: [Help] ************** Channel was created.
20/03/2026 16:13:33: [General] ************** Channel was created.
20/03/2026 16:13:33: [Trade] ************** Channel was created.
20/03/2026 16:13:33: [Looking For Group] ************** Channel was created.
20/03/2026 16:14:44: [General] <119>Vaz joined the channel.
20/03/2026 16:22:21: [General] <119>Vaz left the channel.
20/03/2026 16:22:22: [General] <119>Vaz joined the channel.
##############################
Log started on 20/03/2026 16:30:27

20/03/2026 16:30:27: [Help] ************** Channel was created.
20/03/2026 16:30:27: [General] ************** Channel was created.
20/03/2026 16:30:27: [Trade] ************** Channel was created.
20/03/2026 16:30:27: [Looking For Group] ************** Channel was created.
20/03/2026 16:30:53: [General] <119>Vaz joined the channel.
20/03/2026 16:35:05: [General] <409>Ze joined the channel.
##############################
Log started on 20/03/2026 16:54:47

20/03/2026 16:54:47: [Help] ************** Channel was created.
20/03/2026 16:54:47: [General] ************** Channel was created.
20/03/2026 16:54:47: [Trade] ************** Channel was created.
20/03/2026 16:54:47: [Looking For Group] ************** Channel was created.
20/03/2026 16:54:50: [General] <119>Vaz joined the channel.
