##############################
Log started on 30/01/2026 04:03:58

30/01/2026 04:03:58: [Help] ************** Channel was created.
30/01/2026 04:03:58: [General] ************** Channel was created.
30/01/2026 04:03:58: [Trade] ************** Channel was created.
30/01/2026 04:03:58: [Looking For Group] ************** Channel was created.
30/01/2026 04:04:19: [General] <120>vaz joined the channel.
30/01/2026 04:04:27: [General] <119>Sonhador joined the channel.
##############################
Log started on 30/01/2026 04:22:36

30/01/2026 04:22:36: [Help] ************** Channel was created.
30/01/2026 04:22:36: [General] ************** Channel was created.
30/01/2026 04:22:36: [Trade] ************** Channel was created.
30/01/2026 04:22:36: [Looking For Group] ************** Channel was created.
30/01/2026 04:22:47: [General] <120>vaz joined the channel.
30/01/2026 04:22:53: [General] <119>Sonhador joined the channel.
##############################
Log started on 30/01/2026 04:35:58

30/01/2026 04:35:58: [Help] ************** Channel was created.
30/01/2026 04:35:58: [General] ************** Channel was created.
30/01/2026 04:35:58: [Trade] ************** Channel was created.
30/01/2026 04:35:58: [Looking For Group] ************** Channel was created.
30/01/2026 04:36:06: [General] <409>ze joined the channel.
30/01/2026 04:36:16: [General] <120>vaz joined the channel.
30/01/2026 04:37:41: [General] <409>ze left the channel.
##############################
Log started on 30/01/2026 04:42:24

30/01/2026 04:42:24: [Help] ************** Channel was created.
30/01/2026 04:42:24: [General] ************** Channel was created.
30/01/2026 04:42:24: [Trade] ************** Channel was created.
30/01/2026 04:42:24: [Looking For Group] ************** Channel was created.
30/01/2026 04:42:29: [General] <119>Sonhador joined the channel.
30/01/2026 04:44:25: [General] <120>vaz joined the channel.
##############################
Log started on 30/01/2026 04:48:21

30/01/2026 04:48:21: [Help] ************** Channel was created.
30/01/2026 04:48:21: [General] ************** Channel was created.
30/01/2026 04:48:21: [Trade] ************** Channel was created.
30/01/2026 04:48:21: [Looking For Group] ************** Channel was created.
30/01/2026 04:48:27: [General] <120>vaz joined the channel.
30/01/2026 04:48:32: [General] <119>Sonhador joined the channel.
##############################
Log started on 30/01/2026 13:00:01

30/01/2026 13:00:01: [Help] ************** Channel was created.
30/01/2026 13:00:01: [General] ************** Channel was created.
30/01/2026 13:00:01: [Trade] ************** Channel was created.
30/01/2026 13:00:01: [Looking For Group] ************** Channel was created.
30/01/2026 13:00:11: [General] <120>vaz joined the channel.
30/01/2026 13:00:15: [General] <119>Sonhador joined the channel.
##############################
Log started on 30/01/2026 13:30:05

30/01/2026 13:30:05: [Help] ************** Channel was created.
30/01/2026 13:30:05: [General] ************** Channel was created.
30/01/2026 13:30:05: [Trade] ************** Channel was created.
30/01/2026 13:30:05: [Looking For Group] ************** Channel was created.
30/01/2026 13:30:26: [General] <120>vaz joined the channel.
30/01/2026 13:30:33: [General] <119>Sonhador joined the channel.
##############################
Log started on 30/01/2026 15:10:48

30/01/2026 15:10:48: [Help] ************** Channel was created.
30/01/2026 15:10:48: [General] ************** Channel was created.
30/01/2026 15:10:48: [Trade] ************** Channel was created.
30/01/2026 15:10:48: [Looking For Group] ************** Channel was created.
30/01/2026 15:11:25: [General] <120>vaz joined the channel.
30/01/2026 15:11:30: [General] <119>Sonhador joined the channel.
##############################
Log started on 30/01/2026 15:18:02

30/01/2026 15:18:02: [Help] ************** Channel was created.
30/01/2026 15:18:02: [General] ************** Channel was created.
30/01/2026 15:18:02: [Trade] ************** Channel was created.
30/01/2026 15:18:02: [Looking For Group] ************** Channel was created.
30/01/2026 15:18:09: [General] <119>Sonhador joined the channel.
##############################
Log started on 30/01/2026 17:34:56

30/01/2026 17:34:56: [Help] ************** Channel was created.
30/01/2026 17:34:56: [General] ************** Channel was created.
30/01/2026 17:34:56: [Trade] ************** Channel was created.
30/01/2026 17:34:56: [Looking For Group] ************** Channel was created.
30/01/2026 17:35:03: [General] <119>Sonhador joined the channel.
##############################
Log started on 30/01/2026 17:42:00

30/01/2026 17:42:00: [Help] ************** Channel was created.
30/01/2026 17:42:00: [General] ************** Channel was created.
30/01/2026 17:42:00: [Trade] ************** Channel was created.
30/01/2026 17:42:00: [Looking For Group] ************** Channel was created.
30/01/2026 17:42:08: [General] <119>Sonhador joined the channel.
30/01/2026 17:43:16: [General] <120>vaz joined the channel.
##############################
Log started on 30/01/2026 18:42:25

30/01/2026 18:42:25: [Help] ************** Channel was created.
30/01/2026 18:42:25: [General] ************** Channel was created.
30/01/2026 18:42:25: [Trade] ************** Channel was created.
30/01/2026 18:42:25: [Looking For Group] ************** Channel was created.
30/01/2026 18:42:31: [General] <120>vaz joined the channel.
30/01/2026 18:42:39: [General] <120>vaz left the channel.
30/01/2026 18:42:43: [General] <119>Sonhador joined the channel.
##############################
Log started on 30/01/2026 19:25:08

30/01/2026 19:25:08: [Help] ************** Channel was created.
30/01/2026 19:25:08: [General] ************** Channel was created.
30/01/2026 19:25:08: [Trade] ************** Channel was created.
30/01/2026 19:25:08: [Looking For Group] ************** Channel was created.
30/01/2026 19:25:16: [General] <119>Sonhador joined the channel.
##############################
Log started on 30/01/2026 22:29:36

30/01/2026 22:29:36: [Help] ************** Channel was created.
30/01/2026 22:29:36: [General] ************** Channel was created.
30/01/2026 22:29:36: [Trade] ************** Channel was created.
30/01/2026 22:29:36: [Looking For Group] ************** Channel was created.
30/01/2026 22:30:27: [General] <119>Sonhador joined the channel.
##############################
Log started on 30/01/2026 22:42:11

30/01/2026 22:42:11: [Help] ************** Channel was created.
30/01/2026 22:42:11: [General] ************** Channel was created.
30/01/2026 22:42:11: [Trade] ************** Channel was created.
30/01/2026 22:42:11: [Looking For Group] ************** Channel was created.
30/01/2026 22:42:50: [General] <119>Sonhador joined the channel.
30/01/2026 22:43:22: [General] <119>Sonhador left the channel.
##############################
Log started on 30/01/2026 23:23:50

30/01/2026 23:23:50: [Help] ************** Channel was created.
30/01/2026 23:23:50: [General] ************** Channel was created.
30/01/2026 23:23:50: [Trade] ************** Channel was created.
30/01/2026 23:23:50: [Looking For Group] ************** Channel was created.
30/01/2026 23:24:18: [General] <119>Sonhador joined the channel.
