##############################
Log started on 13/03/2026 03:10:52

13/03/2026 03:10:52: [Help] ************** Channel was created.
13/03/2026 03:10:52: [General] ************** Channel was created.
13/03/2026 03:10:52: [Trade] ************** Channel was created.
13/03/2026 03:10:52: [Looking For Group] ************** Channel was created.
13/03/2026 03:10:54: [General] <409>Ze joined the channel.
13/03/2026 03:11:01: [General] <119>vaz joined the channel.
##############################
Log started on 13/03/2026 03:18:46

13/03/2026 03:18:46: [Help] ************** Channel was created.
13/03/2026 03:18:46: [General] ************** Channel was created.
13/03/2026 03:18:46: [Trade] ************** Channel was created.
13/03/2026 03:18:46: [Looking For Group] ************** Channel was created.
13/03/2026 03:18:49: [General] <409>Ze joined the channel.
13/03/2026 03:18:56: [General] <119>vaz joined the channel.
13/03/2026 03:21:54: [General] <409>Ze left the channel.
13/03/2026 03:21:59: [General] <409>Ze joined the channel.
##############################
Log started on 13/03/2026 12:18:45

13/03/2026 12:18:45: [Help] ************** Channel was created.
13/03/2026 12:18:45: [General] ************** Channel was created.
13/03/2026 12:18:45: [Trade] ************** Channel was created.
13/03/2026 12:18:45: [Looking For Group] ************** Channel was created.
13/03/2026 12:18:49: [General] <409>Ze joined the channel.
13/03/2026 12:18:59: [General] <119>vaz joined the channel.
13/03/2026 12:19:56: [General] <409>Ze left the channel.
13/03/2026 12:19:58: [General] <119>vaz left the channel.
13/03/2026 12:19:58: [General] <119>vaz joined the channel.
13/03/2026 12:20:23: [General] <409>Ze joined the channel.
##############################
Log started on 13/03/2026 12:23:46

13/03/2026 12:23:46: [Help] ************** Channel was created.
13/03/2026 12:23:46: [General] ************** Channel was created.
13/03/2026 12:23:46: [Trade] ************** Channel was created.
13/03/2026 12:23:46: [Looking For Group] ************** Channel was created.
13/03/2026 12:26:55: [General] <409>Ze joined the channel.
13/03/2026 12:27:12: [General] <119>vaz joined the channel.
##############################
Log started on 13/03/2026 12:46:28

13/03/2026 12:46:28: [Help] ************** Channel was created.
13/03/2026 12:46:28: [General] ************** Channel was created.
13/03/2026 12:46:28: [Trade] ************** Channel was created.
13/03/2026 12:46:28: [Looking For Group] ************** Channel was created.
13/03/2026 12:46:34: [General] <409>Ze joined the channel.
13/03/2026 12:46:46: [General] <119>vaz joined the channel.
##############################
Log started on 13/03/2026 12:55:44

13/03/2026 12:55:44: [Help] ************** Channel was created.
13/03/2026 12:55:44: [General] ************** Channel was created.
13/03/2026 12:55:44: [Trade] ************** Channel was created.
13/03/2026 12:55:44: [Looking For Group] ************** Channel was created.
13/03/2026 12:56:40: [General] <409>Ze joined the channel.
13/03/2026 12:56:45: [General] <119>vaz joined the channel.
13/03/2026 12:58:51: [General] <409>Ze left the channel.
13/03/2026 12:58:55: [General] <409>Ze joined the channel.
##############################
Log started on 13/03/2026 13:04:55

13/03/2026 13:04:55: [Help] ************** Channel was created.
13/03/2026 13:04:55: [General] ************** Channel was created.
13/03/2026 13:04:55: [Trade] ************** Channel was created.
13/03/2026 13:04:55: [Looking For Group] ************** Channel was created.
13/03/2026 13:05:02: [General] <409>Ze joined the channel.
13/03/2026 13:05:10: [General] <119>vaz joined the channel.
##############################
Log started on 13/03/2026 13:18:24

13/03/2026 13:18:24: [Help] ************** Channel was created.
13/03/2026 13:18:24: [General] ************** Channel was created.
13/03/2026 13:18:24: [Trade] ************** Channel was created.
13/03/2026 13:18:24: [Looking For Group] ************** Channel was created.
13/03/2026 13:18:28: [General] <409>Ze joined the channel.
13/03/2026 13:18:34: [General] <119>vaz joined the channel.
##############################
Log started on 13/03/2026 13:23:21

13/03/2026 13:23:21: [Help] ************** Channel was created.
13/03/2026 13:23:21: [General] ************** Channel was created.
13/03/2026 13:23:21: [Trade] ************** Channel was created.
13/03/2026 13:23:21: [Looking For Group] ************** Channel was created.
13/03/2026 13:23:23: [General] <409>Ze joined the channel.
13/03/2026 13:23:30: [General] <119>vaz joined the channel.
##############################
Log started on 13/03/2026 13:30:08

13/03/2026 13:30:08: [Help] ************** Channel was created.
13/03/2026 13:30:08: [General] ************** Channel was created.
13/03/2026 13:30:08: [Trade] ************** Channel was created.
13/03/2026 13:30:08: [Looking For Group] ************** Channel was created.
13/03/2026 13:30:12: [General] <409>Ze joined the channel.
13/03/2026 13:30:15: [General] <119>vaz joined the channel.
##############################
Log started on 13/03/2026 13:38:07

13/03/2026 13:38:07: [Help] ************** Channel was created.
13/03/2026 13:38:07: [General] ************** Channel was created.
13/03/2026 13:38:07: [Trade] ************** Channel was created.
13/03/2026 13:38:07: [Looking For Group] ************** Channel was created.
##############################
Log started on 13/03/2026 13:40:38

13/03/2026 13:40:38: [Help] ************** Channel was created.
13/03/2026 13:40:38: [General] ************** Channel was created.
13/03/2026 13:40:38: [Trade] ************** Channel was created.
13/03/2026 13:40:38: [Looking For Group] ************** Channel was created.
13/03/2026 13:40:42: [General] <409>Ze joined the channel.
13/03/2026 13:40:46: [General] <119>vaz joined the channel.
##############################
Log started on 13/03/2026 14:51:07

13/03/2026 14:51:07: [Help] ************** Channel was created.
13/03/2026 14:51:07: [General] ************** Channel was created.
13/03/2026 14:51:07: [Trade] ************** Channel was created.
13/03/2026 14:51:07: [Looking For Group] ************** Channel was created.
13/03/2026 15:24:19: [General] <119>vaz joined the channel.
13/03/2026 15:24:35: [General] <119>vaz left the channel.
13/03/2026 15:24:43: [General] <119>vaz joined the channel.
13/03/2026 15:24:59: [General] <119>vaz left the channel.
13/03/2026 15:25:15: [General] <413>facetester joined the channel.
13/03/2026 15:25:40: [General] <119>vaz joined the channel.
13/03/2026 15:26:00: [General] <119>vaz left the channel.
13/03/2026 15:26:51: [General] <119>vaz joined the channel.
13/03/2026 15:26:57: [General] <119>vaz left the channel.
13/03/2026 15:32:16: [General] <119>vaz joined the channel.
##############################
Log started on 13/03/2026 15:48:57

13/03/2026 15:48:57: [Help] ************** Channel was created.
13/03/2026 15:48:57: [General] ************** Channel was created.
13/03/2026 15:48:57: [Trade] ************** Channel was created.
13/03/2026 15:48:57: [Looking For Group] ************** Channel was created.
13/03/2026 15:49:15: [General] <413>facetester joined the channel.
13/03/2026 15:55:18: [General] <119>vaz joined the channel.
13/03/2026 15:57:20: [General] <119>vaz left the channel.
13/03/2026 15:57:30: [General] <413>testervaz left the channel.
13/03/2026 15:58:40: [General] <413>testervaz joined the channel.
13/03/2026 15:58:55: [General] <119>vaz joined the channel.
13/03/2026 15:59:50: [General] <409>Ze joined the channel.
13/03/2026 16:00:18: [General] <412>Joao joined the channel.
13/03/2026 16:04:34: [General] <412>Joao left the channel.
13/03/2026 16:04:35: [General] <409>Ze left the channel.
13/03/2026 16:04:36: [General] <119>Vaz left the channel.
13/03/2026 16:04:37: [General] <413>testervaz left the channel.
13/03/2026 16:05:30: [General] <119>Vaz joined the channel.
##############################
Log started on 13/03/2026 16:07:44

13/03/2026 16:07:44: [Help] ************** Channel was created.
13/03/2026 16:07:44: [General] ************** Channel was created.
13/03/2026 16:07:44: [Trade] ************** Channel was created.
13/03/2026 16:07:44: [Looking For Group] ************** Channel was created.
13/03/2026 16:07:47: [General] <119>Vaz joined the channel.
##############################
Log started on 13/03/2026 16:10:21

13/03/2026 16:10:21: [Help] ************** Channel was created.
13/03/2026 16:10:21: [General] ************** Channel was created.
13/03/2026 16:10:21: [Trade] ************** Channel was created.
13/03/2026 16:10:21: [Looking For Group] ************** Channel was created.
13/03/2026 16:10:28: [General] <119>Vaz joined the channel.
13/03/2026 16:14:32: [General] <119>Vaz left the channel.
13/03/2026 16:18:54: [General] <119>Vaz joined the channel.
13/03/2026 16:28:21: [General] <119>Vaz left the channel.
13/03/2026 16:28:32: [General] <119>Vaz joined the channel.
13/03/2026 16:37:05: [General] <119>Vaz left the channel.
13/03/2026 16:38:59: [General] <119>Vaz joined the channel.
13/03/2026 16:39:52: [General] <119>Vaz left the channel.
13/03/2026 16:40:41: [General] <119>Vaz joined the channel.
13/03/2026 17:47:17: [General] <119>Vaz left the channel.
13/03/2026 17:48:47: [General] <119>Vaz joined the channel.
13/03/2026 17:49:21: [General] <119>Vaz left the channel.
13/03/2026 17:50:24: [General] <119>Vaz joined the channel.
13/03/2026 18:17:32: [General] <119>Vaz left the channel.
13/03/2026 18:22:20: [General] <119>Vaz joined the channel.
13/03/2026 18:26:52: [General] <119>Vaz left the channel.
##############################
Log started on 13/03/2026 18:51:06

13/03/2026 18:51:06: [Help] ************** Channel was created.
13/03/2026 18:51:06: [General] ************** Channel was created.
13/03/2026 18:51:06: [Trade] ************** Channel was created.
13/03/2026 18:51:06: [Looking For Group] ************** Channel was created.
13/03/2026 18:52:19: [General] <119>Vaz joined the channel.
