##############################
Log started on 23/01/2026 03:13:46

23/01/2026 03:13:46: [Help] ************** Channel was created.
23/01/2026 03:13:46: [General] ************** Channel was created.
23/01/2026 03:13:46: [Trade] ************** Channel was created.
23/01/2026 03:13:46: [Looking For Group] ************** Channel was created.
23/01/2026 03:14:02: [General] <116>vaz joined the channel.
##############################
Log started on 23/01/2026 03:38:46

23/01/2026 03:38:46: [Help] ************** Channel was created.
23/01/2026 03:38:46: [General] ************** Channel was created.
23/01/2026 03:38:46: [Trade] ************** Channel was created.
23/01/2026 03:38:46: [Looking For Group] ************** Channel was created.
23/01/2026 03:39:04: [General] <116>Vaz joined the channel.
##############################
Log started on 23/01/2026 03:43:00

23/01/2026 03:43:00: [Help] ************** Channel was created.
23/01/2026 03:43:00: [General] ************** Channel was created.
23/01/2026 03:43:00: [Trade] ************** Channel was created.
23/01/2026 03:43:00: [Looking For Group] ************** Channel was created.
23/01/2026 03:43:43: [General] <116>Vaz joined the channel.
23/01/2026 03:44:06: [General] <116>Vaz left the channel.
##############################
Log started on 23/01/2026 03:48:31

23/01/2026 03:48:31: [Help] ************** Channel was created.
23/01/2026 03:48:31: [General] ************** Channel was created.
23/01/2026 03:48:31: [Trade] ************** Channel was created.
23/01/2026 03:48:31: [Looking For Group] ************** Channel was created.
23/01/2026 03:48:42: [General] <116>Vaz joined the channel.
23/01/2026 03:51:23: [General] <116>Vaz left the channel.
##############################
Log started on 23/01/2026 04:02:08

23/01/2026 04:02:08: [Help] ************** Channel was created.
23/01/2026 04:02:08: [General] ************** Channel was created.
23/01/2026 04:02:08: [Trade] ************** Channel was created.
23/01/2026 04:02:08: [Looking For Group] ************** Channel was created.
23/01/2026 04:02:49: [General] <116>Vaz joined the channel.
23/01/2026 04:02:54: [General] <116>Vaz left the channel.
##############################
Log started on 23/01/2026 04:03:02

23/01/2026 04:03:02: [Help] ************** Channel was created.
23/01/2026 04:03:02: [General] ************** Channel was created.
23/01/2026 04:03:02: [Trade] ************** Channel was created.
23/01/2026 04:03:02: [Looking For Group] ************** Channel was created.
23/01/2026 04:03:05: [General] <116>Vaz joined the channel.
##############################
Log started on 23/01/2026 04:24:49

23/01/2026 04:24:49: [Help] ************** Channel was created.
23/01/2026 04:24:49: [General] ************** Channel was created.
23/01/2026 04:24:49: [Trade] ************** Channel was created.
23/01/2026 04:24:49: [Looking For Group] ************** Channel was created.
23/01/2026 04:24:53: [General] <116>Vaz joined the channel.
23/01/2026 04:25:01: [General] <116>Vaz left the channel.
##############################
Log started on 23/01/2026 04:34:14

23/01/2026 04:34:14: [Help] ************** Channel was created.
23/01/2026 04:34:14: [General] ************** Channel was created.
23/01/2026 04:34:14: [Trade] ************** Channel was created.
23/01/2026 04:34:14: [Looking For Group] ************** Channel was created.
23/01/2026 04:34:17: [General] <116>Vaz joined the channel.
23/01/2026 04:35:16: [General] <116>Vaz left the channel.
##############################
Log started on 23/01/2026 04:36:40

23/01/2026 04:36:40: [Help] ************** Channel was created.
23/01/2026 04:36:40: [General] ************** Channel was created.
23/01/2026 04:36:40: [Trade] ************** Channel was created.
23/01/2026 04:36:40: [Looking For Group] ************** Channel was created.
23/01/2026 04:36:47: [General] <116>Vaz joined the channel.
##############################
Log started on 23/01/2026 07:19:40

23/01/2026 07:19:40: [Help] ************** Channel was created.
23/01/2026 07:19:40: [General] ************** Channel was created.
23/01/2026 07:19:40: [Trade] ************** Channel was created.
23/01/2026 07:19:40: [Looking For Group] ************** Channel was created.
23/01/2026 07:19:50: [General] <116>Vaz joined the channel.
##############################
Log started on 23/01/2026 13:56:00

23/01/2026 13:56:00: [Help] ************** Channel was created.
23/01/2026 13:56:00: [General] ************** Channel was created.
23/01/2026 13:56:00: [Trade] ************** Channel was created.
23/01/2026 13:56:00: [Looking For Group] ************** Channel was created.
23/01/2026 13:56:06: [General] <116>Vaz joined the channel.
23/01/2026 13:56:24: [General] <116>Vaz left the channel.
23/01/2026 13:56:42: [General] <405>teste joined the channel.
23/01/2026 13:57:14: [General] <116>Vaz joined the channel.
##############################
Log started on 23/01/2026 23:09:48

23/01/2026 23:09:48: [Help] ************** Channel was created.
23/01/2026 23:09:48: [General] ************** Channel was created.
23/01/2026 23:09:48: [Trade] ************** Channel was created.
23/01/2026 23:09:48: [Looking For Group] ************** Channel was created.
##############################
Log started on 23/01/2026 23:15:27

23/01/2026 23:15:27: [Help] ************** Channel was created.
23/01/2026 23:15:27: [General] ************** Channel was created.
23/01/2026 23:15:27: [Trade] ************** Channel was created.
23/01/2026 23:15:27: [Looking For Group] ************** Channel was created.
23/01/2026 23:15:37: [General] <116>Vaz joined the channel.
23/01/2026 23:16:16: [General] <116>Vaz left the channel.
23/01/2026 23:16:31: [General] <405>teste joined the channel.
23/01/2026 23:16:48: [General] <406>uau joined the channel.
23/01/2026 23:17:04: [General] <405>teste left the channel.
23/01/2026 23:17:07: [General] <116>Vaz joined the channel.
23/01/2026 23:17:14: [General] <116>Vaz left the channel.
##############################
Log started on 23/01/2026 23:20:13

23/01/2026 23:20:13: [Help] ************** Channel was created.
23/01/2026 23:20:13: [General] ************** Channel was created.
23/01/2026 23:20:13: [Trade] ************** Channel was created.
23/01/2026 23:20:13: [Looking For Group] ************** Channel was created.
23/01/2026 23:20:18: [General] <406>uau joined the channel.
23/01/2026 23:20:24: [General] <405>teste joined the channel.
23/01/2026 23:20:37: [General] <405>teste left the channel.
23/01/2026 23:20:38: [General] <406>uau left the channel.
