##############################
Log started on 06/03/2026 03:47:08

06/03/2026 03:47:08: [Help] ************** Channel was created.
06/03/2026 03:47:08: [General] ************** Channel was created.
06/03/2026 03:47:08: [Trade] ************** Channel was created.
06/03/2026 03:47:08: [Looking For Group] ************** Channel was created.
06/03/2026 03:47:24: [General] <119>vaz joined the channel.
##############################
Log started on 06/03/2026 04:13:05

06/03/2026 04:13:05: [Help] ************** Channel was created.
06/03/2026 04:13:05: [General] ************** Channel was created.
06/03/2026 04:13:05: [Trade] ************** Channel was created.
06/03/2026 04:13:05: [Looking For Group] ************** Channel was created.
06/03/2026 04:13:11: [General] <119>vaz joined the channel.
##############################
Log started on 06/03/2026 04:29:58

06/03/2026 04:29:58: [Help] ************** Channel was created.
06/03/2026 04:29:58: [General] ************** Channel was created.
06/03/2026 04:29:58: [Trade] ************** Channel was created.
06/03/2026 04:29:58: [Looking For Group] ************** Channel was created.
06/03/2026 04:30:04: [General] <119>vaz joined the channel.
##############################
Log started on 06/03/2026 04:49:08

06/03/2026 04:49:08: [Help] ************** Channel was created.
06/03/2026 04:49:08: [General] ************** Channel was created.
06/03/2026 04:49:08: [Trade] ************** Channel was created.
06/03/2026 04:49:08: [Looking For Group] ************** Channel was created.
06/03/2026 04:49:17: [General] <119>vaz joined the channel.
##############################
Log started on 06/03/2026 06:12:35

06/03/2026 06:12:35: [Help] ************** Channel was created.
06/03/2026 06:12:35: [General] ************** Channel was created.
06/03/2026 06:12:35: [Trade] ************** Channel was created.
06/03/2026 06:12:35: [Looking For Group] ************** Channel was created.
06/03/2026 06:12:47: [General] <119>vaz joined the channel.
##############################
Log started on 06/03/2026 15:31:02

06/03/2026 15:31:02: [Help] ************** Channel was created.
06/03/2026 15:31:02: [General] ************** Channel was created.
06/03/2026 15:31:02: [Trade] ************** Channel was created.
06/03/2026 15:31:02: [Looking For Group] ************** Channel was created.
06/03/2026 15:47:14: [General] <119>vaz joined the channel.
##############################
Log started on 06/03/2026 15:48:24

06/03/2026 15:48:24: [Help] ************** Channel was created.
06/03/2026 15:48:24: [General] ************** Channel was created.
06/03/2026 15:48:24: [Trade] ************** Channel was created.
06/03/2026 15:48:24: [Looking For Group] ************** Channel was created.
06/03/2026 15:48:29: [General] <119>vaz joined the channel.
##############################
Log started on 06/03/2026 15:53:38

06/03/2026 15:53:38: [Help] ************** Channel was created.
06/03/2026 15:53:38: [General] ************** Channel was created.
06/03/2026 15:53:38: [Trade] ************** Channel was created.
06/03/2026 15:53:38: [Looking For Group] ************** Channel was created.
06/03/2026 16:01:33: [General] <119>vaz joined the channel.
##############################
Log started on 06/03/2026 16:06:20

06/03/2026 16:06:20: [Help] ************** Channel was created.
06/03/2026 16:06:20: [General] ************** Channel was created.
06/03/2026 16:06:20: [Trade] ************** Channel was created.
06/03/2026 16:06:20: [Looking For Group] ************** Channel was created.
06/03/2026 16:06:39: [General] <119>vaz joined the channel.
##############################
Log started on 06/03/2026 16:29:30

06/03/2026 16:29:30: [Help] ************** Channel was created.
06/03/2026 16:29:30: [General] ************** Channel was created.
06/03/2026 16:29:30: [Trade] ************** Channel was created.
06/03/2026 16:29:30: [Looking For Group] ************** Channel was created.
06/03/2026 16:29:41: [General] <119>vaz joined the channel.
##############################
Log started on 06/03/2026 16:36:44

06/03/2026 16:36:44: [Help] ************** Channel was created.
06/03/2026 16:36:44: [General] ************** Channel was created.
06/03/2026 16:36:44: [Trade] ************** Channel was created.
06/03/2026 16:36:44: [Looking For Group] ************** Channel was created.
06/03/2026 16:36:48: [General] <119>vaz joined the channel.
##############################
Log started on 06/03/2026 17:02:39

06/03/2026 17:02:39: [Help] ************** Channel was created.
06/03/2026 17:02:39: [General] ************** Channel was created.
06/03/2026 17:02:39: [Trade] ************** Channel was created.
06/03/2026 17:02:39: [Looking For Group] ************** Channel was created.
06/03/2026 17:02:47: [General] <119>vaz joined the channel.
##############################
Log started on 06/03/2026 17:07:50

06/03/2026 17:07:50: [Help] ************** Channel was created.
06/03/2026 17:07:50: [General] ************** Channel was created.
06/03/2026 17:07:50: [Trade] ************** Channel was created.
06/03/2026 17:07:50: [Looking For Group] ************** Channel was created.
06/03/2026 17:07:55: [General] <119>vaz joined the channel.
