##############################
Log started on 16/01/2026 00:16:44

16/01/2026 00:16:44: [Help] ************** Channel was created.
16/01/2026 00:16:44: [General] ************** Channel was created.
16/01/2026 00:16:44: [Trade] ************** Channel was created.
16/01/2026 00:16:44: [Looking For Group] ************** Channel was created.
16/01/2026 00:16:55: [General] <116>tester joined the channel.
16/01/2026 00:17:45: [General] <405>vaz joined the channel.
##############################
Log started on 16/01/2026 01:34:12

16/01/2026 01:34:12: [Help] ************** Channel was created.
16/01/2026 01:34:12: [General] ************** Channel was created.
16/01/2026 01:34:12: [Trade] ************** Channel was created.
16/01/2026 01:34:12: [Looking For Group] ************** Channel was created.
16/01/2026 01:34:16: [General] <405>vaz joined the channel.
16/01/2026 01:34:24: [General] <405>vaz left the channel.
##############################
Log started on 16/01/2026 06:47:09

16/01/2026 06:47:09: [Help] ************** Channel was created.
16/01/2026 06:47:09: [General] ************** Channel was created.
16/01/2026 06:47:09: [Trade] ************** Channel was created.
16/01/2026 06:47:09: [Looking For Group] ************** Channel was created.
16/01/2026 06:47:14: [General] <405>vaz joined the channel.
16/01/2026 06:48:22: [General] <116>tester joined the channel.
##############################
Log started on 16/01/2026 07:02:08

16/01/2026 07:02:08: [Help] ************** Channel was created.
16/01/2026 07:02:08: [General] ************** Channel was created.
16/01/2026 07:02:08: [Trade] ************** Channel was created.
16/01/2026 07:02:08: [Looking For Group] ************** Channel was created.
16/01/2026 07:02:12: [General] <116>tester joined the channel.
##############################
Log started on 16/01/2026 07:35:46

16/01/2026 07:35:46: [Help] ************** Channel was created.
16/01/2026 07:35:46: [General] ************** Channel was created.
16/01/2026 07:35:46: [Trade] ************** Channel was created.
16/01/2026 07:35:46: [Looking For Group] ************** Channel was created.
16/01/2026 07:35:58: [General] <116>tester joined the channel.
##############################
Log started on 16/01/2026 07:56:41

16/01/2026 07:56:41: [Help] ************** Channel was created.
16/01/2026 07:56:41: [General] ************** Channel was created.
16/01/2026 07:56:41: [Trade] ************** Channel was created.
16/01/2026 07:56:41: [Looking For Group] ************** Channel was created.
##############################
Log started on 16/01/2026 07:57:31

16/01/2026 07:57:31: [Help] ************** Channel was created.
16/01/2026 07:57:31: [General] ************** Channel was created.
16/01/2026 07:57:31: [Trade] ************** Channel was created.
16/01/2026 07:57:31: [Looking For Group] ************** Channel was created.
16/01/2026 07:57:40: [General] <116>tester joined the channel.
##############################
Log started on 16/01/2026 08:03:31

16/01/2026 08:03:31: [Help] ************** Channel was created.
16/01/2026 08:03:31: [General] ************** Channel was created.
16/01/2026 08:03:31: [Trade] ************** Channel was created.
16/01/2026 08:03:31: [Looking For Group] ************** Channel was created.
16/01/2026 08:03:34: [General] <116>tester joined the channel.
16/01/2026 09:31:33: [General] <116>tester left the channel.
##############################
Log started on 16/01/2026 14:01:02

16/01/2026 14:01:02: [Help] ************** Channel was created.
16/01/2026 14:01:02: [General] ************** Channel was created.
16/01/2026 14:01:02: [Trade] ************** Channel was created.
16/01/2026 14:01:02: [Looking For Group] ************** Channel was created.
16/01/2026 14:01:05: [General] <116>tester joined the channel.
##############################
Log started on 16/01/2026 14:41:16

16/01/2026 14:41:16: [Help] ************** Channel was created.
16/01/2026 14:41:16: [General] ************** Channel was created.
16/01/2026 14:41:16: [Trade] ************** Channel was created.
16/01/2026 14:41:16: [Looking For Group] ************** Channel was created.
16/01/2026 14:41:27: [General] <116>tester joined the channel.
16/01/2026 14:41:36: [General] <405>vaz joined the channel.
16/01/2026 14:46:52: [General] <116>tester left the channel.
16/01/2026 14:47:13: [General] <408>ts joined the channel.
##############################
Log started on 16/01/2026 14:56:49

16/01/2026 14:56:49: [Help] ************** Channel was created.
16/01/2026 14:56:49: [General] ************** Channel was created.
16/01/2026 14:56:49: [Trade] ************** Channel was created.
16/01/2026 14:56:49: [Looking For Group] ************** Channel was created.
16/01/2026 14:57:06: [General] <408>ts joined the channel.
16/01/2026 14:57:57: [General] <408>ts left the channel.
##############################
Log started on 16/01/2026 16:24:35

16/01/2026 16:24:35: [Help] ************** Channel was created.
16/01/2026 16:24:35: [General] ************** Channel was created.
16/01/2026 16:24:35: [Trade] ************** Channel was created.
16/01/2026 16:24:35: [Looking For Group] ************** Channel was created.
16/01/2026 16:24:59: [General] <408>ts joined the channel.
16/01/2026 16:25:06: [General] <405>vaz joined the channel.
##############################
Log started on 16/01/2026 22:42:54

16/01/2026 22:42:54: [Help] ************** Channel was created.
16/01/2026 22:42:54: [General] ************** Channel was created.
16/01/2026 22:42:54: [Trade] ************** Channel was created.
16/01/2026 22:42:54: [Looking For Group] ************** Channel was created.
16/01/2026 22:43:01: [General] <405>vaz joined the channel.
