##############################
Log started on 27/03/2026 01:23:54

27/03/2026 01:23:54: [Help] ************** Channel was created.
27/03/2026 01:23:54: [General] ************** Channel was created.
27/03/2026 01:23:54: [Trade] ************** Channel was created.
27/03/2026 01:23:54: [Looking For Group] ************** Channel was created.
27/03/2026 01:23:59: [General] <119>Vaz joined the channel.
27/03/2026 01:24:54: [General] <119>Vaz left the channel.
27/03/2026 01:28:47: [General] <119>Vaz joined the channel.
27/03/2026 01:31:05: [General] <119>Vaz left the channel.
27/03/2026 01:32:52: [General] <119>Vaz joined the channel.
27/03/2026 01:37:53: [General] <119>Vaz left the channel.
##############################
Log started on 27/03/2026 01:40:22

27/03/2026 01:40:22: [Help] ************** Channel was created.
27/03/2026 01:40:22: [General] ************** Channel was created.
27/03/2026 01:40:22: [Trade] ************** Channel was created.
27/03/2026 01:40:22: [Looking For Group] ************** Channel was created.
27/03/2026 01:40:28: [General] <119>Vaz joined the channel.
27/03/2026 01:41:05: [General] <409>Ze joined the channel.
27/03/2026 01:44:33: [General] <409>Sonhador left the channel.
27/03/2026 01:44:51: [General] <119>Vaz left the channel.
27/03/2026 01:45:01: [General] <119>Vaz joined the channel.
27/03/2026 01:45:13: [General] <409>Sonhador joined the channel.
27/03/2026 01:57:21: [General] <409>Sonhador left the channel.
27/03/2026 01:57:22: [General] <119>Vaz left the channel.
27/03/2026 01:57:56: [General] <119>Vaz joined the channel.
27/03/2026 01:58:09: [General] <409>Sonhador joined the channel.
27/03/2026 02:10:15: [General] <119>The Vaz left the channel.
27/03/2026 02:10:17: [General] <409>Zezin left the channel.
27/03/2026 02:22:13: [General] <119>The Vaz joined the channel.
27/03/2026 02:25:39: [General] <119>The Vaz left the channel.
27/03/2026 02:25:52: [General] <119>The Vaz joined the channel.
27/03/2026 02:37:56: [General] <119>The Vaz left the channel.
27/03/2026 02:46:08: [General] <119>The Vaz joined the channel.
##############################
Log started on 27/03/2026 02:53:06

27/03/2026 02:53:06: [Help] ************** Channel was created.
27/03/2026 02:53:06: [General] ************** Channel was created.
27/03/2026 02:53:06: [Trade] ************** Channel was created.
27/03/2026 02:53:06: [Looking For Group] ************** Channel was created.
27/03/2026 02:53:09: [General] <119>The Vaz joined the channel.
27/03/2026 02:55:18: [General] <119>The Vaz left the channel.
27/03/2026 03:02:54: [General] <119>The Vaz joined the channel.
27/03/2026 03:03:07: [General] <119>The Vaz left the channel.
##############################
Log started on 27/03/2026 03:06:34

27/03/2026 03:06:34: [Help] ************** Channel was created.
27/03/2026 03:06:34: [General] ************** Channel was created.
27/03/2026 03:06:34: [Trade] ************** Channel was created.
27/03/2026 03:06:34: [Looking For Group] ************** Channel was created.
27/03/2026 03:06:38: [General] <119>The Vaz joined the channel.
27/03/2026 03:07:28: [General] <119>The Vaz left the channel.
27/03/2026 03:07:32: [General] <119>The Vaz joined the channel.
27/03/2026 03:10:31: [General] <119>The Vaz left the channel.
27/03/2026 03:14:35: [General] <119>The Vaz joined the channel.
27/03/2026 03:14:45: [General] <119>The Vaz left the channel.
27/03/2026 03:15:14: [General] <119>The Vaz joined the channel.
27/03/2026 03:22:27: [General] <119>The Vaz left the channel.
27/03/2026 03:22:34: [General] <119>The Vaz joined the channel.
27/03/2026 03:22:43: [General] <119>The Vaz left the channel.
27/03/2026 03:24:10: [General] <119>The Vaz joined the channel.
27/03/2026 03:24:31: [General] <119>The Vaz left the channel.
27/03/2026 03:41:18: [General] <119>The Vaz joined the channel.
27/03/2026 03:45:08: [General] <119>The Vaz left the channel.
##############################
Log started on 27/03/2026 03:53:08

27/03/2026 03:53:08: [Help] ************** Channel was created.
27/03/2026 03:53:08: [General] ************** Channel was created.
27/03/2026 03:53:08: [Trade] ************** Channel was created.
27/03/2026 03:53:08: [Looking For Group] ************** Channel was created.
27/03/2026 03:53:17: [General] <119>The Vaz joined the channel.
27/03/2026 03:55:48: [General] <119>The Vaz left the channel.
27/03/2026 03:56:02: [General] <119>The Vaz joined the channel.
27/03/2026 03:56:16: [General] <119>The Vaz left the channel.
27/03/2026 04:09:36: [General] <119>The Vaz joined the channel.
27/03/2026 04:23:48: [General] <119>The Vaz left the channel.
27/03/2026 04:24:36: [General] <119>The Vaz joined the channel.
27/03/2026 04:31:44: [General] <119>The Vaz left the channel.
27/03/2026 04:34:25: [General] <119>The Vaz joined the channel.
27/03/2026 04:43:14: [General] <119>The Vaz left the channel.
##############################
Log started on 27/03/2026 06:53:25

27/03/2026 06:53:25: [Help] ************** Channel was created.
27/03/2026 06:53:25: [General] ************** Channel was created.
27/03/2026 06:53:25: [Trade] ************** Channel was created.
27/03/2026 06:53:25: [Looking For Group] ************** Channel was created.
27/03/2026 06:53:31: [General] <119>The Vaz joined the channel.
27/03/2026 07:03:31: [General] <119>The Vaz left the channel.
##############################
Log started on 27/03/2026 07:05:30

27/03/2026 07:05:30: [Help] ************** Channel was created.
27/03/2026 07:05:30: [General] ************** Channel was created.
27/03/2026 07:05:30: [Trade] ************** Channel was created.
27/03/2026 07:05:30: [Looking For Group] ************** Channel was created.
27/03/2026 07:05:33: [General] <119>The Vaz joined the channel.
27/03/2026 07:09:55: [General] <119>The Vaz left the channel.
27/03/2026 07:10:00: [General] <119>The Vaz joined the channel.
##############################
Log started on 27/03/2026 14:08:54

27/03/2026 14:08:54: [Help] ************** Channel was created.
27/03/2026 14:08:54: [General] ************** Channel was created.
27/03/2026 14:08:54: [Trade] ************** Channel was created.
27/03/2026 14:08:54: [Looking For Group] ************** Channel was created.
##############################
Log started on 27/03/2026 15:00:02

27/03/2026 15:00:02: [Help] ************** Channel was created.
27/03/2026 15:00:02: [General] ************** Channel was created.
27/03/2026 15:00:02: [Trade] ************** Channel was created.
27/03/2026 15:00:02: [Looking For Group] ************** Channel was created.
27/03/2026 15:00:48: [General] <119>The Vaz joined the channel.
##############################
Log started on 27/03/2026 15:01:40

27/03/2026 15:01:40: [Help] ************** Channel was created.
27/03/2026 15:01:40: [General] ************** Channel was created.
27/03/2026 15:01:40: [Trade] ************** Channel was created.
27/03/2026 15:01:40: [Looking For Group] ************** Channel was created.
27/03/2026 15:01:44: [General] <119>The Vaz joined the channel.
##############################
Log started on 27/03/2026 15:16:41

27/03/2026 15:16:41: [Help] ************** Channel was created.
27/03/2026 15:16:41: [General] ************** Channel was created.
27/03/2026 15:16:41: [Trade] ************** Channel was created.
27/03/2026 15:16:41: [Looking For Group] ************** Channel was created.
27/03/2026 15:16:56: [General] <119>The Vaz joined the channel.
