##############################
Log started on 14/03/2026 00:46:13

14/03/2026 00:46:13: [Help] ************** Channel was created.
14/03/2026 00:46:13: [General] ************** Channel was created.
14/03/2026 00:46:13: [Trade] ************** Channel was created.
14/03/2026 00:46:13: [Looking For Group] ************** Channel was created.
14/03/2026 00:46:15: [General] <119>Sonhador joined the channel.
14/03/2026 00:53:42: [General] <119>vaz left the channel.
##############################
Log started on 14/03/2026 16:29:48

14/03/2026 16:29:48: [Help] ************** Channel was created.
14/03/2026 16:29:48: [General] ************** Channel was created.
14/03/2026 16:29:48: [Trade] ************** Channel was created.
14/03/2026 16:29:48: [Looking For Group] ************** Channel was created.
14/03/2026 16:29:52: [General] <119>vaz joined the channel.
##############################
Log started on 14/03/2026 17:24:35

14/03/2026 17:24:35: [Help] ************** Channel was created.
14/03/2026 17:24:35: [General] ************** Channel was created.
14/03/2026 17:24:35: [Trade] ************** Channel was created.
14/03/2026 17:24:35: [Looking For Group] ************** Channel was created.
14/03/2026 17:24:37: [General] <119>Sonhador joined the channel.
##############################
Log started on 14/03/2026 18:15:01

14/03/2026 18:15:01: [Help] ************** Channel was created.
14/03/2026 18:15:01: [General] ************** Channel was created.
14/03/2026 18:15:01: [Trade] ************** Channel was created.
14/03/2026 18:15:01: [Looking For Group] ************** Channel was created.
14/03/2026 18:15:51: [General] <119>Sonhador joined the channel.
##############################
Log started on 14/03/2026 18:27:43

14/03/2026 18:27:43: [Help] ************** Channel was created.
14/03/2026 18:27:43: [General] ************** Channel was created.
14/03/2026 18:27:43: [Trade] ************** Channel was created.
14/03/2026 18:27:43: [Looking For Group] ************** Channel was created.
14/03/2026 18:29:11: [General] <119>Sonhador joined the channel.
##############################
Log started on 14/03/2026 18:44:10

14/03/2026 18:44:10: [Help] ************** Channel was created.
14/03/2026 18:44:10: [General] ************** Channel was created.
14/03/2026 18:44:10: [Trade] ************** Channel was created.
14/03/2026 18:44:10: [Looking For Group] ************** Channel was created.
14/03/2026 18:44:12: [General] <119>Sonhador joined the channel.
