##############################
Log started on 07/03/2026 02:15:51

07/03/2026 02:15:51: [Help] ************** Channel was created.
07/03/2026 02:15:51: [General] ************** Channel was created.
07/03/2026 02:15:51: [Trade] ************** Channel was created.
07/03/2026 02:15:51: [Looking For Group] ************** Channel was created.
07/03/2026 02:15:55: [General] <119>vaz joined the channel.
##############################
Log started on 07/03/2026 02:18:17

07/03/2026 02:18:17: [Help] ************** Channel was created.
07/03/2026 02:18:17: [General] ************** Channel was created.
07/03/2026 02:18:17: [Trade] ************** Channel was created.
07/03/2026 02:18:17: [Looking For Group] ************** Channel was created.
07/03/2026 02:18:20: [General] <119>vaz joined the channel.
07/03/2026 02:18:45: [General] <119>vaz left the channel.
##############################
Log started on 07/03/2026 02:32:06

07/03/2026 02:32:06: [Help] ************** Channel was created.
07/03/2026 02:32:06: [General] ************** Channel was created.
07/03/2026 02:32:06: [Trade] ************** Channel was created.
07/03/2026 02:32:06: [Looking For Group] ************** Channel was created.
07/03/2026 02:32:21: [General] <119>vaz joined the channel.
07/03/2026 03:41:44: [General] <119>vaz left the channel.
##############################
Log started on 07/03/2026 03:52:24

07/03/2026 03:52:24: [Help] ************** Channel was created.
07/03/2026 03:52:24: [General] ************** Channel was created.
07/03/2026 03:52:24: [Trade] ************** Channel was created.
07/03/2026 03:52:24: [Looking For Group] ************** Channel was created.
07/03/2026 03:52:27: [General] <119>vaz joined the channel.
##############################
Log started on 07/03/2026 04:02:21

07/03/2026 04:02:21: [Help] ************** Channel was created.
07/03/2026 04:02:21: [General] ************** Channel was created.
07/03/2026 04:02:21: [Trade] ************** Channel was created.
07/03/2026 04:02:21: [Looking For Group] ************** Channel was created.
07/03/2026 04:02:23: [General] <119>vaz joined the channel.
07/03/2026 04:02:51: [General] <119>vaz left the channel.
##############################
Log started on 07/03/2026 04:26:52

07/03/2026 04:26:52: [Help] ************** Channel was created.
07/03/2026 04:26:52: [General] ************** Channel was created.
07/03/2026 04:26:52: [Trade] ************** Channel was created.
07/03/2026 04:26:52: [Looking For Group] ************** Channel was created.
07/03/2026 04:26:56: [General] <119>vaz joined the channel.
##############################
Log started on 07/03/2026 04:31:59

07/03/2026 04:31:59: [Help] ************** Channel was created.
07/03/2026 04:31:59: [General] ************** Channel was created.
07/03/2026 04:31:59: [Trade] ************** Channel was created.
07/03/2026 04:31:59: [Looking For Group] ************** Channel was created.
07/03/2026 04:32:02: [General] <119>vaz joined the channel.
##############################
Log started on 07/03/2026 04:53:51

07/03/2026 04:53:51: [Help] ************** Channel was created.
07/03/2026 04:53:51: [General] ************** Channel was created.
07/03/2026 04:53:51: [Trade] ************** Channel was created.
07/03/2026 04:53:51: [Looking For Group] ************** Channel was created.
07/03/2026 04:54:16: [General] <119>vaz joined the channel.
##############################
Log started on 07/03/2026 05:03:58

07/03/2026 05:03:58: [Help] ************** Channel was created.
07/03/2026 05:03:58: [General] ************** Channel was created.
07/03/2026 05:03:58: [Trade] ************** Channel was created.
07/03/2026 05:03:58: [Looking For Group] ************** Channel was created.
07/03/2026 05:05:40: [General] <119>vaz joined the channel.
##############################
Log started on 07/03/2026 14:59:43

07/03/2026 14:59:43: [Help] ************** Channel was created.
07/03/2026 14:59:43: [General] ************** Channel was created.
07/03/2026 14:59:43: [Trade] ************** Channel was created.
07/03/2026 14:59:43: [Looking For Group] ************** Channel was created.
07/03/2026 14:59:48: [General] <119>vaz joined the channel.
##############################
Log started on 07/03/2026 15:21:46

07/03/2026 15:21:46: [Help] ************** Channel was created.
07/03/2026 15:21:46: [General] ************** Channel was created.
07/03/2026 15:21:46: [Trade] ************** Channel was created.
07/03/2026 15:21:46: [Looking For Group] ************** Channel was created.
07/03/2026 15:22:03: [General] <119>vaz joined the channel.
##############################
Log started on 07/03/2026 16:17:29

07/03/2026 16:17:29: [Help] ************** Channel was created.
07/03/2026 16:17:29: [General] ************** Channel was created.
07/03/2026 16:17:29: [Trade] ************** Channel was created.
07/03/2026 16:17:29: [Looking For Group] ************** Channel was created.
##############################
Log started on 07/03/2026 16:18:16

07/03/2026 16:18:16: [Help] ************** Channel was created.
07/03/2026 16:18:16: [General] ************** Channel was created.
07/03/2026 16:18:16: [Trade] ************** Channel was created.
07/03/2026 16:18:16: [Looking For Group] ************** Channel was created.
07/03/2026 16:18:19: [General] <119>vaz joined the channel.
07/03/2026 16:29:08: [General] <119>vaz left the channel.
##############################
Log started on 07/03/2026 16:31:53

07/03/2026 16:31:53: [Help] ************** Channel was created.
07/03/2026 16:31:53: [General] ************** Channel was created.
07/03/2026 16:31:53: [Trade] ************** Channel was created.
07/03/2026 16:31:53: [Looking For Group] ************** Channel was created.
07/03/2026 16:31:57: [General] <119>vaz joined the channel.
##############################
Log started on 07/03/2026 16:48:41

07/03/2026 16:48:41: [Help] ************** Channel was created.
07/03/2026 16:48:41: [General] ************** Channel was created.
07/03/2026 16:48:41: [Trade] ************** Channel was created.
07/03/2026 16:48:41: [Looking For Group] ************** Channel was created.
07/03/2026 16:48:50: [General] <119>vaz joined the channel.
