##############################
Log started on 27/01/2026 03:43:10

27/01/2026 03:43:10: [Help] ************** Channel was created.
27/01/2026 03:43:10: [General] ************** Channel was created.
27/01/2026 03:43:10: [Trade] ************** Channel was created.
27/01/2026 03:43:10: [Looking For Group] ************** Channel was created.
27/01/2026 03:43:29: [General] <116>vaz joined the channel.
27/01/2026 03:44:48: [General] <116>vaz left the channel.
##############################
Log started on 27/01/2026 03:50:28

27/01/2026 03:50:28: [Help] ************** Channel was created.
27/01/2026 03:50:28: [General] ************** Channel was created.
27/01/2026 03:50:28: [Trade] ************** Channel was created.
27/01/2026 03:50:28: [Looking For Group] ************** Channel was created.
27/01/2026 03:50:42: [General] <119>Vaz joined the channel.
27/01/2026 03:58:57: [General] <119>Vaz left the channel.
##############################
Log started on 27/01/2026 03:59:53

27/01/2026 03:59:53: [Help] ************** Channel was created.
27/01/2026 03:59:53: [General] ************** Channel was created.
27/01/2026 03:59:53: [Trade] ************** Channel was created.
27/01/2026 03:59:53: [Looking For Group] ************** Channel was created.
27/01/2026 03:59:58: [General] <119>Vaz joined the channel.
27/01/2026 04:01:43: [General] <119>Vaz left the channel.
##############################
Log started on 27/01/2026 04:13:47

27/01/2026 04:13:47: [Help] ************** Channel was created.
27/01/2026 04:13:47: [General] ************** Channel was created.
27/01/2026 04:13:47: [Trade] ************** Channel was created.
27/01/2026 04:13:47: [Looking For Group] ************** Channel was created.
27/01/2026 04:19:05: [General] <119>Vaz joined the channel.
27/01/2026 04:30:44: [General] <119>Vaz left the channel.
27/01/2026 04:30:51: [General] <119>Vaz joined the channel.
##############################
Log started on 27/01/2026 04:50:27

27/01/2026 04:50:27: [Help] ************** Channel was created.
27/01/2026 04:50:27: [General] ************** Channel was created.
27/01/2026 04:50:27: [Trade] ************** Channel was created.
27/01/2026 04:50:27: [Looking For Group] ************** Channel was created.
27/01/2026 04:50:30: [General] <119>Vaz joined the channel.
##############################
Log started on 27/01/2026 04:56:22

27/01/2026 04:56:22: [Help] ************** Channel was created.
27/01/2026 04:56:22: [General] ************** Channel was created.
27/01/2026 04:56:22: [Trade] ************** Channel was created.
27/01/2026 04:56:22: [Looking For Group] ************** Channel was created.
27/01/2026 04:56:24: [General] <119>Vaz joined the channel.
##############################
Log started on 27/01/2026 05:00:23

27/01/2026 05:00:23: [Help] ************** Channel was created.
27/01/2026 05:00:23: [General] ************** Channel was created.
27/01/2026 05:00:23: [Trade] ************** Channel was created.
27/01/2026 05:00:23: [Looking For Group] ************** Channel was created.
27/01/2026 05:00:26: [General] <119>Vaz joined the channel.
##############################
Log started on 27/01/2026 05:06:24

27/01/2026 05:06:24: [Help] ************** Channel was created.
27/01/2026 05:06:24: [General] ************** Channel was created.
27/01/2026 05:06:24: [Trade] ************** Channel was created.
27/01/2026 05:06:24: [Looking For Group] ************** Channel was created.
27/01/2026 05:06:40: [General] <119>Vaz joined the channel.
##############################
Log started on 27/01/2026 05:14:47

27/01/2026 05:14:47: [Help] ************** Channel was created.
27/01/2026 05:14:47: [General] ************** Channel was created.
27/01/2026 05:14:47: [Trade] ************** Channel was created.
27/01/2026 05:14:47: [Looking For Group] ************** Channel was created.
27/01/2026 05:14:51: [General] <119>Vaz joined the channel.
##############################
Log started on 27/01/2026 05:22:10

27/01/2026 05:22:10: [Help] ************** Channel was created.
27/01/2026 05:22:10: [General] ************** Channel was created.
27/01/2026 05:22:10: [Trade] ************** Channel was created.
27/01/2026 05:22:10: [Looking For Group] ************** Channel was created.
27/01/2026 05:22:22: [General] <119>Vaz joined the channel.
##############################
Log started on 27/01/2026 05:23:48

27/01/2026 05:23:48: [Help] ************** Channel was created.
27/01/2026 05:23:48: [General] ************** Channel was created.
27/01/2026 05:23:48: [Trade] ************** Channel was created.
27/01/2026 05:23:48: [Looking For Group] ************** Channel was created.
27/01/2026 05:23:51: [General] <119>Vaz joined the channel.
27/01/2026 05:23:59: [General] <119>Vaz left the channel.
##############################
Log started on 27/01/2026 05:28:48

27/01/2026 05:28:48: [Help] ************** Channel was created.
27/01/2026 05:28:48: [General] ************** Channel was created.
27/01/2026 05:28:48: [Trade] ************** Channel was created.
27/01/2026 05:28:48: [Looking For Group] ************** Channel was created.
27/01/2026 05:28:57: [General] <119>Vaz joined the channel.
##############################
Log started on 27/01/2026 05:32:37

27/01/2026 05:32:37: [Help] ************** Channel was created.
27/01/2026 05:32:37: [General] ************** Channel was created.
27/01/2026 05:32:37: [Trade] ************** Channel was created.
27/01/2026 05:32:37: [Looking For Group] ************** Channel was created.
27/01/2026 05:32:40: [General] <119>Vaz joined the channel.
27/01/2026 05:32:51: [General] <119>Vaz left the channel.
##############################
Log started on 27/01/2026 05:39:24

27/01/2026 05:39:24: [Help] ************** Channel was created.
27/01/2026 05:39:24: [General] ************** Channel was created.
27/01/2026 05:39:24: [Trade] ************** Channel was created.
27/01/2026 05:39:24: [Looking For Group] ************** Channel was created.
27/01/2026 05:39:32: [General] <119>Vaz joined the channel.
27/01/2026 05:39:38: [General] <119>Vaz left the channel.
##############################
Log started on 27/01/2026 14:30:03

27/01/2026 14:30:03: [Help] ************** Channel was created.
27/01/2026 14:30:03: [General] ************** Channel was created.
27/01/2026 14:30:03: [Trade] ************** Channel was created.
27/01/2026 14:30:03: [Looking For Group] ************** Channel was created.
27/01/2026 14:30:11: [General] <119>Vaz joined the channel.
27/01/2026 14:30:35: [General] <119>Vaz left the channel.
