##############################
Log started on 03/03/2026 00:29:47

03/03/2026 00:29:47: [Help] ************** Channel was created.
03/03/2026 00:29:47: [General] ************** Channel was created.
03/03/2026 00:29:47: [Trade] ************** Channel was created.
03/03/2026 00:29:47: [Looking For Group] ************** Channel was created.
03/03/2026 00:29:56: [General] <119>vaz joined the channel.
03/03/2026 00:30:31: [General] <409>ze joined the channel.
##############################
Log started on 03/03/2026 00:35:28

03/03/2026 00:35:28: [Help] ************** Channel was created.
03/03/2026 00:35:28: [General] ************** Channel was created.
03/03/2026 00:35:28: [Trade] ************** Channel was created.
03/03/2026 00:35:28: [Looking For Group] ************** Channel was created.
03/03/2026 00:35:32: [General] <119>vaz joined the channel.
03/03/2026 00:35:37: [General] <409>ze joined the channel.
##############################
Log started on 03/03/2026 01:13:31

03/03/2026 01:13:31: [Help] ************** Channel was created.
03/03/2026 01:13:31: [General] ************** Channel was created.
03/03/2026 01:13:31: [Trade] ************** Channel was created.
03/03/2026 01:13:31: [Looking For Group] ************** Channel was created.
03/03/2026 01:13:38: [General] <119>vaz joined the channel.
03/03/2026 01:13:45: [General] <409>ze joined the channel.
##############################
Log started on 03/03/2026 01:26:26

03/03/2026 01:26:26: [Help] ************** Channel was created.
03/03/2026 01:26:26: [General] ************** Channel was created.
03/03/2026 01:26:26: [Trade] ************** Channel was created.
03/03/2026 01:26:26: [Looking For Group] ************** Channel was created.
03/03/2026 01:26:29: [General] <409>ze joined the channel.
03/03/2026 01:27:29: [General] <119>vaz joined the channel.
##############################
Log started on 03/03/2026 02:17:45

03/03/2026 02:17:45: [Help] ************** Channel was created.
03/03/2026 02:17:45: [General] ************** Channel was created.
03/03/2026 02:17:45: [Trade] ************** Channel was created.
03/03/2026 02:17:45: [Looking For Group] ************** Channel was created.
03/03/2026 02:17:48: [General] <119>vaz joined the channel.
03/03/2026 02:17:52: [General] <409>ze joined the channel.
##############################
Log started on 03/03/2026 03:27:15

03/03/2026 03:27:15: [Help] ************** Channel was created.
03/03/2026 03:27:15: [General] ************** Channel was created.
03/03/2026 03:27:15: [Trade] ************** Channel was created.
03/03/2026 03:27:15: [Looking For Group] ************** Channel was created.
03/03/2026 03:27:19: [General] <119>vaz joined the channel.
03/03/2026 03:27:22: [General] <409>ze joined the channel.
##############################
Log started on 03/03/2026 04:31:25

03/03/2026 04:31:25: [Help] ************** Channel was created.
03/03/2026 04:31:25: [General] ************** Channel was created.
03/03/2026 04:31:25: [Trade] ************** Channel was created.
03/03/2026 04:31:25: [Looking For Group] ************** Channel was created.
03/03/2026 04:31:31: [General] <409>ze joined the channel.
03/03/2026 04:31:44: [General] <119>vaz joined the channel.
##############################
Log started on 03/03/2026 04:51:56

03/03/2026 04:51:56: [Help] ************** Channel was created.
03/03/2026 04:51:56: [General] ************** Channel was created.
03/03/2026 04:51:56: [Trade] ************** Channel was created.
03/03/2026 04:51:56: [Looking For Group] ************** Channel was created.
03/03/2026 04:52:01: [General] <119>vaz joined the channel.
03/03/2026 04:55:22: [General] <409>ze joined the channel.
##############################
Log started on 03/03/2026 05:05:24

03/03/2026 05:05:24: [Help] ************** Channel was created.
03/03/2026 05:05:24: [General] ************** Channel was created.
03/03/2026 05:05:24: [Trade] ************** Channel was created.
03/03/2026 05:05:24: [Looking For Group] ************** Channel was created.
03/03/2026 05:05:27: [General] <119>vaz joined the channel.
03/03/2026 05:06:02: [General] <409>ze joined the channel.
##############################
Log started on 03/03/2026 06:20:00

03/03/2026 06:20:00: [Help] ************** Channel was created.
03/03/2026 06:20:00: [General] ************** Channel was created.
03/03/2026 06:20:00: [Trade] ************** Channel was created.
03/03/2026 06:20:00: [Looking For Group] ************** Channel was created.
03/03/2026 06:20:05: [General] <119>vaz joined the channel.
03/03/2026 06:20:36: [General] <409>ze joined the channel.
