##############################
Log started on 17/03/2026 03:04:27

17/03/2026 03:04:27: [Help] ************** Channel was created.
17/03/2026 03:04:27: [General] ************** Channel was created.
17/03/2026 03:04:27: [Trade] ************** Channel was created.
17/03/2026 03:04:27: [Looking For Group] ************** Channel was created.
17/03/2026 03:10:54: [General] <119>Vaz joined the channel.
##############################
Log started on 17/03/2026 05:36:19

17/03/2026 05:36:19: [Help] ************** Channel was created.
17/03/2026 05:36:19: [General] ************** Channel was created.
17/03/2026 05:36:19: [Trade] ************** Channel was created.
17/03/2026 05:36:19: [Looking For Group] ************** Channel was created.
17/03/2026 05:36:29: [General] <119>Vaz joined the channel.
##############################
Log started on 17/03/2026 06:08:57

17/03/2026 06:08:57: [Help] ************** Channel was created.
17/03/2026 06:08:57: [General] ************** Channel was created.
17/03/2026 06:08:57: [Trade] ************** Channel was created.
17/03/2026 06:08:57: [Looking For Group] ************** Channel was created.
17/03/2026 06:09:09: [General] <119>Vaz joined the channel.
##############################
Log started on 17/03/2026 06:19:44

17/03/2026 06:19:44: [Help] ************** Channel was created.
17/03/2026 06:19:44: [General] ************** Channel was created.
17/03/2026 06:19:44: [Trade] ************** Channel was created.
17/03/2026 06:19:44: [Looking For Group] ************** Channel was created.
17/03/2026 06:19:51: [General] <119>Vaz joined the channel.
##############################
Log started on 17/03/2026 06:28:31

17/03/2026 06:28:31: [Help] ************** Channel was created.
17/03/2026 06:28:31: [General] ************** Channel was created.
17/03/2026 06:28:31: [Trade] ************** Channel was created.
17/03/2026 06:28:31: [Looking For Group] ************** Channel was created.
17/03/2026 06:28:58: [General] <119>Vaz joined the channel.
17/03/2026 06:29:33: [General] <412>Joao joined the channel.
17/03/2026 06:29:46: [General] <412>Joao left the channel.
17/03/2026 06:29:51: [General] <409>Ze joined the channel.
##############################
Log started on 17/03/2026 13:20:11

17/03/2026 13:20:11: [Help] ************** Channel was created.
17/03/2026 13:20:11: [General] ************** Channel was created.
17/03/2026 13:20:11: [Trade] ************** Channel was created.
17/03/2026 13:20:11: [Looking For Group] ************** Channel was created.
17/03/2026 13:20:18: [General] <119>Vaz joined the channel.
##############################
Log started on 17/03/2026 14:06:50

17/03/2026 14:06:50: [Help] ************** Channel was created.
17/03/2026 14:06:50: [General] ************** Channel was created.
17/03/2026 14:06:50: [Trade] ************** Channel was created.
17/03/2026 14:06:50: [Looking For Group] ************** Channel was created.
17/03/2026 14:07:19: [General] <119>Vaz joined the channel.
##############################
Log started on 17/03/2026 14:14:45

17/03/2026 14:14:45: [Help] ************** Channel was created.
17/03/2026 14:14:45: [General] ************** Channel was created.
17/03/2026 14:14:45: [Trade] ************** Channel was created.
17/03/2026 14:14:45: [Looking For Group] ************** Channel was created.
17/03/2026 14:17:56: [General] <119>Vaz joined the channel.
##############################
Log started on 17/03/2026 14:26:59

17/03/2026 14:26:59: [Help] ************** Channel was created.
17/03/2026 14:26:59: [General] ************** Channel was created.
17/03/2026 14:26:59: [Trade] ************** Channel was created.
17/03/2026 14:26:59: [Looking For Group] ************** Channel was created.
17/03/2026 15:22:01: [General] <119>Vaz joined the channel.
##############################
Log started on 17/03/2026 15:25:38

17/03/2026 15:25:38: [Help] ************** Channel was created.
17/03/2026 15:25:38: [General] ************** Channel was created.
17/03/2026 15:25:38: [Trade] ************** Channel was created.
17/03/2026 15:25:38: [Looking For Group] ************** Channel was created.
17/03/2026 15:25:41: [General] <119>Vaz joined the channel.
##############################
Log started on 17/03/2026 16:29:47

17/03/2026 16:29:47: [Help] ************** Channel was created.
17/03/2026 16:29:47: [General] ************** Channel was created.
17/03/2026 16:29:47: [Trade] ************** Channel was created.
17/03/2026 16:29:47: [Looking For Group] ************** Channel was created.
17/03/2026 16:29:52: [General] <119>Vaz joined the channel.
##############################
Log started on 17/03/2026 16:33:40

17/03/2026 16:33:40: [Help] ************** Channel was created.
17/03/2026 16:33:40: [General] ************** Channel was created.
17/03/2026 16:33:40: [Trade] ************** Channel was created.
17/03/2026 16:33:40: [Looking For Group] ************** Channel was created.
17/03/2026 16:33:46: [General] <119>Vaz joined the channel.
##############################
Log started on 17/03/2026 16:35:30

17/03/2026 16:35:30: [Help] ************** Channel was created.
17/03/2026 16:35:30: [General] ************** Channel was created.
17/03/2026 16:35:30: [Trade] ************** Channel was created.
17/03/2026 16:35:30: [Looking For Group] ************** Channel was created.
17/03/2026 16:35:37: [General] <119>Vaz joined the channel.
##############################
Log started on 17/03/2026 16:39:15

17/03/2026 16:39:15: [Help] ************** Channel was created.
17/03/2026 16:39:15: [General] ************** Channel was created.
17/03/2026 16:39:15: [Trade] ************** Channel was created.
17/03/2026 16:39:15: [Looking For Group] ************** Channel was created.
17/03/2026 16:39:20: [General] <119>Vaz joined the channel.
17/03/2026 16:40:19: [General] <119>Vaz left the channel.
