##############################
Log started on 13/01/2026 00:28:36

13/01/2026 00:28:36: [Help] ************** Channel was created.
13/01/2026 00:28:36: [General] ************** Channel was created.
13/01/2026 00:28:36: [Trade] ************** Channel was created.
13/01/2026 00:28:36: [Looking For Group] ************** Channel was created.
13/01/2026 00:34:52: [General] <116>vaz joined the channel.
13/01/2026 00:37:22: [General] <116>vaz left the channel.
##############################
Log started on 13/01/2026 00:55:54

13/01/2026 00:55:54: [Help] ************** Channel was created.
13/01/2026 00:55:54: [General] ************** Channel was created.
13/01/2026 00:55:54: [Trade] ************** Channel was created.
13/01/2026 00:55:54: [Looking For Group] ************** Channel was created.
13/01/2026 00:56:01: [General] <116>vaz joined the channel.
##############################
Log started on 13/01/2026 00:58:13

13/01/2026 00:58:13: [Help] ************** Channel was created.
13/01/2026 00:58:13: [General] ************** Channel was created.
13/01/2026 00:58:13: [Trade] ************** Channel was created.
13/01/2026 00:58:13: [Looking For Group] ************** Channel was created.
##############################
Log started on 13/01/2026 01:06:39

13/01/2026 01:06:39: [Help] ************** Channel was created.
13/01/2026 01:06:39: [General] ************** Channel was created.
13/01/2026 01:06:39: [Trade] ************** Channel was created.
13/01/2026 01:06:39: [Looking For Group] ************** Channel was created.
13/01/2026 01:06:44: [General] <116>vaz joined the channel.
13/01/2026 01:25:28: [General] <116>vaz left the channel.
13/01/2026 01:25:40: [General] <405>ze joined the channel.
13/01/2026 01:33:31: [General] <116>vaz joined the channel.
13/01/2026 01:33:42: [General] <116>vaz left the channel.
13/01/2026 01:33:55: [General] <116>vaz joined the channel.
13/01/2026 01:51:30: [General] <116>vaz left the channel.
13/01/2026 01:51:44: [General] <405>ze left the channel.
13/01/2026 02:06:21: [General] <116>vaz joined the channel.
13/01/2026 02:06:38: [General] <116>vaz left the channel.
13/01/2026 02:06:59: [General] <405>ze joined the channel.
13/01/2026 02:07:18: [General] <405>ze left the channel.
