##############################
Log started on 24/02/2026 13:54:11

24/02/2026 13:54:11: [Help] ************** Channel was created.
24/02/2026 13:54:11: [General] ************** Channel was created.
24/02/2026 13:54:11: [Trade] ************** Channel was created.
24/02/2026 13:54:11: [Looking For Group] ************** Channel was created.
24/02/2026 13:54:26: [General] <119>vaz joined the channel.
##############################
Log started on 24/02/2026 13:54:46

24/02/2026 13:54:46: [Help] ************** Channel was created.
24/02/2026 13:54:46: [General] ************** Channel was created.
24/02/2026 13:54:46: [Trade] ************** Channel was created.
24/02/2026 13:54:46: [Looking For Group] ************** Channel was created.
##############################
Log started on 24/02/2026 13:57:50

24/02/2026 13:57:50: [Help] ************** Channel was created.
24/02/2026 13:57:50: [General] ************** Channel was created.
24/02/2026 13:57:50: [Trade] ************** Channel was created.
24/02/2026 13:57:50: [Looking For Group] ************** Channel was created.
24/02/2026 13:57:54: [General] <119>vaz joined the channel.
##############################
Log started on 24/02/2026 16:10:36

24/02/2026 16:10:36: [Help] ************** Channel was created.
24/02/2026 16:10:36: [General] ************** Channel was created.
24/02/2026 16:10:36: [Trade] ************** Channel was created.
24/02/2026 16:10:36: [Looking For Group] ************** Channel was created.
24/02/2026 16:16:12: [General] <119>vaz joined the channel.
