##############################
Log started on 10/03/2026 00:14:56

10/03/2026 00:14:56: [Help] ************** Channel was created.
10/03/2026 00:14:56: [General] ************** Channel was created.
10/03/2026 00:14:56: [Trade] ************** Channel was created.
10/03/2026 00:14:56: [Looking For Group] ************** Channel was created.
10/03/2026 00:14:59: [General] <119>vaz joined the channel.
10/03/2026 00:15:01: [General] <409>Zé joined the channel.
##############################
Log started on 10/03/2026 00:37:55

10/03/2026 00:37:55: [Help] ************** Channel was created.
10/03/2026 00:37:55: [General] ************** Channel was created.
10/03/2026 00:37:55: [Trade] ************** Channel was created.
10/03/2026 00:37:55: [Looking For Group] ************** Channel was created.
10/03/2026 00:37:58: [General] <409>Zé joined the channel.
10/03/2026 00:44:07: [General] <119>vaz joined the channel.
##############################
Log started on 10/03/2026 01:33:37

10/03/2026 01:33:37: [Help] ************** Channel was created.
10/03/2026 01:33:37: [General] ************** Channel was created.
10/03/2026 01:33:37: [Trade] ************** Channel was created.
10/03/2026 01:33:37: [Looking For Group] ************** Channel was created.
10/03/2026 01:33:40: [General] <119>vaz joined the channel.
10/03/2026 01:33:45: [General] <119>vaz left the channel.
10/03/2026 01:33:46: [General] <119>vaz joined the channel.
10/03/2026 01:33:54: [General] <409>Zé joined the channel.
##############################
Log started on 10/03/2026 01:52:38

10/03/2026 01:52:38: [Help] ************** Channel was created.
10/03/2026 01:52:38: [General] ************** Channel was created.
10/03/2026 01:52:38: [Trade] ************** Channel was created.
10/03/2026 01:52:38: [Looking For Group] ************** Channel was created.
10/03/2026 01:52:45: [General] <119>vaz joined the channel.
10/03/2026 01:52:57: [General] <409>Zé joined the channel.
##############################
Log started on 10/03/2026 15:51:46

10/03/2026 15:51:46: [Help] ************** Channel was created.
10/03/2026 15:51:46: [General] ************** Channel was created.
10/03/2026 15:51:46: [Trade] ************** Channel was created.
10/03/2026 15:51:46: [Looking For Group] ************** Channel was created.
10/03/2026 15:51:56: [General] <119>vaz joined the channel.
10/03/2026 15:52:15: [General] <409>Zé joined the channel.
##############################
Log started on 10/03/2026 17:19:32

10/03/2026 17:19:32: [Help] ************** Channel was created.
10/03/2026 17:19:32: [General] ************** Channel was created.
10/03/2026 17:19:32: [Trade] ************** Channel was created.
10/03/2026 17:19:32: [Looking For Group] ************** Channel was created.
10/03/2026 17:19:38: [General] <119>vaz joined the channel.
10/03/2026 17:19:49: [General] <409>Zé joined the channel.
##############################
Log started on 10/03/2026 17:20:00

10/03/2026 17:20:00: [Help] ************** Channel was created.
10/03/2026 17:20:00: [General] ************** Channel was created.
10/03/2026 17:20:00: [Trade] ************** Channel was created.
10/03/2026 17:20:00: [Looking For Group] ************** Channel was created.
##############################
Log started on 10/03/2026 17:26:31

10/03/2026 17:26:31: [Help] ************** Channel was created.
10/03/2026 17:26:31: [General] ************** Channel was created.
10/03/2026 17:26:31: [Trade] ************** Channel was created.
10/03/2026 17:26:31: [Looking For Group] ************** Channel was created.
10/03/2026 17:26:48: [General] <409>Zé joined the channel.
10/03/2026 17:27:04: [General] <119>vaz joined the channel.
##############################
Log started on 10/03/2026 17:35:47

10/03/2026 17:35:47: [Help] ************** Channel was created.
10/03/2026 17:35:47: [General] ************** Channel was created.
10/03/2026 17:35:47: [Trade] ************** Channel was created.
10/03/2026 17:35:47: [Looking For Group] ************** Channel was created.
10/03/2026 17:47:19: [General] <119>vaz joined the channel.
10/03/2026 17:47:24: [General] <119>vaz left the channel.
10/03/2026 17:47:24: [General] <119>vaz joined the channel.
10/03/2026 17:47:30: [General] <409>Zé joined the channel.
##############################
Log started on 10/03/2026 17:54:59

10/03/2026 17:54:59: [Help] ************** Channel was created.
10/03/2026 17:54:59: [General] ************** Channel was created.
10/03/2026 17:54:59: [Trade] ************** Channel was created.
10/03/2026 17:54:59: [Looking For Group] ************** Channel was created.
10/03/2026 17:55:04: [General] <409>Zé joined the channel.
10/03/2026 17:55:14: [General] <119>vaz joined the channel.
##############################
Log started on 10/03/2026 18:06:47

10/03/2026 18:06:47: [Help] ************** Channel was created.
10/03/2026 18:06:47: [General] ************** Channel was created.
10/03/2026 18:06:47: [Trade] ************** Channel was created.
10/03/2026 18:06:47: [Looking For Group] ************** Channel was created.
10/03/2026 18:07:36: [General] <409>Zé joined the channel.
10/03/2026 18:07:42: [General] <119>vaz joined the channel.
##############################
Log started on 10/03/2026 18:41:49

10/03/2026 18:41:49: [Help] ************** Channel was created.
10/03/2026 18:41:49: [General] ************** Channel was created.
10/03/2026 18:41:49: [Trade] ************** Channel was created.
10/03/2026 18:41:49: [Looking For Group] ************** Channel was created.
10/03/2026 18:41:52: [General] <409>Zé joined the channel.
10/03/2026 18:41:56: [General] <119>vaz joined the channel.
##############################
Log started on 10/03/2026 19:48:54

10/03/2026 19:48:54: [Help] ************** Channel was created.
10/03/2026 19:48:54: [General] ************** Channel was created.
10/03/2026 19:48:54: [Trade] ************** Channel was created.
10/03/2026 19:48:54: [Looking For Group] ************** Channel was created.
10/03/2026 19:49:06: [General] <409>Zé joined the channel.
10/03/2026 19:50:51: [General] <119>vaz joined the channel.
##############################
Log started on 10/03/2026 20:06:46

10/03/2026 20:06:46: [Help] ************** Channel was created.
10/03/2026 20:06:46: [General] ************** Channel was created.
10/03/2026 20:06:46: [Trade] ************** Channel was created.
10/03/2026 20:06:46: [Looking For Group] ************** Channel was created.
10/03/2026 20:06:50: [General] <409>Zé joined the channel.
10/03/2026 20:07:57: [General] <119>vaz joined the channel.
##############################
Log started on 10/03/2026 23:07:02

10/03/2026 23:07:02: [Help] ************** Channel was created.
10/03/2026 23:07:02: [General] ************** Channel was created.
10/03/2026 23:07:02: [Trade] ************** Channel was created.
10/03/2026 23:07:02: [Looking For Group] ************** Channel was created.
10/03/2026 23:07:08: [General] <119>vaz joined the channel.
10/03/2026 23:07:48: [General] <409>Zé joined the channel.
##############################
Log started on 10/03/2026 23:24:50

10/03/2026 23:24:50: [Help] ************** Channel was created.
10/03/2026 23:24:50: [General] ************** Channel was created.
10/03/2026 23:24:50: [Trade] ************** Channel was created.
10/03/2026 23:24:50: [Looking For Group] ************** Channel was created.
10/03/2026 23:24:58: [General] <119>vaz joined the channel.
10/03/2026 23:25:39: [General] <409>Zé joined the channel.
