##############################
Log started on 24/03/2026 00:33:09

24/03/2026 00:33:09: [Help] ************** Channel was created.
24/03/2026 00:33:09: [General] ************** Channel was created.
24/03/2026 00:33:09: [Trade] ************** Channel was created.
24/03/2026 00:33:09: [Looking For Group] ************** Channel was created.
24/03/2026 00:33:12: [General] <119>Vaz joined the channel.
##############################
Log started on 24/03/2026 01:02:40

24/03/2026 01:02:40: [Help] ************** Channel was created.
24/03/2026 01:02:40: [General] ************** Channel was created.
24/03/2026 01:02:40: [Trade] ************** Channel was created.
24/03/2026 01:02:40: [Looking For Group] ************** Channel was created.
24/03/2026 01:02:46: [General] <119>Vaz joined the channel.
##############################
Log started on 24/03/2026 01:10:11

24/03/2026 01:10:11: [Help] ************** Channel was created.
24/03/2026 01:10:11: [General] ************** Channel was created.
24/03/2026 01:10:11: [Trade] ************** Channel was created.
24/03/2026 01:10:11: [Looking For Group] ************** Channel was created.
24/03/2026 01:21:03: [General] <119>Vaz joined the channel.
##############################
Log started on 24/03/2026 01:28:57

24/03/2026 01:28:57: [Help] ************** Channel was created.
24/03/2026 01:28:57: [General] ************** Channel was created.
24/03/2026 01:28:57: [Trade] ************** Channel was created.
24/03/2026 01:28:57: [Looking For Group] ************** Channel was created.
24/03/2026 01:29:01: [General] <119>Vaz joined the channel.
24/03/2026 01:30:53: [General] <413>Joao joined the channel.
##############################
Log started on 24/03/2026 02:43:47

24/03/2026 02:43:47: [Help] ************** Channel was created.
24/03/2026 02:43:47: [General] ************** Channel was created.
24/03/2026 02:43:47: [Trade] ************** Channel was created.
24/03/2026 02:43:47: [Looking For Group] ************** Channel was created.
24/03/2026 02:43:52: [General] <119>Vaz joined the channel.
24/03/2026 02:45:32: [General] <413>Joao joined the channel.
##############################
Log started on 24/03/2026 06:06:59

24/03/2026 06:06:59: [Help] ************** Channel was created.
24/03/2026 06:06:59: [General] ************** Channel was created.
24/03/2026 06:06:59: [Trade] ************** Channel was created.
24/03/2026 06:06:59: [Looking For Group] ************** Channel was created.
##############################
Log started on 24/03/2026 06:13:25

24/03/2026 06:13:25: [Help] ************** Channel was created.
24/03/2026 06:13:25: [General] ************** Channel was created.
24/03/2026 06:13:25: [Trade] ************** Channel was created.
24/03/2026 06:13:25: [Looking For Group] ************** Channel was created.
24/03/2026 06:13:33: [General] <119>Vaz joined the channel.
##############################
Log started on 24/03/2026 06:37:12

24/03/2026 06:37:12: [Help] ************** Channel was created.
24/03/2026 06:37:12: [General] ************** Channel was created.
24/03/2026 06:37:12: [Trade] ************** Channel was created.
24/03/2026 06:37:12: [Looking For Group] ************** Channel was created.
24/03/2026 06:37:16: [General] <119>Vaz joined the channel.
24/03/2026 06:41:03: [General] <413>Joao joined the channel.
##############################
Log started on 24/03/2026 12:51:02

24/03/2026 12:51:02: [Help] ************** Channel was created.
24/03/2026 12:51:02: [General] ************** Channel was created.
24/03/2026 12:51:02: [Trade] ************** Channel was created.
24/03/2026 12:51:02: [Looking For Group] ************** Channel was created.
24/03/2026 12:51:34: [General] <119>Vaz joined the channel.
24/03/2026 12:52:22: [General] <413>Joao joined the channel.
##############################
Log started on 24/03/2026 15:27:14

24/03/2026 15:27:14: [Help] ************** Channel was created.
24/03/2026 15:27:14: [General] ************** Channel was created.
24/03/2026 15:27:14: [Trade] ************** Channel was created.
24/03/2026 15:27:14: [Looking For Group] ************** Channel was created.
24/03/2026 15:27:19: [General] <119>Vaz joined the channel.
24/03/2026 15:27:33: [General] <413>Joao joined the channel.
##############################
Log started on 24/03/2026 15:43:54

24/03/2026 15:43:54: [Help] ************** Channel was created.
24/03/2026 15:43:54: [General] ************** Channel was created.
24/03/2026 15:43:54: [Trade] ************** Channel was created.
24/03/2026 15:43:54: [Looking For Group] ************** Channel was created.
24/03/2026 15:43:59: [General] <119>Vaz joined the channel.
24/03/2026 15:44:08: [General] <413>Joao joined the channel.
##############################
Log started on 24/03/2026 15:53:11

24/03/2026 15:53:11: [Help] ************** Channel was created.
24/03/2026 15:53:11: [General] ************** Channel was created.
24/03/2026 15:53:11: [Trade] ************** Channel was created.
24/03/2026 15:53:11: [Looking For Group] ************** Channel was created.
24/03/2026 15:53:14: [General] <119>Vaz joined the channel.
24/03/2026 15:53:27: [General] <413>Joao joined the channel.
##############################
Log started on 24/03/2026 16:07:11

24/03/2026 16:07:11: [Help] ************** Channel was created.
24/03/2026 16:07:11: [General] ************** Channel was created.
24/03/2026 16:07:11: [Trade] ************** Channel was created.
24/03/2026 16:07:11: [Looking For Group] ************** Channel was created.
24/03/2026 16:07:33: [General] <119>Vaz joined the channel.
24/03/2026 16:08:07: [General] <413>Joao joined the channel.
##############################
Log started on 24/03/2026 16:19:16

24/03/2026 16:19:16: [Help] ************** Channel was created.
24/03/2026 16:19:16: [General] ************** Channel was created.
24/03/2026 16:19:16: [Trade] ************** Channel was created.
24/03/2026 16:19:16: [Looking For Group] ************** Channel was created.
24/03/2026 16:20:17: [General] <119>Vaz joined the channel.
24/03/2026 16:20:27: [General] <413>Joao joined the channel.
##############################
Log started on 24/03/2026 16:50:12

24/03/2026 16:50:12: [Help] ************** Channel was created.
24/03/2026 16:50:12: [General] ************** Channel was created.
24/03/2026 16:50:12: [Trade] ************** Channel was created.
24/03/2026 16:50:12: [Looking For Group] ************** Channel was created.
24/03/2026 16:50:29: [General] <119>Vaz joined the channel.
24/03/2026 16:51:12: [General] <119>Vaz left the channel.
##############################
Log started on 24/03/2026 16:55:13

24/03/2026 16:55:13: [Help] ************** Channel was created.
24/03/2026 16:55:13: [General] ************** Channel was created.
24/03/2026 16:55:13: [Trade] ************** Channel was created.
24/03/2026 16:55:13: [Looking For Group] ************** Channel was created.
24/03/2026 16:55:15: [General] <119>Vaz joined the channel.
24/03/2026 17:13:14: [General] <413>Joao joined the channel.
##############################
Log started on 24/03/2026 17:38:05

24/03/2026 17:38:05: [Help] ************** Channel was created.
24/03/2026 17:38:05: [General] ************** Channel was created.
24/03/2026 17:38:05: [Trade] ************** Channel was created.
24/03/2026 17:38:05: [Looking For Group] ************** Channel was created.
24/03/2026 17:38:08: [General] <413>Joao joined the channel.
24/03/2026 17:38:16: [General] <413>Joao left the channel.
24/03/2026 17:38:20: [General] <413>Joao joined the channel.
24/03/2026 17:38:40: [General] <119>Vaz joined the channel.
24/03/2026 17:42:17: [General] <413>Joao left the channel.
24/03/2026 17:42:22: [General] <413>Joao joined the channel.
##############################
Log started on 24/03/2026 17:48:08

24/03/2026 17:48:08: [Help] ************** Channel was created.
24/03/2026 17:48:08: [General] ************** Channel was created.
24/03/2026 17:48:08: [Trade] ************** Channel was created.
24/03/2026 17:48:08: [Looking For Group] ************** Channel was created.
24/03/2026 17:48:11: [General] <413>Joao joined the channel.
24/03/2026 17:51:00: [General] <413>Zezin left the channel.
24/03/2026 17:51:04: [General] <413>Zezin joined the channel.
##############################
Log started on 24/03/2026 18:20:45

24/03/2026 18:20:45: [Help] ************** Channel was created.
24/03/2026 18:20:45: [General] ************** Channel was created.
24/03/2026 18:20:45: [Trade] ************** Channel was created.
24/03/2026 18:20:45: [Looking For Group] ************** Channel was created.
24/03/2026 18:20:51: [General] <119>Vaz joined the channel.
24/03/2026 18:21:00: [General] <413>Joao joined the channel.
24/03/2026 18:21:04: [General] <413>Joao left the channel.
24/03/2026 18:21:09: [General] <413>Joao joined the channel.
24/03/2026 18:24:27: [General] <413>Jao left the channel.
24/03/2026 18:24:32: [General] <413>Jao joined the channel.
##############################
Log started on 24/03/2026 18:37:34

24/03/2026 18:37:34: [Help] ************** Channel was created.
24/03/2026 18:37:34: [General] ************** Channel was created.
24/03/2026 18:37:34: [Trade] ************** Channel was created.
24/03/2026 18:37:34: [Looking For Group] ************** Channel was created.
24/03/2026 18:37:40: [General] <413>Joao joined the channel.
24/03/2026 18:37:47: [General] <119>Vaz joined the channel.
24/03/2026 18:38:53: [General] <413>Joao left the channel.
24/03/2026 18:38:58: [General] <413>Joao joined the channel.
24/03/2026 18:39:10: [General] <413>Joao left the channel.
24/03/2026 18:39:18: [General] <409>Ze joined the channel.
24/03/2026 18:39:51: [General] <409>Ze left the channel.
24/03/2026 18:39:57: [General] <409>Ze joined the channel.
24/03/2026 18:40:06: [General] <409>Ze left the channel.
24/03/2026 18:40:11: [General] <412>Angela joined the channel.
24/03/2026 18:40:48: [General] <412>Angela left the channel.
24/03/2026 18:40:54: [General] <415>Joana joined the channel.
##############################
Log started on 24/03/2026 18:52:29

24/03/2026 18:52:29: [Help] ************** Channel was created.
24/03/2026 18:52:29: [General] ************** Channel was created.
24/03/2026 18:52:29: [Trade] ************** Channel was created.
24/03/2026 18:52:29: [Looking For Group] ************** Channel was created.
##############################
Log started on 24/03/2026 18:53:04

24/03/2026 18:53:04: [Help] ************** Channel was created.
24/03/2026 18:53:04: [General] ************** Channel was created.
24/03/2026 18:53:04: [Trade] ************** Channel was created.
24/03/2026 18:53:04: [Looking For Group] ************** Channel was created.
##############################
Log started on 24/03/2026 19:00:19

24/03/2026 19:00:19: [Help] ************** Channel was created.
24/03/2026 19:00:19: [General] ************** Channel was created.
24/03/2026 19:00:19: [Trade] ************** Channel was created.
24/03/2026 19:00:19: [Looking For Group] ************** Channel was created.
24/03/2026 19:00:22: [General] <119>Vaz joined the channel.
24/03/2026 19:03:30: [General] <413>Joao joined the channel.
24/03/2026 19:12:17: [General] <119>Vaz left the channel.
24/03/2026 19:12:18: [General] <413>Joao left the channel.
24/03/2026 19:12:55: [General] <119>Vaz joined the channel.
##############################
Log started on 24/03/2026 19:34:34

24/03/2026 19:34:34: [Help] ************** Channel was created.
24/03/2026 19:34:34: [General] ************** Channel was created.
24/03/2026 19:34:34: [Trade] ************** Channel was created.
24/03/2026 19:34:34: [Looking For Group] ************** Channel was created.
24/03/2026 19:34:46: [General] <119>Vaz joined the channel.
##############################
Log started on 24/03/2026 20:13:30

24/03/2026 20:13:30: [Help] ************** Channel was created.
24/03/2026 20:13:30: [General] ************** Channel was created.
24/03/2026 20:13:30: [Trade] ************** Channel was created.
24/03/2026 20:13:30: [Looking For Group] ************** Channel was created.
24/03/2026 21:29:59: [General] <119>Vaz joined the channel.
24/03/2026 22:24:18: [General] <119>Vaz left the channel.
