13/01/2026 00:28:36: ************** Channel was created.
13/01/2026 00:34:52: <116>vaz joined the channel.
13/01/2026 00:37:22: <116>vaz left the channel.
13/01/2026 00:55:54: ************** Channel was created.
13/01/2026 00:56:01: <116>vaz joined the channel.
13/01/2026 00:58:13: ************** Channel was created.
13/01/2026 01:06:39: ************** Channel was created.
13/01/2026 01:06:44: <116>vaz joined the channel.
13/01/2026 01:25:28: <116>vaz left the channel.
14/01/2026 04:04:49: ************** Channel was created.
14/01/2026 04:04:52: <116>vaz joined the channel.
14/01/2026 04:06:15: <405>ze joined the channel.
14/01/2026 04:09:18: <116>vaz left the channel.
14/01/2026 04:22:58: ************** Channel was created.
14/01/2026 04:23:02: <116>vaz joined the channel.
14/01/2026 04:23:12: <405>ze joined the channel.
14/01/2026 04:31:31: <116>vaz left the channel.
14/01/2026 19:06:04: ************** Channel was created.
14/01/2026 19:06:08: <116>vaz joined the channel.
14/01/2026 19:06:19: <405>ze joined the channel.
14/01/2026 19:32:47: ************** Channel was created.
14/01/2026 19:33:39: <116>vaz joined the channel.
14/01/2026 19:33:55: <405>ze joined the channel.
14/01/2026 19:46:13: <116>vaz left the channel.
14/01/2026 20:26:38: ************** Channel was created.
14/01/2026 20:27:03: <116>vaz joined the channel.
14/01/2026 20:27:26: <405>tester joined the channel.
14/01/2026 20:28:54: <116>vaz left the channel.
15/01/2026 00:50:46: ************** Channel was created.
15/01/2026 00:50:57: <116>vaz joined the channel.
15/01/2026 00:51:15: <405>test joined the channel.
15/01/2026 00:52:13: <116>vaz left the channel.
15/01/2026 00:58:28: ************** Channel was created.
15/01/2026 00:59:26: <116>VAZ joined the channel.
15/01/2026 00:59:47: <405>tester joined the channel.
15/01/2026 01:14:36: ************** Channel was created.
15/01/2026 01:14:53: <116>test joined the channel.
15/01/2026 01:15:07: <405>vaz joined the channel.
15/01/2026 01:16:59: <116>test left the channel.
15/01/2026 02:36:04: ************** Channel was created.
15/01/2026 02:36:18: <116>Vaz joined the channel.
15/01/2026 02:36:38: <405>test joined the channel.
15/01/2026 02:38:53: ************** Channel was created.
15/01/2026 02:42:19: ************** Channel was created.
15/01/2026 03:13:55: ************** Channel was created.
15/01/2026 03:14:02: <116>Vaz joined the channel.
15/01/2026 03:14:06: <405>test joined the channel.
15/01/2026 04:10:47: ************** Channel was created.
15/01/2026 04:10:52: <116>Vaz joined the channel.
15/01/2026 04:10:58: <405>test joined the channel.
15/01/2026 04:28:13: ************** Channel was created.
15/01/2026 04:28:15: <116>Vaz joined the channel.
15/01/2026 04:28:22: <405>test joined the channel.
15/01/2026 04:44:51: ************** Channel was created.
15/01/2026 04:45:17: <116>Vaz joined the channel.
15/01/2026 04:45:27: <405>test joined the channel.
15/01/2026 05:33:47: ************** Channel was created.
15/01/2026 05:35:23: <116>Vaz joined the channel.
15/01/2026 05:35:30: <405>test joined the channel.
15/01/2026 05:47:48: <116>Vaz left the channel.
15/01/2026 05:50:08: ************** Channel was created.
15/01/2026 05:50:14: <116>Vaz joined the channel.
15/01/2026 05:50:19: <405>test joined the channel.
15/01/2026 13:58:38: ************** Channel was created.
15/01/2026 13:58:44: <116>Vaz joined the channel.
15/01/2026 13:58:55: <405>test joined the channel.
15/01/2026 14:42:32: ************** Channel was created.
15/01/2026 14:43:20: <116>Vaz joined the channel.
15/01/2026 14:43:32: <405>test joined the channel.
15/01/2026 15:03:29: ************** Channel was created.
15/01/2026 15:06:25: <405>test joined the channel.
15/01/2026 15:15:35: <405>test left the channel.
15/01/2026 15:33:56: ************** Channel was created.
15/01/2026 15:33:59: <116>Vaz joined the channel.
15/01/2026 15:34:04: <405>test joined the channel.
15/01/2026 15:34:15: <405>test left the channel.
15/01/2026 15:40:44: ************** Channel was created.
15/01/2026 15:41:03: <116>Vaz joined the channel.
15/01/2026 16:48:47: ************** Channel was created.
15/01/2026 16:52:17: <116>Vaz joined the channel.
15/01/2026 19:49:49: ************** Channel was created.
15/01/2026 19:50:06: <116>vaz joined the channel.
15/01/2026 19:52:32: <405>teste joined the channel.
15/01/2026 20:09:56: ************** Channel was created.
15/01/2026 20:15:50: <116>tester joined the channel.
15/01/2026 20:16:07: <405>vaz joined the channel.
15/01/2026 20:17:03: <405>vaz left the channel.
15/01/2026 20:17:39: ************** Channel was created.
15/01/2026 20:17:48: <405>vaz joined the channel.
15/01/2026 20:17:54: <116>tester joined the channel.
15/01/2026 20:23:40: ************** Channel was created.
15/01/2026 20:23:46: <405>vaz joined the channel.
15/01/2026 20:23:55: <116>tester joined the channel.
15/01/2026 22:54:34: ************** Channel was created.
15/01/2026 22:54:57: <116>tester joined the channel.
15/01/2026 23:42:18: ************** Channel was created.
15/01/2026 23:42:21: <405>vaz joined the channel.
15/01/2026 23:42:31: <116>tester joined the channel.
16/01/2026 00:16:44: ************** Channel was created.
16/01/2026 00:16:55: <116>tester joined the channel.
16/01/2026 00:17:45: <405>vaz joined the channel.
16/01/2026 01:34:12: ************** Channel was created.
16/01/2026 01:34:16: <405>vaz joined the channel.
16/01/2026 01:34:24: <405>vaz left the channel.
16/01/2026 06:47:09: ************** Channel was created.
16/01/2026 06:47:14: <405>vaz joined the channel.
16/01/2026 06:48:22: <116>tester joined the channel.
16/01/2026 07:02:08: ************** Channel was created.
16/01/2026 07:02:12: <116>tester joined the channel.
16/01/2026 07:35:46: ************** Channel was created.
16/01/2026 07:35:58: <116>tester joined the channel.
16/01/2026 07:56:41: ************** Channel was created.
16/01/2026 07:57:31: ************** Channel was created.
16/01/2026 07:57:40: <116>tester joined the channel.
16/01/2026 08:03:31: ************** Channel was created.
16/01/2026 08:03:34: <116>tester joined the channel.
16/01/2026 09:31:33: <116>tester left the channel.
16/01/2026 14:01:02: ************** Channel was created.
16/01/2026 14:01:05: <116>tester joined the channel.
16/01/2026 14:41:16: ************** Channel was created.
16/01/2026 14:41:27: <116>tester joined the channel.
16/01/2026 14:41:36: <405>vaz joined the channel.
16/01/2026 14:46:52: <116>tester left the channel.
16/01/2026 14:56:49: ************** Channel was created.
16/01/2026 14:57:06: <408>ts joined the channel.
16/01/2026 14:57:57: <408>ts left the channel.
16/01/2026 16:24:35: ************** Channel was created.
16/01/2026 16:24:59: <408>ts joined the channel.
16/01/2026 16:25:06: <405>vaz joined the channel.
16/01/2026 22:42:54: ************** Channel was created.
16/01/2026 22:43:01: <405>vaz joined the channel.
19/01/2026 14:43:37: ************** Channel was created.
19/01/2026 14:43:40: <405>vaz joined the channel.
19/01/2026 14:44:02: <405>vaz left the channel.
21/01/2026 05:11:34: ************** Channel was created.
21/01/2026 05:11:38: <405>vaz joined the channel.
22/01/2026 04:02:52: ************** Channel was created.
22/01/2026 05:00:04: ************** Channel was created.
22/01/2026 06:05:01: ************** Channel was created.
22/01/2026 06:05:05: <405>vaz joined the channel.
22/01/2026 06:05:18: <405>vaz left the channel.
22/01/2026 06:06:41: ************** Channel was created.
22/01/2026 06:07:10: <405>vaz joined the channel.
22/01/2026 06:07:37: <405>vaz left the channel.
22/01/2026 06:18:51: ************** Channel was created.
22/01/2026 06:18:55: <405>vaz joined the channel.
22/01/2026 06:23:01: ************** Channel was created.
22/01/2026 06:23:05: <405>vaz joined the channel.
22/01/2026 06:24:49: ************** Channel was created.
22/01/2026 06:24:53: <405>vaz joined the channel.
22/01/2026 06:31:55: ************** Channel was created.
22/01/2026 06:32:08: <405>vaz joined the channel.
22/01/2026 06:41:34: ************** Channel was created.
22/01/2026 06:41:38: <405>vaz joined the channel.
22/01/2026 06:43:45: <405>vaz left the channel.
22/01/2026 06:44:43: ************** Channel was created.
22/01/2026 06:44:56: <405>vaz joined the channel.
22/01/2026 06:45:11: <405>vaz left the channel.
22/01/2026 06:46:18: ************** Channel was created.
22/01/2026 06:46:21: <405>vaz joined the channel.
22/01/2026 06:49:55: ************** Channel was created.
22/01/2026 06:54:05: ************** Channel was created.
22/01/2026 06:54:07: <405>vaz joined the channel.
22/01/2026 06:54:39: <405>vaz left the channel.
22/01/2026 06:55:17: ************** Channel was created.
22/01/2026 06:55:27: <405>vaz joined the channel.
22/01/2026 06:56:05: <405>vaz left the channel.
22/01/2026 07:04:39: ************** Channel was created.
22/01/2026 07:04:44: <405>vaz joined the channel.
22/01/2026 07:28:25: ************** Channel was created.
22/01/2026 07:28:28: <405>vaz joined the channel.
22/01/2026 07:42:31: ************** Channel was created.
22/01/2026 07:42:34: <405>vaz joined the channel.
22/01/2026 15:30:10: ************** Channel was created.
22/01/2026 15:30:13: <405>vaz joined the channel.
22/01/2026 15:50:30: <405>vaz left the channel.
22/01/2026 16:10:39: ************** Channel was created.
22/01/2026 16:10:43: <405>vaz joined the channel.
22/01/2026 16:41:05: ************** Channel was created.
22/01/2026 16:41:14: <405>vaz joined the channel.
22/01/2026 16:51:35: ************** Channel was created.
22/01/2026 16:51:38: <405>vaz joined the channel.
22/01/2026 16:53:08: ************** Channel was created.
22/01/2026 16:53:10: <405>vaz joined the channel.
22/01/2026 17:31:15: ************** Channel was created.
22/01/2026 17:31:20: <405>vaz joined the channel.
22/01/2026 17:38:44: ************** Channel was created.
22/01/2026 17:38:46: <405>vaz joined the channel.
22/01/2026 18:48:08: ************** Channel was created.
22/01/2026 18:48:13: <405>vaz joined the channel.
22/01/2026 19:40:54: ************** Channel was created.
22/01/2026 19:40:59: <405>vaz joined the channel.
22/01/2026 20:49:06: ************** Channel was created.
22/01/2026 20:49:09: <405>vaz joined the channel.
23/01/2026 03:13:46: ************** Channel was created.
23/01/2026 03:14:02: <116>vaz joined the channel.
23/01/2026 03:38:46: ************** Channel was created.
23/01/2026 03:39:04: <116>Vaz joined the channel.
23/01/2026 03:43:00: ************** Channel was created.
23/01/2026 03:43:43: <116>Vaz joined the channel.
23/01/2026 03:44:06: <116>Vaz left the channel.
23/01/2026 03:48:31: ************** Channel was created.
23/01/2026 03:48:42: <116>Vaz joined the channel.
23/01/2026 03:51:23: <116>Vaz left the channel.
23/01/2026 04:02:08: ************** Channel was created.
23/01/2026 04:02:49: <116>Vaz joined the channel.
23/01/2026 04:02:54: <116>Vaz left the channel.
23/01/2026 04:03:02: ************** Channel was created.
23/01/2026 04:03:05: <116>Vaz joined the channel.
23/01/2026 04:24:49: ************** Channel was created.
23/01/2026 04:24:53: <116>Vaz joined the channel.
23/01/2026 04:25:01: <116>Vaz left the channel.
23/01/2026 04:34:14: ************** Channel was created.
23/01/2026 04:34:17: <116>Vaz joined the channel.
23/01/2026 04:35:16: <116>Vaz left the channel.
23/01/2026 04:36:40: ************** Channel was created.
23/01/2026 04:36:47: <116>Vaz joined the channel.
23/01/2026 07:19:40: ************** Channel was created.
23/01/2026 07:19:50: <116>Vaz joined the channel.
23/01/2026 13:56:00: ************** Channel was created.
23/01/2026 13:56:06: <116>Vaz joined the channel.
23/01/2026 13:56:24: <116>Vaz left the channel.
23/01/2026 23:09:48: ************** Channel was created.
23/01/2026 23:15:27: ************** Channel was created.
23/01/2026 23:15:37: <116>Vaz joined the channel.
23/01/2026 23:16:16: <116>Vaz left the channel.
23/01/2026 23:20:13: ************** Channel was created.
23/01/2026 23:20:18: <406>uau joined the channel.
23/01/2026 23:20:24: <405>teste joined the channel.
23/01/2026 23:20:37: <405>teste left the channel.
26/01/2026 06:22:43: ************** Channel was created.
26/01/2026 06:22:53: <116>Vaz joined the channel.
26/01/2026 06:23:16: <405>teste joined the channel.
26/01/2026 06:23:26: <406>uau joined the channel.
26/01/2026 06:37:38: <406>uau left the channel.
26/01/2026 07:13:46: ************** Channel was created.
26/01/2026 07:13:51: <116>Vaz joined the channel.
26/01/2026 07:13:59: <405>teste joined the channel.
26/01/2026 13:07:54: <405>teste left the channel.
26/01/2026 15:13:53: ************** Channel was created.
26/01/2026 15:23:35: <116>Vaz joined the channel.
26/01/2026 15:26:00: <405>teste joined the channel.
26/01/2026 16:39:07: ************** Channel was created.
26/01/2026 16:39:19: <116>Vaz joined the channel.
26/01/2026 17:01:41: ************** Channel was created.
26/01/2026 17:01:44: <116>Vaz joined the channel.
26/01/2026 17:10:58: ************** Channel was created.
26/01/2026 17:11:02: <116>Vaz joined the channel.
26/01/2026 17:16:05: ************** Channel was created.
26/01/2026 17:16:10: <116>Vaz joined the channel.
26/01/2026 17:30:11: ************** Channel was created.
26/01/2026 17:30:15: <116>Vaz joined the channel.
26/01/2026 17:34:26: ************** Channel was created.
26/01/2026 17:34:29: <116>Vaz joined the channel.
26/01/2026 17:44:20: ************** Channel was created.
26/01/2026 17:44:23: <116>Vaz joined the channel.
27/01/2026 03:43:10: ************** Channel was created.
27/01/2026 03:43:29: <116>vaz joined the channel.
27/01/2026 03:44:48: <116>vaz left the channel.
27/01/2026 03:50:28: ************** Channel was created.
27/01/2026 03:50:42: <119>Vaz joined the channel.
27/01/2026 03:58:57: <119>Vaz left the channel.
27/01/2026 03:59:53: ************** Channel was created.
27/01/2026 03:59:58: <119>Vaz joined the channel.
27/01/2026 04:01:43: <119>Vaz left the channel.
27/01/2026 04:13:47: ************** Channel was created.
27/01/2026 04:19:05: <119>Vaz joined the channel.
27/01/2026 04:30:44: <119>Vaz left the channel.
27/01/2026 04:50:27: ************** Channel was created.
27/01/2026 04:50:30: <119>Vaz joined the channel.
27/01/2026 04:56:22: ************** Channel was created.
27/01/2026 04:56:24: <119>Vaz joined the channel.
27/01/2026 05:00:23: ************** Channel was created.
27/01/2026 05:00:26: <119>Vaz joined the channel.
27/01/2026 05:06:24: ************** Channel was created.
27/01/2026 05:06:40: <119>Vaz joined the channel.
27/01/2026 05:14:47: ************** Channel was created.
27/01/2026 05:14:51: <119>Vaz joined the channel.
27/01/2026 05:22:10: ************** Channel was created.
27/01/2026 05:22:22: <119>Vaz joined the channel.
27/01/2026 05:23:48: ************** Channel was created.
27/01/2026 05:23:51: <119>Vaz joined the channel.
27/01/2026 05:23:59: <119>Vaz left the channel.
27/01/2026 05:28:48: ************** Channel was created.
27/01/2026 05:28:57: <119>Vaz joined the channel.
27/01/2026 05:32:37: ************** Channel was created.
27/01/2026 05:32:40: <119>Vaz joined the channel.
27/01/2026 05:32:51: <119>Vaz left the channel.
27/01/2026 05:39:24: ************** Channel was created.
27/01/2026 05:39:32: <119>Vaz joined the channel.
27/01/2026 05:39:38: <119>Vaz left the channel.
27/01/2026 14:30:03: ************** Channel was created.
27/01/2026 14:30:11: <119>Vaz joined the channel.
27/01/2026 14:30:35: <119>Vaz left the channel.
28/01/2026 00:29:31: ************** Channel was created.
28/01/2026 00:29:36: <119>Vaz joined the channel.
28/01/2026 00:29:58: <120>teste joined the channel.
28/01/2026 01:14:46: ************** Channel was created.
28/01/2026 01:14:54: <119>Vaz joined the channel.
28/01/2026 01:15:22: <120>Teste joined the channel.
28/01/2026 01:53:14: ************** Channel was created.
28/01/2026 01:53:25: <120>Sonhador joined the channel.
28/01/2026 02:13:40: ************** Channel was created.
28/01/2026 02:13:55: <409>ze joined the channel.
28/01/2026 02:28:16: ************** Channel was created.
28/01/2026 02:28:24: <119>Vaz joined the channel.
28/01/2026 02:28:28: <119>Vaz left the channel.
28/01/2026 04:25:03: ************** Channel was created.
28/01/2026 04:25:20: <119>teste joined the channel.
28/01/2026 04:25:42: <120>vaz joined the channel.
28/01/2026 05:27:03: ************** Channel was created.
28/01/2026 05:27:05: <120>vaz joined the channel.
28/01/2026 05:27:21: <120>vaz left the channel.
28/01/2026 05:38:34: ************** Channel was created.
28/01/2026 05:38:42: <120>vaz joined the channel.
28/01/2026 05:39:00: <119>Sonhador joined the channel.
28/01/2026 06:01:17: ************** Channel was created.
28/01/2026 06:01:27: <119>Sonhador joined the channel.
28/01/2026 06:05:46: ************** Channel was created.
28/01/2026 06:05:51: <119>Sonhador joined the channel.
28/01/2026 06:22:57: ************** Channel was created.
28/01/2026 06:23:08: <119>Sonhador joined the channel.
28/01/2026 07:47:18: ************** Channel was created.
28/01/2026 07:47:42: <120>vaz joined the channel.
28/01/2026 07:51:10: <120>vaz left the channel.
28/01/2026 08:04:36: ************** Channel was created.
28/01/2026 08:05:35: <119>Sonhador joined the channel.
28/01/2026 15:13:59: ************** Channel was created.
28/01/2026 15:21:20: <119>Sonhador joined the channel.
28/01/2026 15:30:03: ************** Channel was created.
28/01/2026 15:30:12: <119>Sonhador joined the channel.
28/01/2026 16:29:23: ************** Channel was created.
28/01/2026 16:29:30: <119>Sonhador joined the channel.
28/01/2026 16:35:49: <119>Sonhador left the channel.
28/01/2026 16:48:57: ************** Channel was created.
28/01/2026 18:16:16: ************** Channel was created.
28/01/2026 18:16:23: <119>Sonhador joined the channel.
28/01/2026 19:08:15: ************** Channel was created.
28/01/2026 19:08:19: <119>Sonhador joined the channel.
28/01/2026 19:09:05: <119>Sonhador left the channel.
28/01/2026 19:20:46: ************** Channel was created.
28/01/2026 19:20:49: <119>Sonhador joined the channel.
28/01/2026 19:52:16: ************** Channel was created.
28/01/2026 19:53:15: <119>Sonhador joined the channel.
28/01/2026 20:14:24: ************** Channel was created.
28/01/2026 20:14:36: <119>Sonhador joined the channel.
28/01/2026 20:18:32: ************** Channel was created.
28/01/2026 20:18:45: <119>Sonhador joined the channel.
28/01/2026 20:47:15: ************** Channel was created.
28/01/2026 20:48:48: <119>Sonhador joined the channel.
28/01/2026 21:41:32: ************** Channel was created.
28/01/2026 21:41:47: <120>vaz joined the channel.
28/01/2026 21:42:17: <120>vaz left the channel.
28/01/2026 22:03:39: ************** Channel was created.
29/01/2026 03:28:37: ************** Channel was created.
29/01/2026 03:28:43: <119>Sonhador joined the channel.
29/01/2026 03:28:52: <120>vaz joined the channel.
29/01/2026 03:30:02: <119>Sonhador left the channel.
29/01/2026 03:46:06: ************** Channel was created.
29/01/2026 03:46:22: <119>Sonhador joined the channel.
29/01/2026 03:46:29: <120>vaz joined the channel.
29/01/2026 03:53:31: <119>Tester left the channel.
29/01/2026 03:57:48: ************** Channel was created.
29/01/2026 03:59:09: ************** Channel was created.
29/01/2026 03:59:12: <120>vaz joined the channel.
29/01/2026 03:59:20: <119>Sonhador joined the channel.
29/01/2026 04:38:31: ************** Channel was created.
29/01/2026 04:39:58: ************** Channel was created.
29/01/2026 04:40:03: <120>vaz joined the channel.
29/01/2026 05:03:58: ************** Channel was created.
29/01/2026 05:13:37: <120>vaz joined the channel.
29/01/2026 05:16:26: <119>Sonhador joined the channel.
29/01/2026 12:15:16: ************** Channel was created.
29/01/2026 12:16:13: <120>vaz joined the channel.
29/01/2026 12:22:00: ************** Channel was created.
29/01/2026 12:22:10: <120>vaz joined the channel.
29/01/2026 12:25:04: ************** Channel was created.
29/01/2026 12:25:11: <120>vaz joined the channel.
29/01/2026 12:30:02: ************** Channel was created.
29/01/2026 12:30:10: <120>vaz joined the channel.
29/01/2026 12:34:30: ************** Channel was created.
29/01/2026 12:34:37: <120>vaz joined the channel.
29/01/2026 13:44:21: ************** Channel was created.
29/01/2026 13:44:25: <119>Sonhador joined the channel.
29/01/2026 14:04:50: ************** Channel was created.
29/01/2026 14:04:55: <119>Sonhador joined the channel.
29/01/2026 17:02:27: ************** Channel was created.
29/01/2026 17:02:36: <120>vaz joined the channel.
29/01/2026 17:02:59: <119>Sonhador joined the channel.
30/01/2026 04:03:58: ************** Channel was created.
30/01/2026 04:04:19: <120>vaz joined the channel.
30/01/2026 04:04:27: <119>Sonhador joined the channel.
30/01/2026 04:22:36: ************** Channel was created.
30/01/2026 04:22:47: <120>vaz joined the channel.
30/01/2026 04:22:53: <119>Sonhador joined the channel.
30/01/2026 04:35:58: ************** Channel was created.
30/01/2026 04:36:06: <409>ze joined the channel.
30/01/2026 04:36:16: <120>vaz joined the channel.
30/01/2026 04:37:41: <409>ze left the channel.
30/01/2026 04:42:24: ************** Channel was created.
30/01/2026 04:42:29: <119>Sonhador joined the channel.
30/01/2026 04:44:25: <120>vaz joined the channel.
30/01/2026 04:48:21: ************** Channel was created.
30/01/2026 04:48:27: <120>vaz joined the channel.
30/01/2026 04:48:32: <119>Sonhador joined the channel.
30/01/2026 13:00:01: ************** Channel was created.
30/01/2026 13:00:11: <120>vaz joined the channel.
30/01/2026 13:00:15: <119>Sonhador joined the channel.
30/01/2026 13:30:05: ************** Channel was created.
30/01/2026 13:30:26: <120>vaz joined the channel.
30/01/2026 13:30:33: <119>Sonhador joined the channel.
30/01/2026 15:10:48: ************** Channel was created.
30/01/2026 15:11:25: <120>vaz joined the channel.
30/01/2026 15:11:30: <119>Sonhador joined the channel.
30/01/2026 15:18:02: ************** Channel was created.
30/01/2026 15:18:09: <119>Sonhador joined the channel.
30/01/2026 17:34:56: ************** Channel was created.
30/01/2026 17:35:03: <119>Sonhador joined the channel.
30/01/2026 17:42:00: ************** Channel was created.
30/01/2026 17:42:08: <119>Sonhador joined the channel.
30/01/2026 17:43:16: <120>vaz joined the channel.
30/01/2026 18:42:25: ************** Channel was created.
30/01/2026 18:42:31: <120>vaz joined the channel.
30/01/2026 18:42:39: <120>vaz left the channel.
30/01/2026 19:25:08: ************** Channel was created.
30/01/2026 19:25:16: <119>Sonhador joined the channel.
30/01/2026 22:29:36: ************** Channel was created.
30/01/2026 22:30:27: <119>Sonhador joined the channel.
30/01/2026 22:42:11: ************** Channel was created.
30/01/2026 22:42:50: <119>Sonhador joined the channel.
30/01/2026 22:43:22: <119>Sonhador left the channel.
30/01/2026 23:23:50: ************** Channel was created.
30/01/2026 23:24:18: <119>Sonhador joined the channel.
31/01/2026 00:15:25: ************** Channel was created.
31/01/2026 00:15:31: <119>Sonhador joined the channel.
31/01/2026 00:25:49: ************** Channel was created.
31/01/2026 00:25:55: <119>Sonhador joined the channel.
02/02/2026 02:07:11: ************** Channel was created.
02/02/2026 02:07:16: <120>vaz joined the channel.
02/02/2026 02:11:55: <120>Ray left the channel.
02/02/2026 20:09:39: ************** Channel was created.
02/02/2026 20:09:44: <119>Sonhador joined the channel.
02/02/2026 22:17:49: ************** Channel was created.
02/02/2026 22:17:53: <119>Sonhador joined the channel.
02/02/2026 22:23:11: <119>Sonhador left the channel.
02/02/2026 22:38:20: ************** Channel was created.
02/02/2026 22:38:22: <119>Sonhador joined the channel.
02/02/2026 23:10:55: ************** Channel was created.
02/02/2026 23:11:07: <119>Sonhador joined the channel.
02/02/2026 23:12:59: <120>vaz joined the channel.
02/02/2026 23:32:43: ************** Channel was created.
02/02/2026 23:32:50: <119>Sonhador joined the channel.
11/02/2026 16:54:22: ************** Channel was created.
11/02/2026 16:54:25: <119>Sonhador joined the channel.
11/02/2026 16:54:53: <409>ze joined the channel.
11/02/2026 16:55:03: <409>ze left the channel.
11/02/2026 16:58:02: ************** Channel was created.
11/02/2026 17:08:28: ************** Channel was created.
11/02/2026 17:08:32: <119>Sonhador joined the channel.
11/02/2026 17:33:39: ************** Channel was created.
11/02/2026 17:33:47: <119>Sonhador joined the channel.
11/02/2026 20:51:08: ************** Channel was created.
11/02/2026 20:51:21: <119>Sonhador joined the channel.
12/02/2026 00:43:39: ************** Channel was created.
12/02/2026 00:43:47: <119>Sonhador joined the channel.
12/02/2026 01:25:23: ************** Channel was created.
12/02/2026 01:25:28: <119>Sonhador joined the channel.
12/02/2026 01:29:21: <120>vaz joined the channel.
12/02/2026 01:33:37: <120>vaz left the channel.
12/02/2026 01:44:20: ************** Channel was created.
12/02/2026 01:44:25: <119>Tester joined the channel.
12/02/2026 01:50:04: ************** Channel was created.
12/02/2026 02:09:23: ************** Channel was created.
12/02/2026 02:09:29: <119>Tester joined the channel.
12/02/2026 02:15:33: ************** Channel was created.
12/02/2026 02:15:35: <119>Tester joined the channel.
12/02/2026 02:15:54: <120>vaz joined the channel.
12/02/2026 02:21:04: ************** Channel was created.
12/02/2026 02:21:08: <119>Tester joined the channel.
12/02/2026 02:27:55: ************** Channel was created.
12/02/2026 02:27:58: <119>Sonhador joined the channel.
12/02/2026 03:06:06: <119>Sonhador joined the channel.
12/02/2026 03:08:22: <120>vaz joined the channel.
12/02/2026 03:21:22: <119>Sonhador joined the channel.
12/02/2026 03:23:35: <119>tester left the channel.
12/02/2026 03:47:24: <119>Sonhador joined the channel.
12/02/2026 03:48:54: <120>vaz joined the channel.
12/02/2026 04:12:12: <119>Sonhador joined the channel.
12/02/2026 04:14:40: <120>vaz joined the channel.
12/02/2026 04:27:57: <119>Sonhador joined the channel.
12/02/2026 04:34:41: <120>vaz joined the channel.
12/02/2026 07:21:46: <119>Sonhador joined the channel.
12/02/2026 07:31:13: <119>Sonhador joined the channel.
12/02/2026 07:35:23: <119>Sonhador joined the channel.
12/02/2026 07:55:45: <119>Sonhador joined the channel.
12/02/2026 08:01:13: <120>vaz joined the channel.
12/02/2026 08:01:16: <120>vaz left the channel.
12/02/2026 08:10:10: <119>Sonhador joined the channel.
12/02/2026 08:45:41: <119>Sonhador joined the channel.
12/02/2026 08:45:47: <119>Sonhador left the channel.
12/02/2026 09:05:50: <120>vaz joined the channel.
12/02/2026 19:56:27: ************** Channel was created.
12/02/2026 19:56:55: <120>vaz joined the channel.
12/02/2026 19:56:59: <119>Sonhador joined the channel.
12/02/2026 20:17:09: ************** Channel was created.
12/02/2026 20:18:10: <120>vaz joined the channel.
12/02/2026 20:18:14: <119>Sonhador joined the channel.
12/02/2026 20:20:35: ************** Channel was created.
12/02/2026 20:20:40: <120>vaz joined the channel.
12/02/2026 20:20:48: <119>Sonhador joined the channel.
12/02/2026 20:26:47: ************** Channel was created.
12/02/2026 20:26:49: <119>Sonhador joined the channel.
12/02/2026 20:26:54: <120>vaz joined the channel.
12/02/2026 20:29:34: <120>vaz left the channel.
13/02/2026 12:47:17: ************** Channel was created.
13/02/2026 12:47:31: <119>Sonhador joined the channel.
13/02/2026 12:49:51: <120>vaz joined the channel.
13/02/2026 12:50:52: <120>vaz left the channel.
13/02/2026 14:48:04: ************** Channel was created.
13/02/2026 14:51:46: <120>vaz joined the channel.
13/02/2026 14:55:10: <119>Sonhador joined the channel.
13/02/2026 15:02:02: ************** Channel was created.
13/02/2026 15:02:07: <120>vaz joined the channel.
13/02/2026 15:04:21: ************** Channel was created.
13/02/2026 15:04:35: <120>vaz joined the channel.
13/02/2026 15:23:55: ************** Channel was created.
13/02/2026 15:23:59: <120>vaz joined the channel.
13/02/2026 18:31:57: ************** Channel was created.
13/02/2026 18:32:03: <120>vaz joined the channel.
13/02/2026 18:34:40: ************** Channel was created.
13/02/2026 18:34:43: <120>vaz joined the channel.
13/02/2026 18:41:50: ************** Channel was created.
13/02/2026 18:41:54: <120>vaz joined the channel.
13/02/2026 18:45:52: ************** Channel was created.
13/02/2026 18:45:56: <120>vaz joined the channel.
13/02/2026 18:49:48: <120>vaz left the channel.
13/02/2026 19:00:09: ************** Channel was created.
13/02/2026 19:00:21: <120>vaz joined the channel.
13/02/2026 19:14:50: ************** Channel was created.
13/02/2026 19:15:01: <120>vaz joined the channel.
13/02/2026 19:27:56: ************** Channel was created.
13/02/2026 19:28:06: <120>vaz joined the channel.
13/02/2026 19:33:43: ************** Channel was created.
13/02/2026 19:33:53: <120>vaz joined the channel.
13/02/2026 19:49:13: ************** Channel was created.
13/02/2026 19:49:37: <120>vaz joined the channel.
13/02/2026 20:17:02: ************** Channel was created.
13/02/2026 20:17:10: <120>vaz joined the channel.
13/02/2026 20:30:02: ************** Channel was created.
13/02/2026 20:30:23: <120>vaz joined the channel.
18/02/2026 03:10:55: ************** Channel was created.
18/02/2026 03:11:00: <120>vaz joined the channel.
18/02/2026 03:26:57: ************** Channel was created.
18/02/2026 03:27:02: <120>vaz joined the channel.
18/02/2026 03:31:06: ************** Channel was created.
18/02/2026 03:31:16: <120>vaz joined the channel.
18/02/2026 03:41:24: ************** Channel was created.
18/02/2026 03:41:41: <120>vaz joined the channel.
18/02/2026 06:32:28: ************** Channel was created.
18/02/2026 06:32:52: <119>Sonhador joined the channel.
18/02/2026 06:38:14: <119>Sonhador left the channel.
18/02/2026 14:42:08: ************** Channel was created.
18/02/2026 14:42:13: <120>vaz joined the channel.
18/02/2026 14:43:29: <120>vaz left the channel.
18/02/2026 14:45:25: ************** Channel was created.
18/02/2026 14:45:27: <120>vaz joined the channel.
18/02/2026 18:20:56: ************** Channel was created.
18/02/2026 18:21:31: <120>vaz joined the channel.
18/02/2026 18:41:27: ************** Channel was created.
18/02/2026 18:41:36: <120>vaz joined the channel.
18/02/2026 18:43:56: <120>vaz left the channel.
18/02/2026 19:31:07: ************** Channel was created.
18/02/2026 19:31:10: <120>vaz joined the channel.
18/02/2026 23:14:15: ************** Channel was created.
18/02/2026 23:14:31: <120>vaz joined the channel.
18/02/2026 23:30:54: ************** Channel was created.
18/02/2026 23:31:00: <120>vaz joined the channel.
18/02/2026 23:33:09: ************** Channel was created.
18/02/2026 23:33:17: <120>vaz joined the channel.
18/02/2026 23:35:48: ************** Channel was created.
18/02/2026 23:36:29: <120>vaz joined the channel.
18/02/2026 23:38:52: ************** Channel was created.
18/02/2026 23:38:55: <120>vaz joined the channel.
18/02/2026 23:40:56: ************** Channel was created.
18/02/2026 23:41:00: <120>vaz joined the channel.
18/02/2026 23:47:07: ************** Channel was created.
18/02/2026 23:47:18: <120>vaz joined the channel.
18/02/2026 23:50:54: ************** Channel was created.
18/02/2026 23:50:59: <120>vaz joined the channel.
18/02/2026 23:53:19: ************** Channel was created.
18/02/2026 23:53:22: <120>vaz joined the channel.
18/02/2026 23:57:26: ************** Channel was created.
18/02/2026 23:57:30: <120>vaz joined the channel.
19/02/2026 00:16:37: ************** Channel was created.
19/02/2026 00:19:40: <120>vaz joined the channel.
19/02/2026 00:34:05: ************** Channel was created.
19/02/2026 00:34:07: <120>vaz joined the channel.
19/02/2026 01:25:08: ************** Channel was created.
19/02/2026 01:25:21: <120>vaz joined the channel.
19/02/2026 01:38:03: ************** Channel was created.
19/02/2026 01:38:41: <120>vaz joined the channel.
19/02/2026 01:44:47: ************** Channel was created.
19/02/2026 01:53:42: <120>vaz joined the channel.
20/02/2026 21:47:50: ************** Channel was created.
20/02/2026 21:48:12: <119>vaz joined the channel.
21/02/2026 03:39:09: ************** Channel was created.
21/02/2026 03:39:25: <119>Vaz joined the channel.
21/02/2026 03:40:36: <119>Vaz left the channel.
24/02/2026 13:54:11: ************** Channel was created.
24/02/2026 13:54:26: <119>vaz joined the channel.
24/02/2026 13:54:46: ************** Channel was created.
24/02/2026 13:57:50: ************** Channel was created.
24/02/2026 13:57:54: <119>vaz joined the channel.
24/02/2026 16:10:36: ************** Channel was created.
24/02/2026 16:16:12: <119>vaz joined the channel.
25/02/2026 13:54:33: ************** Channel was created.
25/02/2026 13:54:44: <119>vaz joined the channel.
25/02/2026 15:02:46: ************** Channel was created.
25/02/2026 15:06:31: <119>vaz joined the channel.
25/02/2026 15:10:01: <119>vaz left the channel.
26/02/2026 14:30:02: ************** Channel was created.
26/02/2026 14:30:22: <119>vaz joined the channel.
01/03/2026 19:21:12: ************** Channel was created.
01/03/2026 19:25:05: <119>vaz joined the channel.
02/03/2026 04:33:25: ************** Channel was created.
02/03/2026 04:33:30: <119>vaz joined the channel.
02/03/2026 04:46:58: ************** Channel was created.
02/03/2026 04:47:03: <119>vaz joined the channel.
02/03/2026 05:00:04: ************** Channel was created.
02/03/2026 05:00:07: <119>vaz joined the channel.
02/03/2026 05:02:41: <119>vaz left the channel.
02/03/2026 05:04:10: ************** Channel was created.
02/03/2026 05:04:23: <119>vaz joined the channel.
02/03/2026 05:49:55: ************** Channel was created.
02/03/2026 05:50:04: <119>vaz joined the channel.
02/03/2026 06:19:11: ************** Channel was created.
02/03/2026 06:19:17: <119>vaz joined the channel.
02/03/2026 06:24:09: ************** Channel was created.
02/03/2026 06:24:12: <119>vaz joined the channel.
02/03/2026 06:31:29: ************** Channel was created.
02/03/2026 06:31:33: <119>vaz joined the channel.
02/03/2026 06:37:08: ************** Channel was created.
02/03/2026 06:37:20: <119>vaz joined the channel.
02/03/2026 06:51:24: ************** Channel was created.
02/03/2026 06:51:28: <119>vaz joined the channel.
02/03/2026 07:05:05: ************** Channel was created.
02/03/2026 07:05:22: <119>vaz joined the channel.
02/03/2026 07:32:29: ************** Channel was created.
02/03/2026 07:32:33: <119>vaz joined the channel.
02/03/2026 07:51:34: ************** Channel was created.
02/03/2026 07:51:37: <119>vaz joined the channel.
02/03/2026 08:00:16: ************** Channel was created.
02/03/2026 08:00:22: <119>vaz joined the channel.
02/03/2026 08:15:48: ************** Channel was created.
02/03/2026 08:15:52: <119>vaz joined the channel.
02/03/2026 08:21:07: ************** Channel was created.
02/03/2026 08:21:11: <119>vaz joined the channel.
02/03/2026 08:30:37: ************** Channel was created.
02/03/2026 08:30:55: <119>vaz joined the channel.
02/03/2026 08:39:57: ************** Channel was created.
02/03/2026 08:40:02: <119>vaz joined the channel.
02/03/2026 16:22:26: ************** Channel was created.
02/03/2026 16:22:40: <119>vaz joined the channel.
02/03/2026 16:40:13: ************** Channel was created.
02/03/2026 16:40:27: <119>vaz joined the channel.
02/03/2026 16:42:30: <119>vaz left the channel.
02/03/2026 16:48:22: ************** Channel was created.
02/03/2026 16:50:35: <119>vaz joined the channel.
02/03/2026 17:08:16: ************** Channel was created.
02/03/2026 17:08:22: <119>vaz joined the channel.
02/03/2026 17:09:11: <409>Ze joined the channel.
02/03/2026 17:25:51: ************** Channel was created.
02/03/2026 17:25:57: <119>vaz joined the channel.
02/03/2026 17:32:34: <409>Ze joined the channel.
02/03/2026 17:50:20: ************** Channel was created.
02/03/2026 17:50:30: <119>vaz joined the channel.
02/03/2026 17:51:06: <409>Ze joined the channel.
02/03/2026 19:15:07: ************** Channel was created.
02/03/2026 19:15:11: <119>vaz joined the channel.
02/03/2026 19:15:17: <409>Ze joined the channel.
02/03/2026 19:32:17: ************** Channel was created.
02/03/2026 19:32:21: <119>vaz joined the channel.
02/03/2026 19:44:29: ************** Channel was created.
02/03/2026 19:44:31: <119>vaz joined the channel.
02/03/2026 19:46:46: <409>Ze joined the channel.
02/03/2026 20:03:45: ************** Channel was created.
02/03/2026 20:03:51: <119>vaz joined the channel.
02/03/2026 20:05:09: ************** Channel was created.
02/03/2026 20:06:01: <119>vaz joined the channel.
02/03/2026 20:06:33: <409>Ze joined the channel.
03/03/2026 00:23:28: <119>vaz left the channel.
03/03/2026 00:29:47: ************** Channel was created.
03/03/2026 00:29:56: <119>vaz joined the channel.
03/03/2026 00:30:31: <409>ze joined the channel.
03/03/2026 00:35:28: ************** Channel was created.
03/03/2026 00:35:32: <119>vaz joined the channel.
03/03/2026 00:35:37: <409>ze joined the channel.
03/03/2026 01:13:31: ************** Channel was created.
03/03/2026 01:13:38: <119>vaz joined the channel.
03/03/2026 01:13:45: <409>ze joined the channel.
03/03/2026 01:26:26: ************** Channel was created.
03/03/2026 01:26:29: <409>ze joined the channel.
03/03/2026 01:27:29: <119>vaz joined the channel.
03/03/2026 02:17:45: ************** Channel was created.
03/03/2026 02:17:48: <119>vaz joined the channel.
03/03/2026 02:17:52: <409>ze joined the channel.
03/03/2026 03:27:15: ************** Channel was created.
03/03/2026 03:27:19: <119>vaz joined the channel.
03/03/2026 03:27:22: <409>ze joined the channel.
03/03/2026 04:31:25: ************** Channel was created.
03/03/2026 04:31:31: <409>ze joined the channel.
03/03/2026 04:31:44: <119>vaz joined the channel.
03/03/2026 04:51:56: ************** Channel was created.
03/03/2026 04:52:01: <119>vaz joined the channel.
03/03/2026 04:55:22: <409>ze joined the channel.
03/03/2026 05:05:24: ************** Channel was created.
03/03/2026 05:05:27: <119>vaz joined the channel.
03/03/2026 05:06:02: <409>ze joined the channel.
03/03/2026 06:20:00: ************** Channel was created.
03/03/2026 06:20:05: <119>vaz joined the channel.
03/03/2026 06:20:36: <409>ze joined the channel.
04/03/2026 01:54:21: ************** Channel was created.
04/03/2026 01:54:37: <119>vaz joined the channel.
04/03/2026 12:38:21: ************** Channel was created.
04/03/2026 12:38:57: <119>vaz joined the channel.
04/03/2026 14:01:15: ************** Channel was created.
04/03/2026 14:02:22: <119>vaz joined the channel.
04/03/2026 14:08:33: <119>vaz left the channel.
04/03/2026 14:26:59: ************** Channel was created.
04/03/2026 14:27:06: <119>vaz joined the channel.
04/03/2026 18:08:29: ************** Channel was created.
04/03/2026 18:09:22: ************** Channel was created.
04/03/2026 18:09:25: <119>vaz joined the channel.
04/03/2026 19:16:49: ************** Channel was created.
04/03/2026 19:17:01: ************** Channel was created.
04/03/2026 19:17:07: <119>vaz joined the channel.
04/03/2026 19:22:02: ************** Channel was created.
04/03/2026 19:22:17: <119>vaz joined the channel.
04/03/2026 22:43:32: ************** Channel was created.
04/03/2026 22:43:38: <119>vaz joined the channel.
04/03/2026 22:54:09: ************** Channel was created.
04/03/2026 22:55:45: <119>vaz joined the channel.
04/03/2026 22:59:05: ************** Channel was created.
04/03/2026 22:59:23: <119>vaz joined the channel.
04/03/2026 23:12:58: ************** Channel was created.
04/03/2026 23:13:02: <119>vaz joined the channel.
04/03/2026 23:16:46: ************** Channel was created.
04/03/2026 23:17:25: <119>vaz joined the channel.
05/03/2026 00:34:49: ************** Channel was created.
05/03/2026 00:34:53: <119>vaz joined the channel.
05/03/2026 02:16:21: ************** Channel was created.
05/03/2026 02:16:26: <119>vaz joined the channel.
05/03/2026 02:33:34: ************** Channel was created.
05/03/2026 02:33:38: <119>vaz joined the channel.
05/03/2026 02:42:22: ************** Channel was created.
05/03/2026 02:42:35: <119>vaz joined the channel.
05/03/2026 02:52:50: ************** Channel was created.
05/03/2026 02:52:56: <119>vaz joined the channel.
05/03/2026 03:17:16: ************** Channel was created.
05/03/2026 03:17:47: <119>vaz joined the channel.
05/03/2026 03:23:02: ************** Channel was created.
05/03/2026 03:23:09: <119>vaz joined the channel.
05/03/2026 05:29:31: ************** Channel was created.
05/03/2026 05:30:14: <119>vaz joined the channel.
05/03/2026 05:55:50: ************** Channel was created.
05/03/2026 05:55:53: <119>vaz joined the channel.
05/03/2026 06:00:50: <119>vaz left the channel.
05/03/2026 06:03:01: ************** Channel was created.
05/03/2026 06:03:10: <119>vaz joined the channel.
05/03/2026 06:06:09: ************** Channel was created.
05/03/2026 06:06:13: <119>vaz joined the channel.
05/03/2026 06:59:17: ************** Channel was created.
05/03/2026 06:59:20: <119>vaz joined the channel.
05/03/2026 10:07:42: <119>vaz left the channel.
05/03/2026 13:08:09: ************** Channel was created.
05/03/2026 13:08:12: <119>vaz joined the channel.
05/03/2026 13:17:51: <119>vaz left the channel.
05/03/2026 19:01:36: ************** Channel was created.
05/03/2026 19:01:38: <119>vaz joined the channel.
06/03/2026 03:47:08: ************** Channel was created.
06/03/2026 03:47:24: <119>vaz joined the channel.
06/03/2026 04:13:05: ************** Channel was created.
06/03/2026 04:13:11: <119>vaz joined the channel.
06/03/2026 04:29:58: ************** Channel was created.
06/03/2026 04:30:04: <119>vaz joined the channel.
06/03/2026 04:49:08: ************** Channel was created.
06/03/2026 04:49:17: <119>vaz joined the channel.
06/03/2026 06:12:35: ************** Channel was created.
06/03/2026 06:12:47: <119>vaz joined the channel.
06/03/2026 15:31:02: ************** Channel was created.
06/03/2026 15:47:14: <119>vaz joined the channel.
06/03/2026 15:48:24: ************** Channel was created.
06/03/2026 15:48:29: <119>vaz joined the channel.
06/03/2026 15:53:38: ************** Channel was created.
06/03/2026 16:01:33: <119>vaz joined the channel.
06/03/2026 16:06:20: ************** Channel was created.
06/03/2026 16:06:39: <119>vaz joined the channel.
06/03/2026 16:29:30: ************** Channel was created.
06/03/2026 16:29:41: <119>vaz joined the channel.
06/03/2026 16:36:44: ************** Channel was created.
06/03/2026 16:36:48: <119>vaz joined the channel.
06/03/2026 17:02:39: ************** Channel was created.
06/03/2026 17:02:47: <119>vaz joined the channel.
06/03/2026 17:07:50: ************** Channel was created.
06/03/2026 17:07:55: <119>vaz joined the channel.
07/03/2026 02:15:51: ************** Channel was created.
07/03/2026 02:15:55: <119>vaz joined the channel.
07/03/2026 02:18:17: ************** Channel was created.
07/03/2026 02:18:20: <119>vaz joined the channel.
07/03/2026 02:18:45: <119>vaz left the channel.
07/03/2026 02:32:06: ************** Channel was created.
07/03/2026 02:32:21: <119>vaz joined the channel.
07/03/2026 03:41:44: <119>vaz left the channel.
07/03/2026 03:52:24: ************** Channel was created.
07/03/2026 03:52:27: <119>vaz joined the channel.
07/03/2026 04:02:21: ************** Channel was created.
07/03/2026 04:02:23: <119>vaz joined the channel.
07/03/2026 04:02:51: <119>vaz left the channel.
07/03/2026 04:26:52: ************** Channel was created.
07/03/2026 04:26:56: <119>vaz joined the channel.
07/03/2026 04:31:59: ************** Channel was created.
07/03/2026 04:32:02: <119>vaz joined the channel.
07/03/2026 04:53:51: ************** Channel was created.
07/03/2026 04:54:16: <119>vaz joined the channel.
07/03/2026 05:03:58: ************** Channel was created.
07/03/2026 05:05:40: <119>vaz joined the channel.
07/03/2026 14:59:43: ************** Channel was created.
07/03/2026 14:59:48: <119>vaz joined the channel.
07/03/2026 15:21:46: ************** Channel was created.
07/03/2026 15:22:03: <119>vaz joined the channel.
07/03/2026 16:17:29: ************** Channel was created.
07/03/2026 16:18:16: ************** Channel was created.
07/03/2026 16:18:19: <119>vaz joined the channel.
07/03/2026 16:29:08: <119>vaz left the channel.
07/03/2026 16:31:53: ************** Channel was created.
07/03/2026 16:31:57: <119>vaz joined the channel.
07/03/2026 16:48:41: ************** Channel was created.
07/03/2026 16:48:50: <119>vaz joined the channel.
08/03/2026 02:31:50: ************** Channel was created.
08/03/2026 02:36:50: <119>vaz joined the channel.
08/03/2026 02:58:46: ************** Channel was created.
08/03/2026 02:58:54: <119>vaz joined the channel.
08/03/2026 03:03:08: <119>vaz left the channel.
08/03/2026 06:28:26: ************** Channel was created.
08/03/2026 06:28:30: <119>vaz joined the channel.
08/03/2026 06:36:52: ************** Channel was created.
08/03/2026 06:36:55: <119>vaz joined the channel.
08/03/2026 06:58:14: ************** Channel was created.
08/03/2026 06:58:18: <119>vaz joined the channel.
08/03/2026 15:42:43: ************** Channel was created.
08/03/2026 15:42:50: <119>vaz joined the channel.
08/03/2026 18:52:55: <409>ze joined the channel.
08/03/2026 21:52:52: ************** Channel was created.
08/03/2026 21:53:04: <119>vaz joined the channel.
08/03/2026 21:58:14: <409>ze joined the channel.
09/03/2026 04:46:11: <409>ze left the channel.
09/03/2026 06:19:06: ************** Channel was created.
09/03/2026 06:19:16: <119>vaz joined the channel.
09/03/2026 06:42:17: ************** Channel was created.
09/03/2026 06:58:26: ************** Channel was created.
09/03/2026 06:58:34: <119>vaz joined the channel.
09/03/2026 08:05:07: ************** Channel was created.
09/03/2026 08:05:20: ************** Channel was created.
09/03/2026 08:21:55: ************** Channel was created.
09/03/2026 08:27:26: ************** Channel was created.
09/03/2026 14:58:51: ************** Channel was created.
09/03/2026 15:09:24: ************** Channel was created.
09/03/2026 15:27:18: ************** Channel was created.
09/03/2026 15:27:23: <119>vaz joined the channel.
09/03/2026 15:28:03: ************** Channel was created.
09/03/2026 15:28:05: <119>vaz joined the channel.
09/03/2026 15:45:10: <409>ze joined the channel.
09/03/2026 15:54:44: ************** Channel was created.
09/03/2026 15:56:02: <119>vaz joined the channel.
09/03/2026 16:04:34: <119>vaz left the channel.
09/03/2026 16:28:20: ************** Channel was created.
09/03/2026 16:28:24: <119>vaz joined the channel.
09/03/2026 16:28:52: ************** Channel was created.
09/03/2026 16:28:59: <119>vaz joined the channel.
09/03/2026 16:31:10: <119>vaz left the channel.
09/03/2026 16:36:28: ************** Channel was created.
09/03/2026 16:36:31: <119>vaz joined the channel.
09/03/2026 16:38:59: ************** Channel was created.
09/03/2026 16:39:04: <119>vaz joined the channel.
09/03/2026 16:45:47: ************** Channel was created.
09/03/2026 16:45:51: <119>vaz joined the channel.
09/03/2026 16:47:55: <409>ze joined the channel.
09/03/2026 16:52:38: ************** Channel was created.
09/03/2026 17:04:44: ************** Channel was created.
09/03/2026 17:04:49: <119>vaz joined the channel.
09/03/2026 17:07:42: <119>vaz left the channel.
09/03/2026 17:20:14: ************** Channel was created.
09/03/2026 17:20:17: <119>vaz joined the channel.
09/03/2026 17:21:45: <409>ze joined the channel.
09/03/2026 17:24:14: ************** Channel was created.
09/03/2026 17:24:17: <409>ze joined the channel.
09/03/2026 17:26:29: <119>vaz joined the channel.
09/03/2026 17:30:34: ************** Channel was created.
09/03/2026 17:30:41: <409>Zé joined the channel.
09/03/2026 17:30:58: <119>vaz joined the channel.
09/03/2026 17:46:35: ************** Channel was created.
09/03/2026 17:46:38: <409>Zé joined the channel.
09/03/2026 17:46:43: <119>vaz joined the channel.
09/03/2026 19:30:33: ************** Channel was created.
09/03/2026 19:30:37: <119>vaz joined the channel.
09/03/2026 19:31:00: <409>Zé joined the channel.
09/03/2026 19:42:38: ************** Channel was created.
09/03/2026 19:42:41: <409>Zé joined the channel.
09/03/2026 19:42:45: <119>vaz joined the channel.
09/03/2026 19:44:36: ************** Channel was created.
09/03/2026 19:44:43: <119>vaz joined the channel.
09/03/2026 19:47:10: <409>Zé joined the channel.
09/03/2026 19:55:01: ************** Channel was created.
09/03/2026 19:56:00: <409>Zé joined the channel.
09/03/2026 19:56:16: <119>vaz joined the channel.
09/03/2026 19:57:20: ************** Channel was created.
09/03/2026 19:59:09: <119>vaz joined the channel.
09/03/2026 19:59:17: <409>Zé joined the channel.
09/03/2026 20:29:32: ************** Channel was created.
09/03/2026 20:29:54: <119>vaz joined the channel.
09/03/2026 20:30:02: <409>Zé joined the channel.
09/03/2026 20:42:45: ************** Channel was created.
09/03/2026 20:42:47: <409>Zé joined the channel.
09/03/2026 23:09:45: ************** Channel was created.
09/03/2026 23:09:49: <409>Zé joined the channel.
09/03/2026 23:32:03: <119>vaz joined the channel.
09/03/2026 23:34:58: ************** Channel was created.
09/03/2026 23:35:01: <409>Zé joined the channel.
09/03/2026 23:56:22: ************** Channel was created.
10/03/2026 00:14:56: ************** Channel was created.
10/03/2026 00:14:59: <119>vaz joined the channel.
10/03/2026 00:15:01: <409>Zé joined the channel.
10/03/2026 00:37:55: ************** Channel was created.
10/03/2026 00:37:58: <409>Zé joined the channel.
10/03/2026 00:44:07: <119>vaz joined the channel.
10/03/2026 01:33:37: ************** Channel was created.
10/03/2026 01:33:40: <119>vaz joined the channel.
10/03/2026 01:33:45: <119>vaz left the channel.
10/03/2026 01:52:38: ************** Channel was created.
10/03/2026 01:52:45: <119>vaz joined the channel.
10/03/2026 01:52:57: <409>Zé joined the channel.
10/03/2026 15:51:46: ************** Channel was created.
10/03/2026 15:51:56: <119>vaz joined the channel.
10/03/2026 15:52:15: <409>Zé joined the channel.
10/03/2026 17:19:32: ************** Channel was created.
10/03/2026 17:19:38: <119>vaz joined the channel.
10/03/2026 17:19:49: <409>Zé joined the channel.
10/03/2026 17:20:00: ************** Channel was created.
10/03/2026 17:26:31: ************** Channel was created.
10/03/2026 17:26:48: <409>Zé joined the channel.
10/03/2026 17:27:04: <119>vaz joined the channel.
10/03/2026 17:35:47: ************** Channel was created.
10/03/2026 17:47:19: <119>vaz joined the channel.
10/03/2026 17:47:24: <119>vaz left the channel.
10/03/2026 17:54:59: ************** Channel was created.
10/03/2026 17:55:04: <409>Zé joined the channel.
10/03/2026 17:55:14: <119>vaz joined the channel.
10/03/2026 18:06:47: ************** Channel was created.
10/03/2026 18:07:36: <409>Zé joined the channel.
10/03/2026 18:07:42: <119>vaz joined the channel.
10/03/2026 18:41:49: ************** Channel was created.
10/03/2026 18:41:52: <409>Zé joined the channel.
10/03/2026 18:41:56: <119>vaz joined the channel.
10/03/2026 19:48:54: ************** Channel was created.
10/03/2026 19:49:06: <409>Zé joined the channel.
10/03/2026 19:50:51: <119>vaz joined the channel.
10/03/2026 20:06:46: ************** Channel was created.
10/03/2026 20:06:50: <409>Zé joined the channel.
10/03/2026 20:07:57: <119>vaz joined the channel.
10/03/2026 23:07:02: ************** Channel was created.
10/03/2026 23:07:08: <119>vaz joined the channel.
10/03/2026 23:07:48: <409>Zé joined the channel.
10/03/2026 23:24:50: ************** Channel was created.
10/03/2026 23:24:58: <119>vaz joined the channel.
10/03/2026 23:25:39: <409>Zé joined the channel.
11/03/2026 00:11:36: ************** Channel was created.
11/03/2026 00:12:03: <409>Zé joined the channel.
11/03/2026 00:12:19: <119>vaz joined the channel.
11/03/2026 01:02:28: ************** Channel was created.
11/03/2026 01:26:34: <409>Zé joined the channel.
11/03/2026 01:26:39: <119>vaz joined the channel.
11/03/2026 01:40:10: ************** Channel was created.
11/03/2026 01:40:55: <119>vaz joined the channel.
11/03/2026 01:41:01: <409>Zé joined the channel.
11/03/2026 03:02:45: ************** Channel was created.
11/03/2026 03:02:51: <409>Zé joined the channel.
11/03/2026 03:04:17: ************** Channel was created.
11/03/2026 03:04:21: <119>vaz joined the channel.
11/03/2026 03:04:27: <409>Zé joined the channel.
11/03/2026 03:07:42: ************** Channel was created.
11/03/2026 03:07:47: <409>Zé joined the channel.
11/03/2026 03:08:00: <119>vaz joined the channel.
11/03/2026 04:00:13: ************** Channel was created.
11/03/2026 04:00:17: <119>vaz joined the channel.
11/03/2026 04:00:31: <409>Zé joined the channel.
11/03/2026 04:23:59: <119>vaz left the channel.
11/03/2026 05:03:16: ************** Channel was created.
11/03/2026 05:03:24: <409>Zé joined the channel.
11/03/2026 05:03:52: <119>vaz joined the channel.
11/03/2026 05:04:26: <412>Joao joined the channel.
12/03/2026 17:22:22: ************** Channel was created.
12/03/2026 17:22:33: <119>vaz joined the channel.
12/03/2026 17:22:37: <409>Zé joined the channel.
12/03/2026 19:53:24: ************** Channel was created.
12/03/2026 19:57:36: ************** Channel was created.
12/03/2026 20:01:42: <409>Ze joined the channel.
12/03/2026 20:02:11: <119>vaz joined the channel.
12/03/2026 20:44:51: ************** Channel was created.
12/03/2026 20:45:06: <119>vaz joined the channel.
12/03/2026 20:45:13: <409>Ze joined the channel.
13/03/2026 01:44:58: <119>vaz left the channel.
13/03/2026 03:10:52: ************** Channel was created.
13/03/2026 03:10:54: <409>Ze joined the channel.
13/03/2026 03:11:01: <119>vaz joined the channel.
13/03/2026 03:18:46: ************** Channel was created.
13/03/2026 03:18:49: <409>Ze joined the channel.
13/03/2026 03:18:56: <119>vaz joined the channel.
13/03/2026 03:21:54: <409>Ze left the channel.
13/03/2026 12:18:45: ************** Channel was created.
13/03/2026 12:18:49: <409>Ze joined the channel.
13/03/2026 12:18:59: <119>vaz joined the channel.
13/03/2026 12:19:56: <409>Ze left the channel.
13/03/2026 12:23:46: ************** Channel was created.
13/03/2026 12:26:55: <409>Ze joined the channel.
13/03/2026 12:27:12: <119>vaz joined the channel.
13/03/2026 12:46:28: ************** Channel was created.
13/03/2026 12:46:34: <409>Ze joined the channel.
13/03/2026 12:46:46: <119>vaz joined the channel.
13/03/2026 12:55:44: ************** Channel was created.
13/03/2026 12:56:40: <409>Ze joined the channel.
13/03/2026 12:56:45: <119>vaz joined the channel.
13/03/2026 12:58:51: <409>Ze left the channel.
13/03/2026 13:04:55: ************** Channel was created.
13/03/2026 13:05:02: <409>Ze joined the channel.
13/03/2026 13:05:10: <119>vaz joined the channel.
13/03/2026 13:18:24: ************** Channel was created.
13/03/2026 13:18:28: <409>Ze joined the channel.
13/03/2026 13:18:34: <119>vaz joined the channel.
13/03/2026 13:23:21: ************** Channel was created.
13/03/2026 13:23:23: <409>Ze joined the channel.
13/03/2026 13:23:30: <119>vaz joined the channel.
13/03/2026 13:30:08: ************** Channel was created.
13/03/2026 13:30:12: <409>Ze joined the channel.
13/03/2026 13:30:15: <119>vaz joined the channel.
13/03/2026 13:38:07: ************** Channel was created.
13/03/2026 13:40:38: ************** Channel was created.
13/03/2026 13:40:42: <409>Ze joined the channel.
13/03/2026 13:40:46: <119>vaz joined the channel.
13/03/2026 14:51:07: ************** Channel was created.
13/03/2026 15:24:19: <119>vaz joined the channel.
13/03/2026 15:24:35: <119>vaz left the channel.
13/03/2026 15:48:57: ************** Channel was created.
13/03/2026 15:49:15: <413>facetester joined the channel.
13/03/2026 15:55:18: <119>vaz joined the channel.
13/03/2026 15:57:20: <119>vaz left the channel.
13/03/2026 16:07:44: ************** Channel was created.
13/03/2026 16:07:47: <119>Vaz joined the channel.
13/03/2026 16:10:21: ************** Channel was created.
13/03/2026 16:10:28: <119>Vaz joined the channel.
13/03/2026 16:14:32: <119>Vaz left the channel.
13/03/2026 18:51:06: ************** Channel was created.
13/03/2026 18:52:19: <119>Vaz joined the channel.
14/03/2026 00:46:13: ************** Channel was created.
14/03/2026 00:46:15: <119>Sonhador joined the channel.
14/03/2026 00:53:42: <119>vaz left the channel.
14/03/2026 16:29:48: ************** Channel was created.
14/03/2026 16:29:52: <119>vaz joined the channel.
14/03/2026 17:24:35: ************** Channel was created.
14/03/2026 17:24:37: <119>Sonhador joined the channel.
14/03/2026 18:15:01: ************** Channel was created.
14/03/2026 18:15:51: <119>Sonhador joined the channel.
14/03/2026 18:27:43: ************** Channel was created.
14/03/2026 18:29:11: <119>Sonhador joined the channel.
14/03/2026 18:44:10: ************** Channel was created.
14/03/2026 18:44:12: <119>Sonhador joined the channel.
15/03/2026 04:12:02: ************** Channel was created.
15/03/2026 04:12:15: <119>Sonhador joined the channel.
15/03/2026 04:18:50: ************** Channel was created.
15/03/2026 04:19:03: <119>Sonhador joined the channel.
15/03/2026 04:28:00: ************** Channel was created.
15/03/2026 04:30:41: <119>Sonhador joined the channel.
15/03/2026 04:44:47: ************** Channel was created.
15/03/2026 04:44:53: <119>Sonhador joined the channel.
15/03/2026 05:36:51: ************** Channel was created.
15/03/2026 05:37:06: <119>Sonhador joined the channel.
15/03/2026 05:52:09: ************** Channel was created.
15/03/2026 05:52:14: <119>Sonhador joined the channel.
15/03/2026 06:04:45: ************** Channel was created.
15/03/2026 06:04:56: <119>Sonhador joined the channel.
15/03/2026 09:09:30: <119>Sonhador left the channel.
15/03/2026 13:17:58: ************** Channel was created.
15/03/2026 13:18:01: <119>Sonhador joined the channel.
15/03/2026 13:28:48: ************** Channel was created.
15/03/2026 13:28:54: <119>Sonhador joined the channel.
15/03/2026 13:40:54: ************** Channel was created.
15/03/2026 13:40:57: <119>Sonhador joined the channel.
15/03/2026 13:56:25: ************** Channel was created.
15/03/2026 13:56:27: <119>Sonhador joined the channel.
15/03/2026 13:59:28: ************** Channel was created.
15/03/2026 13:59:31: <119>Sonhador joined the channel.
15/03/2026 14:05:26: ************** Channel was created.
15/03/2026 14:05:31: <119>Sonhador joined the channel.
15/03/2026 15:12:52: ************** Channel was created.
15/03/2026 15:12:56: <119>Sonhador joined the channel.
15/03/2026 16:05:08: ************** Channel was created.
15/03/2026 16:05:39: <119>Sonhador joined the channel.
15/03/2026 16:09:54: ************** Channel was created.
15/03/2026 16:10:32: <119>Sonhador joined the channel.
15/03/2026 16:53:57: ************** Channel was created.
15/03/2026 16:54:00: <119>Sonhador joined the channel.
15/03/2026 17:35:10: ************** Channel was created.
15/03/2026 17:35:24: <119>Sonhador joined the channel.
15/03/2026 18:06:00: ************** Channel was created.
15/03/2026 18:07:01: <119>Sonhador joined the channel.
16/03/2026 06:16:45: ************** Channel was created.
16/03/2026 06:16:56: <119>Sonhador joined the channel.
16/03/2026 10:17:38: <119>Vaz left the channel.
16/03/2026 13:17:40: ************** Channel was created.
16/03/2026 13:17:43: <119>Vaz joined the channel.
16/03/2026 13:22:40: <409>Ze joined the channel.
16/03/2026 14:14:56: ************** Channel was created.
16/03/2026 14:15:00: <119>Vaz joined the channel.
16/03/2026 14:15:57: <409>Ze joined the channel.
16/03/2026 14:27:57: ************** Channel was created.
16/03/2026 14:28:01: <409>Ze joined the channel.
16/03/2026 14:28:11: <119>Vaz joined the channel.
16/03/2026 14:31:43: ************** Channel was created.
16/03/2026 14:31:46: <119>Vaz joined the channel.
16/03/2026 14:31:53: <409>Ze joined the channel.
16/03/2026 14:35:53: ************** Channel was created.
16/03/2026 14:35:56: <119>Vaz joined the channel.
16/03/2026 15:03:50: ************** Channel was created.
16/03/2026 15:03:57: <119>Vaz joined the channel.
16/03/2026 15:04:07: <409>Ze joined the channel.
16/03/2026 15:54:30: ************** Channel was created.
16/03/2026 15:54:35: <413>testervaz joined the channel.
16/03/2026 15:55:33: <413>testervaz left the channel.
16/03/2026 16:32:41: ************** Channel was created.
16/03/2026 16:32:59: <412>Joao joined the channel.
16/03/2026 16:33:20: <412>Joao left the channel.
16/03/2026 16:36:14: ************** Channel was created.
16/03/2026 16:36:35: <415>tester joined the channel.
16/03/2026 16:37:01: <119>Vaz joined the channel.
16/03/2026 16:40:31: <415>tester left the channel.
16/03/2026 17:06:31: ************** Channel was created.
16/03/2026 17:06:34: <415>tester joined the channel.
16/03/2026 17:21:48: ************** Channel was created.
16/03/2026 17:22:10: <119>Vaz joined the channel.
16/03/2026 17:23:33: <415>amlia joined the channel.
16/03/2026 17:23:41: <415>amlia left the channel.
16/03/2026 17:30:28: ************** Channel was created.
16/03/2026 17:30:31: <119>Vaz joined the channel.
16/03/2026 17:32:20: <119>Vaz left the channel.
17/03/2026 03:04:27: ************** Channel was created.
17/03/2026 03:10:54: <119>Vaz joined the channel.
17/03/2026 05:36:19: ************** Channel was created.
17/03/2026 05:36:29: <119>Vaz joined the channel.
17/03/2026 06:08:57: ************** Channel was created.
17/03/2026 06:09:09: <119>Vaz joined the channel.
17/03/2026 06:19:44: ************** Channel was created.
17/03/2026 06:19:51: <119>Vaz joined the channel.
17/03/2026 06:28:31: ************** Channel was created.
17/03/2026 06:28:58: <119>Vaz joined the channel.
17/03/2026 06:29:33: <412>Joao joined the channel.
17/03/2026 06:29:46: <412>Joao left the channel.
17/03/2026 13:20:11: ************** Channel was created.
17/03/2026 13:20:18: <119>Vaz joined the channel.
17/03/2026 14:06:50: ************** Channel was created.
17/03/2026 14:07:19: <119>Vaz joined the channel.
17/03/2026 14:14:45: ************** Channel was created.
17/03/2026 14:17:56: <119>Vaz joined the channel.
17/03/2026 14:26:59: ************** Channel was created.
17/03/2026 15:22:01: <119>Vaz joined the channel.
17/03/2026 15:25:38: ************** Channel was created.
17/03/2026 15:25:41: <119>Vaz joined the channel.
17/03/2026 16:29:47: ************** Channel was created.
17/03/2026 16:29:52: <119>Vaz joined the channel.
17/03/2026 16:33:40: ************** Channel was created.
17/03/2026 16:33:46: <119>Vaz joined the channel.
17/03/2026 16:35:30: ************** Channel was created.
17/03/2026 16:35:37: <119>Vaz joined the channel.
17/03/2026 16:39:15: ************** Channel was created.
17/03/2026 16:39:20: <119>Vaz joined the channel.
17/03/2026 16:40:19: <119>Vaz left the channel.
18/03/2026 07:22:22: ************** Channel was created.
18/03/2026 07:23:45: <119>Vaz joined the channel.
18/03/2026 07:34:20: <409>Ze joined the channel.
18/03/2026 09:12:55: ************** Channel was created.
18/03/2026 09:15:47: ************** Channel was created.
18/03/2026 16:29:32: ************** Channel was created.
18/03/2026 16:31:22: <119>Vaz joined the channel.
18/03/2026 16:31:37: <409>Ze joined the channel.
18/03/2026 17:01:35: <119>Vaz left the channel.
18/03/2026 17:27:31: ************** Channel was created.
18/03/2026 17:27:38: <119>Vaz joined the channel.
18/03/2026 17:34:25: ************** Channel was created.
18/03/2026 17:34:34: <119>Vaz joined the channel.
18/03/2026 17:56:56: ************** Channel was created.
18/03/2026 17:56:59: <119>Vaz joined the channel.
18/03/2026 18:08:35: ************** Channel was created.
18/03/2026 18:08:38: <119>Vaz joined the channel.
18/03/2026 18:12:38: ************** Channel was created.
18/03/2026 18:12:47: <119>Vaz joined the channel.
18/03/2026 18:20:03: ************** Channel was created.
18/03/2026 18:43:38: ************** Channel was created.
18/03/2026 18:44:08: <119>Vaz joined the channel.
18/03/2026 18:46:35: ************** Channel was created.
18/03/2026 18:46:40: <119>Vaz joined the channel.
18/03/2026 19:18:18: ************** Channel was created.
18/03/2026 19:18:22: <119>Vaz joined the channel.
18/03/2026 19:24:23: ************** Channel was created.
18/03/2026 19:24:27: <119>Vaz joined the channel.
18/03/2026 19:49:07: ************** Channel was created.
18/03/2026 19:49:09: <119>Vaz joined the channel.
18/03/2026 19:55:14: <415>tester joined the channel.
18/03/2026 21:20:59: ************** Channel was created.
18/03/2026 21:21:01: <119>Vaz joined the channel.
18/03/2026 21:44:08: ************** Channel was created.
18/03/2026 21:44:10: <119>Vaz joined the channel.
18/03/2026 21:55:42: ************** Channel was created.
18/03/2026 21:55:48: <119>Vaz joined the channel.
18/03/2026 22:42:48: ************** Channel was created.
18/03/2026 22:43:02: <119>Vaz joined the channel.
18/03/2026 23:05:04: ************** Channel was created.
18/03/2026 23:07:27: <119>Vaz joined the channel.
18/03/2026 23:20:10: ************** Channel was created.
18/03/2026 23:20:21: <119>Vaz joined the channel.
18/03/2026 23:28:45: ************** Channel was created.
18/03/2026 23:39:17: <119>Vaz joined the channel.
18/03/2026 23:41:31: <409>Ze joined the channel.
19/03/2026 01:32:13: ************** Channel was created.
19/03/2026 01:32:17: <119>Vaz joined the channel.
19/03/2026 01:52:47: <409>Ze joined the channel.
19/03/2026 02:29:50: ************** Channel was created.
19/03/2026 02:29:53: <119>Vaz joined the channel.
19/03/2026 02:41:51: <409>Ze joined the channel.
19/03/2026 02:53:55: ************** Channel was created.
19/03/2026 03:24:15: ************** Channel was created.
19/03/2026 03:24:20: <119>Vaz joined the channel.
19/03/2026 03:24:55: <409>Ze joined the channel.
19/03/2026 03:55:49: ************** Channel was created.
19/03/2026 03:55:56: <119>Vaz joined the channel.
19/03/2026 04:12:05: ************** Channel was created.
19/03/2026 04:12:11: <119>Vaz joined the channel.
19/03/2026 04:29:48: <409>Ze joined the channel.
19/03/2026 05:54:49: ************** Channel was created.
19/03/2026 05:54:52: <119>Vaz joined the channel.
19/03/2026 05:59:53: <409>Ze joined the channel.
19/03/2026 06:03:25: ************** Channel was created.
19/03/2026 06:05:16: ************** Channel was created.
19/03/2026 06:05:20: <119>Vaz joined the channel.
19/03/2026 06:06:42: <409>Ze joined the channel.
19/03/2026 06:18:15: ************** Channel was created.
19/03/2026 06:18:19: <409>Ze joined the channel.
19/03/2026 06:18:41: <119>Vaz joined the channel.
19/03/2026 10:05:30: <119>Vaz left the channel.
19/03/2026 17:04:17: ************** Channel was created.
19/03/2026 17:04:55: <119>Vaz joined the channel.
19/03/2026 20:19:32: ************** Channel was created.
19/03/2026 20:19:36: <412>Joao joined the channel.
19/03/2026 20:19:39: <412>Joao left the channel.
19/03/2026 20:54:26: ************** Channel was created.
19/03/2026 20:54:41: <119>Vaz joined the channel.
19/03/2026 20:54:50: <412>Angela joined the channel.
19/03/2026 20:54:55: <413>Joao joined the channel.
19/03/2026 23:33:57: ************** Channel was created.
19/03/2026 23:34:04: <412>Angela joined the channel.
19/03/2026 23:34:09: <413>Joao joined the channel.
19/03/2026 23:37:20: <119>Vaz joined the channel.
19/03/2026 23:48:33: ************** Channel was created.
19/03/2026 23:50:41: <413>Joao joined the channel.
19/03/2026 23:50:47: <415>tester joined the channel.
19/03/2026 23:52:25: <119>Vaz joined the channel.
20/03/2026 00:08:33: ************** Channel was created.
20/03/2026 00:09:07: <413>Joao joined the channel.
20/03/2026 00:09:16: <415>Sonhador joined the channel.
20/03/2026 00:14:51: <119>Vaz joined the channel.
20/03/2026 03:34:46: ************** Channel was created.
20/03/2026 03:34:53: <119>Vaz joined the channel.
20/03/2026 15:33:46: ************** Channel was created.
20/03/2026 15:33:49: <119>Vaz joined the channel.
20/03/2026 15:41:59: <409>Ze joined the channel.
20/03/2026 15:58:03: ************** Channel was created.
20/03/2026 16:04:46: <119>Vaz joined the channel.
20/03/2026 16:13:33: ************** Channel was created.
20/03/2026 16:14:44: <119>Vaz joined the channel.
20/03/2026 16:22:21: <119>Vaz left the channel.
20/03/2026 16:30:27: ************** Channel was created.
20/03/2026 16:30:53: <119>Vaz joined the channel.
20/03/2026 16:35:05: <409>Ze joined the channel.
20/03/2026 16:54:47: ************** Channel was created.
20/03/2026 16:54:50: <119>Vaz joined the channel.
22/03/2026 06:14:38: ************** Channel was created.
22/03/2026 06:22:19: <119>Vaz joined the channel.
22/03/2026 07:28:20: ************** Channel was created.
22/03/2026 07:30:07: ************** Channel was created.
22/03/2026 07:35:54: ************** Channel was created.
22/03/2026 07:35:59: <119>Vaz joined the channel.
22/03/2026 07:52:36: ************** Channel was created.
22/03/2026 07:52:41: <119>Vaz joined the channel.
22/03/2026 08:05:32: <119>Vaz left the channel.
22/03/2026 08:31:13: ************** Channel was created.
22/03/2026 08:31:17: <119>Vaz joined the channel.
22/03/2026 13:56:43: ************** Channel was created.
22/03/2026 13:56:51: <119>Vaz joined the channel.
22/03/2026 23:22:03: ************** Channel was created.
22/03/2026 23:24:24: ************** Channel was created.
22/03/2026 23:24:30: <119>Vaz joined the channel.
23/03/2026 04:49:22: ************** Channel was created.
23/03/2026 04:49:25: <119>Vaz joined the channel.
23/03/2026 04:58:06: ************** Channel was created.
23/03/2026 04:58:09: <119>Vaz joined the channel.
23/03/2026 12:43:18: ************** Channel was created.
23/03/2026 12:43:31: <119>Vaz joined the channel.
23/03/2026 13:26:31: ************** Channel was created.
23/03/2026 13:26:35: <119>Vaz joined the channel.
23/03/2026 13:31:52: <409>Ze joined the channel.
23/03/2026 14:42:51: ************** Channel was created.
23/03/2026 17:38:35: ************** Channel was created.
23/03/2026 17:38:39: <119>Vaz joined the channel.
23/03/2026 20:11:01: ************** Channel was created.
23/03/2026 20:11:22: <119>Vaz joined the channel.
23/03/2026 20:21:37: ************** Channel was created.
23/03/2026 20:22:13: ************** Channel was created.
23/03/2026 20:22:41: <119>Vaz joined the channel.
23/03/2026 20:24:47: ************** Channel was created.
23/03/2026 20:24:50: <119>Vaz joined the channel.
23/03/2026 20:36:48: ************** Channel was created.
23/03/2026 20:36:52: <119>Vaz joined the channel.
23/03/2026 21:15:03: ************** Channel was created.
23/03/2026 21:15:10: <119>Vaz joined the channel.
24/03/2026 00:20:40: <413>Joao joined the channel.
24/03/2026 00:28:05: <119>Vaz left the channel.
24/03/2026 00:33:09: ************** Channel was created.
24/03/2026 00:33:12: <119>Vaz joined the channel.
24/03/2026 01:02:40: ************** Channel was created.
24/03/2026 01:02:46: <119>Vaz joined the channel.
24/03/2026 01:10:11: ************** Channel was created.
24/03/2026 01:21:03: <119>Vaz joined the channel.
24/03/2026 01:28:57: ************** Channel was created.
24/03/2026 01:29:01: <119>Vaz joined the channel.
24/03/2026 01:30:53: <413>Joao joined the channel.
24/03/2026 02:43:47: ************** Channel was created.
24/03/2026 02:43:52: <119>Vaz joined the channel.
24/03/2026 02:45:32: <413>Joao joined the channel.
24/03/2026 06:06:59: ************** Channel was created.
24/03/2026 06:13:25: ************** Channel was created.
24/03/2026 06:13:33: <119>Vaz joined the channel.
24/03/2026 06:37:12: ************** Channel was created.
24/03/2026 06:37:16: <119>Vaz joined the channel.
24/03/2026 06:41:03: <413>Joao joined the channel.
24/03/2026 12:51:02: ************** Channel was created.
24/03/2026 12:51:34: <119>Vaz joined the channel.
24/03/2026 12:52:22: <413>Joao joined the channel.
24/03/2026 15:27:14: ************** Channel was created.
24/03/2026 15:27:19: <119>Vaz joined the channel.
24/03/2026 15:27:33: <413>Joao joined the channel.
24/03/2026 15:43:54: ************** Channel was created.
24/03/2026 15:43:59: <119>Vaz joined the channel.
24/03/2026 15:44:08: <413>Joao joined the channel.
24/03/2026 15:53:11: ************** Channel was created.
24/03/2026 15:53:14: <119>Vaz joined the channel.
24/03/2026 15:53:27: <413>Joao joined the channel.
24/03/2026 16:07:11: ************** Channel was created.
24/03/2026 16:07:33: <119>Vaz joined the channel.
24/03/2026 16:08:07: <413>Joao joined the channel.
24/03/2026 16:19:16: ************** Channel was created.
24/03/2026 16:20:17: <119>Vaz joined the channel.
24/03/2026 16:20:27: <413>Joao joined the channel.
24/03/2026 16:50:12: ************** Channel was created.
24/03/2026 16:50:29: <119>Vaz joined the channel.
24/03/2026 16:51:12: <119>Vaz left the channel.
24/03/2026 16:55:13: ************** Channel was created.
24/03/2026 16:55:15: <119>Vaz joined the channel.
24/03/2026 17:13:14: <413>Joao joined the channel.
24/03/2026 17:38:05: ************** Channel was created.
24/03/2026 17:38:08: <413>Joao joined the channel.
24/03/2026 17:38:16: <413>Joao left the channel.
24/03/2026 17:48:08: ************** Channel was created.
24/03/2026 17:48:11: <413>Joao joined the channel.
24/03/2026 17:51:00: <413>Zezin left the channel.
24/03/2026 18:20:45: ************** Channel was created.
24/03/2026 18:20:51: <119>Vaz joined the channel.
24/03/2026 18:21:00: <413>Joao joined the channel.
24/03/2026 18:21:04: <413>Joao left the channel.
24/03/2026 18:37:34: ************** Channel was created.
24/03/2026 18:37:40: <413>Joao joined the channel.
24/03/2026 18:37:47: <119>Vaz joined the channel.
24/03/2026 18:38:53: <413>Joao left the channel.
24/03/2026 18:52:29: ************** Channel was created.
24/03/2026 18:53:04: ************** Channel was created.
24/03/2026 19:00:19: ************** Channel was created.
24/03/2026 19:00:22: <119>Vaz joined the channel.
24/03/2026 19:03:30: <413>Joao joined the channel.
24/03/2026 19:12:17: <119>Vaz left the channel.
24/03/2026 19:34:34: ************** Channel was created.
24/03/2026 19:34:46: <119>Vaz joined the channel.
24/03/2026 20:13:30: ************** Channel was created.
24/03/2026 21:29:59: <119>Vaz joined the channel.
24/03/2026 22:24:18: <119>Vaz left the channel.
25/03/2026 13:34:24: ************** Channel was created.
25/03/2026 13:34:35: <119>Vaz joined the channel.
25/03/2026 13:35:53: <119>Vaz left the channel.
25/03/2026 15:02:42: ************** Channel was created.
25/03/2026 15:02:45: <119>Vaz joined the channel.
25/03/2026 15:32:35: ************** Channel was created.
25/03/2026 15:43:10: ************** Channel was created.
25/03/2026 15:43:12: <119>Vaz joined the channel.
25/03/2026 15:46:51: ************** Channel was created.
25/03/2026 15:47:55: <119>Vaz joined the channel.
25/03/2026 15:50:47: ************** Channel was created.
25/03/2026 15:50:52: <119>Vaz joined the channel.
25/03/2026 15:52:52: ************** Channel was created.
25/03/2026 15:52:54: <119>Vaz joined the channel.
25/03/2026 15:55:03: ************** Channel was created.
25/03/2026 15:55:05: <119>Vaz joined the channel.
26/03/2026 17:56:11: ************** Channel was created.
26/03/2026 17:56:29: <119>Vaz joined the channel.
26/03/2026 20:24:28: <119>Vaz left the channel.
26/03/2026 20:25:03: ************** Channel was created.
26/03/2026 20:25:20: <119>Vaz joined the channel.
26/03/2026 20:27:00: <119>Vaz left the channel.
27/03/2026 01:23:54: ************** Channel was created.
27/03/2026 01:23:59: <119>Vaz joined the channel.
27/03/2026 01:24:54: <119>Vaz left the channel.
27/03/2026 01:40:22: ************** Channel was created.
27/03/2026 01:40:28: <119>Vaz joined the channel.
27/03/2026 01:41:05: <409>Ze joined the channel.
27/03/2026 01:44:33: <409>Sonhador left the channel.
27/03/2026 02:53:06: ************** Channel was created.
27/03/2026 02:53:09: <119>The Vaz joined the channel.
27/03/2026 02:55:18: <119>The Vaz left the channel.
27/03/2026 03:06:34: ************** Channel was created.
27/03/2026 03:06:38: <119>The Vaz joined the channel.
27/03/2026 03:07:28: <119>The Vaz left the channel.
27/03/2026 03:53:08: ************** Channel was created.
27/03/2026 03:53:17: <119>The Vaz joined the channel.
27/03/2026 03:55:48: <119>The Vaz left the channel.
27/03/2026 06:53:25: ************** Channel was created.
27/03/2026 06:53:31: <119>The Vaz joined the channel.
27/03/2026 07:03:31: <119>The Vaz left the channel.
27/03/2026 07:05:30: ************** Channel was created.
27/03/2026 07:05:33: <119>The Vaz joined the channel.
27/03/2026 07:09:55: <119>The Vaz left the channel.
27/03/2026 14:08:54: ************** Channel was created.
27/03/2026 15:00:02: ************** Channel was created.
27/03/2026 15:00:48: <119>The Vaz joined the channel.
27/03/2026 15:01:40: ************** Channel was created.
27/03/2026 15:01:44: <119>The Vaz joined the channel.
27/03/2026 15:16:41: ************** Channel was created.
27/03/2026 15:16:56: <119>The Vaz joined the channel.
