##############################
Log started on 15/03/2026 04:12:01

##############################
Log started on 15/03/2026 04:18:49

15/03/2026 04:20:38: 127.0.0.1: Owner 0x77 "Sonhador" ('vaz') used command 'props '
##############################
Log started on 15/03/2026 04:27:58

15/03/2026 04:30:50: 127.0.0.1: Owner 0x77 "Sonhador" ('vaz') used command 'props '
15/03/2026 04:31:13: 127.0.0.1: Owner 0x77 "Sonhador" ('vaz') set property 'FaceItemID' of 0x77 "Sonhador" ('vaz') to '0'
15/03/2026 04:31:37: 127.0.0.1: Owner 0x77 "Sonhador" ('vaz') used command 'save '
##############################
Log started on 15/03/2026 04:44:46

##############################
Log started on 15/03/2026 05:36:50

##############################
Log started on 15/03/2026 05:52:08

##############################
Log started on 15/03/2026 06:04:44

##############################
Log started on 15/03/2026 13:17:57

##############################
Log started on 15/03/2026 13:28:47

##############################
Log started on 15/03/2026 13:40:54

##############################
Log started on 15/03/2026 13:56:25

##############################
Log started on 15/03/2026 13:59:28

##############################
Log started on 15/03/2026 14:05:26

##############################
Log started on 15/03/2026 15:12:51

##############################
Log started on 15/03/2026 16:05:07

##############################
Log started on 15/03/2026 16:09:54

##############################
Log started on 15/03/2026 16:53:56

##############################
Log started on 15/03/2026 17:35:09

##############################
Log started on 15/03/2026 18:05:58

